2026-09-12 00:32:48,017 INFO:main.py:240:print_splash_screen:PDB2PQR v3.6.1: biomolecular structure conversion software.
2026-09-12 00:32:48,017 INFO:main.py:242:print_splash_screen:Please cite:  Jurrus E, et al.  Improvements to the APBS biomolecular solvation software suite.  Protein Sci 27 112-128 (2018).
2026-09-12 00:32:48,017 INFO:main.py:242:print_splash_screen:Please cite:  Dolinsky TJ, et al.  PDB2PQR: expanding and upgrading automated preparation of biomolecular structures for molecular simulations. Nucleic Acids Res 35 W522-W525 (2007).
2026-09-12 00:32:48,017 INFO:main.py:759:main_driver:Checking and transforming input arguments.
2026-09-12 00:32:48,018 INFO:main.py:763:main_driver:Loading topology files.
2026-09-12 00:32:48,062 INFO:main.py:765:main_driver:Loading molecule: structures/1M22_clean.pdb
2026-09-12 00:32:48,084 INFO:main.py:770:main_driver:Setting up molecule.
2026-09-12 00:32:48,095 INFO:main.py:408:setup_molecule:Created biomolecule object with 487 residues and 3649 atoms.
2026-09-12 00:32:48,095 INFO:main.py:774:main_driver:Setting termini states for biomolecule chains.
2026-09-12 00:32:48,102 WARNING:biomolecule.py:615:update_bonds:Gap in backbone detected between SER A 463 and ASP A 467!
2026-09-12 00:32:48,103 INFO:main.py:604:non_trivial:Loading forcefield.
2026-09-12 00:32:48,113 INFO:main.py:608:non_trivial:Loading hydrogen topology definitions.
2026-09-12 00:32:48,117 WARNING:biomolecule.py:157:num_missing_heavy:Missing atom CG in residue ASP A 467
2026-09-12 00:32:48,117 WARNING:biomolecule.py:157:num_missing_heavy:Missing atom OD1 in residue ASP A 467
2026-09-12 00:32:48,118 WARNING:biomolecule.py:157:num_missing_heavy:Missing atom OD2 in residue ASP A 467
2026-09-12 00:32:48,118 WARNING:biomolecule.py:157:num_missing_heavy:Missing atom OXT in residue THR A 531
2026-09-12 00:32:48,119 WARNING:biomolecule.py:157:num_missing_heavy:Missing atom CG in residue ASP A 467
2026-09-12 00:32:48,119 WARNING:biomolecule.py:157:num_missing_heavy:Missing atom OD1 in residue ASP A 467
2026-09-12 00:32:48,119 WARNING:biomolecule.py:157:num_missing_heavy:Missing atom OD2 in residue ASP A 467
2026-09-12 00:32:48,119 WARNING:biomolecule.py:157:num_missing_heavy:Missing atom OXT in residue THR A 531
2026-09-12 00:32:48,119 INFO:main.py:618:non_trivial:Attempting to repair 4 missing atoms in biomolecule.
2026-09-12 00:32:48,121 WARNING:biomolecule.py:157:num_missing_heavy:Missing atom CG in residue ASP A 467
2026-09-12 00:32:48,121 WARNING:biomolecule.py:157:num_missing_heavy:Missing atom OD1 in residue ASP A 467
2026-09-12 00:32:48,121 WARNING:biomolecule.py:157:num_missing_heavy:Missing atom OD2 in residue ASP A 467
2026-09-12 00:32:48,122 WARNING:biomolecule.py:157:num_missing_heavy:Missing atom OXT in residue THR A 531
2026-09-12 00:32:48,123 INFO:biomolecule.py:1077:repair_heavy:Added atom CG to residue ASP A 467 at coordinates 10.537, -4.403, 51.749
2026-09-12 00:32:48,123 INFO:biomolecule.py:1077:repair_heavy:Added atom OD1 to residue ASP A 467 at coordinates 9.775, -3.480, 51.390
2026-09-12 00:32:48,123 INFO:biomolecule.py:1077:repair_heavy:Added atom OD2 to residue ASP A 467 at coordinates 10.158, -5.383, 52.408
2026-09-12 00:32:48,124 INFO:biomolecule.py:1077:repair_heavy:Added atom OXT to residue THR A 531 at coordinates 9.259, 27.755, 58.547
2026-09-12 00:32:48,124 INFO:main.py:623:non_trivial:Updating disulfide bridges.
2026-09-12 00:32:48,124 INFO:main.py:626:non_trivial:Debumping biomolecule.
2026-09-12 00:32:48,178 INFO:main.py:649:non_trivial:Adding hydrogens to biomolecule.
2026-09-12 00:32:48,409 INFO:main.py:652:non_trivial:Debumping biomolecule (again).
2026-09-12 00:32:48,691 INFO:main.py:654:non_trivial:Optimizing hydrogen bonds
2026-09-12 00:32:49,046 INFO:main.py:666:non_trivial:Applying force field to biomolecule states.
2026-09-12 00:32:49,051 INFO:main.py:713:non_trivial:Regenerating headers.
2026-09-12 00:32:49,052 INFO:main.py:738:non_trivial:Regenerating PDB lines.
2026-09-12 00:32:49,077 WARNING:main.py:311:print_pqr:Ignoring 391 header lines in output.
