2026-09-12 00:24:05,213 INFO:main.py:240:print_splash_screen:PDB2PQR v3.6.1: biomolecular structure conversion software.
2026-09-12 00:24:05,214 INFO:main.py:242:print_splash_screen:Please cite:  Jurrus E, et al.  Improvements to the APBS biomolecular solvation software suite.  Protein Sci 27 112-128 (2018).
2026-09-12 00:24:05,214 INFO:main.py:242:print_splash_screen:Please cite:  Dolinsky TJ, et al.  PDB2PQR: expanding and upgrading automated preparation of biomolecular structures for molecular simulations. Nucleic Acids Res 35 W522-W525 (2007).
2026-09-12 00:24:05,214 INFO:main.py:759:main_driver:Checking and transforming input arguments.
2026-09-12 00:24:05,215 INFO:main.py:763:main_driver:Loading topology files.
2026-09-12 00:24:05,262 INFO:main.py:765:main_driver:Loading molecule: structures/1PZ4_clean.pdb
2026-09-12 00:24:05,277 INFO:main.py:770:main_driver:Setting up molecule.
2026-09-12 00:24:05,281 INFO:main.py:408:setup_molecule:Created biomolecule object with 113 residues and 882 atoms.
2026-09-12 00:24:05,282 WARNING:main.py:418:setup_molecule:Multiple occupancies found: CB in SER A 18.
2026-09-12 00:24:05,282 WARNING:main.py:418:setup_molecule:Multiple occupancies found: OG in SER A 18.
2026-09-12 00:24:05,282 WARNING:main.py:424:setup_molecule:Multiple occupancies found in SER A 18. At least one of the instances is being ignored.
2026-09-12 00:24:05,282 WARNING:main.py:418:setup_molecule:Multiple occupancies found: CB in ASN A 43.
2026-09-12 00:24:05,282 WARNING:main.py:418:setup_molecule:Multiple occupancies found: CG in ASN A 43.
2026-09-12 00:24:05,282 WARNING:main.py:418:setup_molecule:Multiple occupancies found: OD1 in ASN A 43.
2026-09-12 00:24:05,282 WARNING:main.py:418:setup_molecule:Multiple occupancies found: ND2 in ASN A 43.
2026-09-12 00:24:05,283 WARNING:main.py:424:setup_molecule:Multiple occupancies found in ASN A 43. At least one of the instances is being ignored.
2026-09-12 00:24:05,283 WARNING:main.py:418:setup_molecule:Multiple occupancies found: CB in SER A 56.
2026-09-12 00:24:05,283 WARNING:main.py:418:setup_molecule:Multiple occupancies found: OG in SER A 56.
2026-09-12 00:24:05,283 WARNING:main.py:424:setup_molecule:Multiple occupancies found in SER A 56. At least one of the instances is being ignored.
2026-09-12 00:24:05,283 INFO:main.py:774:main_driver:Setting termini states for biomolecule chains.
2026-09-12 00:24:05,285 INFO:main.py:604:non_trivial:Loading forcefield.
2026-09-12 00:24:05,293 INFO:main.py:608:non_trivial:Loading hydrogen topology definitions.
2026-09-12 00:24:05,295 INFO:main.py:459:is_repairable:This biomolecule is clean.  No repair needed.
2026-09-12 00:24:05,295 INFO:main.py:623:non_trivial:Updating disulfide bridges.
2026-09-12 00:24:05,295 INFO:main.py:626:non_trivial:Debumping biomolecule.
2026-09-12 00:24:05,310 INFO:main.py:649:non_trivial:Adding hydrogens to biomolecule.
2026-09-12 00:24:05,367 INFO:main.py:652:non_trivial:Debumping biomolecule (again).
2026-09-12 00:24:05,434 INFO:main.py:654:non_trivial:Optimizing hydrogen bonds
2026-09-12 00:24:05,503 INFO:main.py:666:non_trivial:Applying force field to biomolecule states.
2026-09-12 00:24:05,505 INFO:main.py:713:non_trivial:Regenerating headers.
2026-09-12 00:24:05,506 INFO:main.py:738:non_trivial:Regenerating PDB lines.
2026-09-12 00:24:05,512 WARNING:main.py:311:print_pqr:Ignoring 391 header lines in output.
2026-09-12 00:30:21,650 INFO:main.py:240:print_splash_screen:PDB2PQR v3.6.1: biomolecular structure conversion software.
2026-09-12 00:30:21,650 INFO:main.py:242:print_splash_screen:Please cite:  Jurrus E, et al.  Improvements to the APBS biomolecular solvation software suite.  Protein Sci 27 112-128 (2018).
2026-09-12 00:30:21,650 INFO:main.py:242:print_splash_screen:Please cite:  Dolinsky TJ, et al.  PDB2PQR: expanding and upgrading automated preparation of biomolecular structures for molecular simulations. Nucleic Acids Res 35 W522-W525 (2007).
2026-09-12 00:30:21,650 INFO:main.py:759:main_driver:Checking and transforming input arguments.
2026-09-12 00:30:21,651 INFO:main.py:763:main_driver:Loading topology files.
2026-09-12 00:30:21,694 INFO:main.py:765:main_driver:Loading molecule: structures/1PZ4_clean.pdb
2026-09-12 00:30:21,708 INFO:main.py:770:main_driver:Setting up molecule.
2026-09-12 00:30:21,711 INFO:main.py:408:setup_molecule:Created biomolecule object with 113 residues and 882 atoms.
2026-09-12 00:30:21,711 WARNING:main.py:418:setup_molecule:Multiple occupancies found: CB in SER A 18.
2026-09-12 00:30:21,712 WARNING:main.py:418:setup_molecule:Multiple occupancies found: OG in SER A 18.
2026-09-12 00:30:21,712 WARNING:main.py:424:setup_molecule:Multiple occupancies found in SER A 18. At least one of the instances is being ignored.
2026-09-12 00:30:21,712 WARNING:main.py:418:setup_molecule:Multiple occupancies found: CB in ASN A 43.
2026-09-12 00:30:21,712 WARNING:main.py:418:setup_molecule:Multiple occupancies found: CG in ASN A 43.
2026-09-12 00:30:21,712 WARNING:main.py:418:setup_molecule:Multiple occupancies found: OD1 in ASN A 43.
2026-09-12 00:30:21,712 WARNING:main.py:418:setup_molecule:Multiple occupancies found: ND2 in ASN A 43.
2026-09-12 00:30:21,712 WARNING:main.py:424:setup_molecule:Multiple occupancies found in ASN A 43. At least one of the instances is being ignored.
2026-09-12 00:30:21,712 WARNING:main.py:418:setup_molecule:Multiple occupancies found: CB in SER A 56.
2026-09-12 00:30:21,712 WARNING:main.py:418:setup_molecule:Multiple occupancies found: OG in SER A 56.
2026-09-12 00:30:21,712 WARNING:main.py:424:setup_molecule:Multiple occupancies found in SER A 56. At least one of the instances is being ignored.
2026-09-12 00:30:21,713 INFO:main.py:774:main_driver:Setting termini states for biomolecule chains.
2026-09-12 00:30:21,714 INFO:main.py:604:non_trivial:Loading forcefield.
2026-09-12 00:30:21,723 INFO:main.py:608:non_trivial:Loading hydrogen topology definitions.
2026-09-12 00:30:21,726 INFO:main.py:459:is_repairable:This biomolecule is clean.  No repair needed.
2026-09-12 00:30:21,726 INFO:main.py:623:non_trivial:Updating disulfide bridges.
2026-09-12 00:30:21,726 INFO:main.py:626:non_trivial:Debumping biomolecule.
2026-09-12 00:30:21,742 INFO:main.py:649:non_trivial:Adding hydrogens to biomolecule.
2026-09-12 00:30:21,799 INFO:main.py:652:non_trivial:Debumping biomolecule (again).
2026-09-12 00:30:21,866 INFO:main.py:654:non_trivial:Optimizing hydrogen bonds
2026-09-12 00:30:21,938 INFO:main.py:666:non_trivial:Applying force field to biomolecule states.
2026-09-12 00:30:21,939 INFO:main.py:713:non_trivial:Regenerating headers.
2026-09-12 00:30:21,940 INFO:main.py:738:non_trivial:Regenerating PDB lines.
2026-09-12 00:30:21,947 WARNING:main.py:311:print_pqr:Ignoring 391 header lines in output.
