2026-09-12 00:30:37,804 INFO:main.py:240:print_splash_screen:PDB2PQR v3.6.1: biomolecular structure conversion software.
2026-09-12 00:30:37,804 INFO:main.py:242:print_splash_screen:Please cite:  Jurrus E, et al.  Improvements to the APBS biomolecular solvation software suite.  Protein Sci 27 112-128 (2018).
2026-09-12 00:30:37,804 INFO:main.py:242:print_splash_screen:Please cite:  Dolinsky TJ, et al.  PDB2PQR: expanding and upgrading automated preparation of biomolecular structures for molecular simulations. Nucleic Acids Res 35 W522-W525 (2007).
2026-09-12 00:30:37,805 INFO:main.py:759:main_driver:Checking and transforming input arguments.
2026-09-12 00:30:37,806 INFO:main.py:763:main_driver:Loading topology files.
2026-09-12 00:30:37,850 INFO:main.py:765:main_driver:Loading molecule: structures/1U53_clean.pdb
2026-09-12 00:30:37,913 INFO:main.py:770:main_driver:Setting up molecule.
2026-09-12 00:30:37,918 INFO:main.py:408:setup_molecule:Created biomolecule object with 193 residues and 1446 atoms.
2026-09-12 00:30:37,919 INFO:main.py:774:main_driver:Setting termini states for biomolecule chains.
2026-09-12 00:30:37,922 INFO:main.py:604:non_trivial:Loading forcefield.
2026-09-12 00:30:37,929 INFO:main.py:608:non_trivial:Loading hydrogen topology definitions.
2026-09-12 00:30:37,932 WARNING:biomolecule.py:157:num_missing_heavy:Missing atom CG in residue GLU A -1
2026-09-12 00:30:37,932 WARNING:biomolecule.py:157:num_missing_heavy:Missing atom CD in residue GLU A -1
2026-09-12 00:30:37,932 WARNING:biomolecule.py:157:num_missing_heavy:Missing atom OE1 in residue GLU A -1
2026-09-12 00:30:37,932 WARNING:biomolecule.py:157:num_missing_heavy:Missing atom OE2 in residue GLU A -1
2026-09-12 00:30:37,933 WARNING:biomolecule.py:157:num_missing_heavy:Missing atom CG in residue GLU A -1
2026-09-12 00:30:37,933 WARNING:biomolecule.py:157:num_missing_heavy:Missing atom CD in residue GLU A -1
2026-09-12 00:30:37,933 WARNING:biomolecule.py:157:num_missing_heavy:Missing atom OE1 in residue GLU A -1
2026-09-12 00:30:37,933 WARNING:biomolecule.py:157:num_missing_heavy:Missing atom OE2 in residue GLU A -1
2026-09-12 00:30:37,934 INFO:main.py:618:non_trivial:Attempting to repair 4 missing atoms in biomolecule.
2026-09-12 00:30:37,934 WARNING:biomolecule.py:157:num_missing_heavy:Missing atom CG in residue GLU A -1
2026-09-12 00:30:37,934 WARNING:biomolecule.py:157:num_missing_heavy:Missing atom CD in residue GLU A -1
2026-09-12 00:30:37,934 WARNING:biomolecule.py:157:num_missing_heavy:Missing atom OE1 in residue GLU A -1
2026-09-12 00:30:37,935 WARNING:biomolecule.py:157:num_missing_heavy:Missing atom OE2 in residue GLU A -1
2026-09-12 00:30:37,935 INFO:biomolecule.py:1077:repair_heavy:Added atom CG to residue GLU A -1 at coordinates -1.665, 6.617, 11.454
2026-09-12 00:30:37,936 INFO:biomolecule.py:1077:repair_heavy:Added atom CD to residue GLU A -1 at coordinates -2.012, 5.535, 10.480
2026-09-12 00:30:37,936 INFO:biomolecule.py:1077:repair_heavy:Added atom OE1 to residue GLU A -1 at coordinates -1.441, 5.377, 9.409
2026-09-12 00:30:37,936 INFO:biomolecule.py:1077:repair_heavy:Added atom OE2 to residue GLU A -1 at coordinates -2.954, 4.821, 10.876
2026-09-12 00:30:37,936 INFO:main.py:623:non_trivial:Updating disulfide bridges.
2026-09-12 00:30:37,938 INFO:main.py:626:non_trivial:Debumping biomolecule.
2026-09-12 00:30:37,964 INFO:main.py:649:non_trivial:Adding hydrogens to biomolecule.
2026-09-12 00:30:38,054 INFO:main.py:652:non_trivial:Debumping biomolecule (again).
2026-09-12 00:30:38,187 INFO:main.py:654:non_trivial:Optimizing hydrogen bonds
2026-09-12 00:30:38,367 INFO:main.py:666:non_trivial:Applying force field to biomolecule states.
2026-09-12 00:30:38,369 INFO:main.py:713:non_trivial:Regenerating headers.
2026-09-12 00:30:38,370 INFO:main.py:738:non_trivial:Regenerating PDB lines.
2026-09-12 00:30:38,380 WARNING:main.py:311:print_pqr:Ignoring 390 header lines in output.
