2026-09-11 23:19:02,684 INFO:main.py:240:print_splash_screen:PDB2PQR v3.6.1: biomolecular structure conversion software.
2026-09-11 23:19:02,684 INFO:main.py:242:print_splash_screen:Please cite:  Jurrus E, et al.  Improvements to the APBS biomolecular solvation software suite.  Protein Sci 27 112-128 (2018).
2026-09-11 23:19:02,684 INFO:main.py:242:print_splash_screen:Please cite:  Dolinsky TJ, et al.  PDB2PQR: expanding and upgrading automated preparation of biomolecular structures for molecular simulations. Nucleic Acids Res 35 W522-W525 (2007).
2026-09-11 23:19:02,684 INFO:main.py:759:main_driver:Checking and transforming input arguments.
2026-09-11 23:19:02,685 INFO:main.py:763:main_driver:Loading topology files.
2026-09-11 23:19:02,730 INFO:main.py:765:main_driver:Loading molecule: structures/23TZ.pdb
2026-09-11 23:19:02,754 INFO:main.py:770:main_driver:Setting up molecule.
2026-09-11 23:19:02,757 WARNING:biomolecule.py:992:create_residue:Unable to find amino or nucleic acid definition for EDO.  Parsing as new residue.
2026-09-11 23:19:02,758 INFO:main.py:408:setup_molecule:Created biomolecule object with 161 residues and 1032 atoms.
2026-09-11 23:19:02,758 WARNING:main.py:418:setup_molecule:Multiple occupancies found: CA in ARG A 382.
2026-09-11 23:19:02,758 WARNING:main.py:418:setup_molecule:Multiple occupancies found: CB in ARG A 382.
2026-09-11 23:19:02,758 WARNING:main.py:418:setup_molecule:Multiple occupancies found: CG in ARG A 382.
2026-09-11 23:19:02,759 WARNING:main.py:418:setup_molecule:Multiple occupancies found: CD in ARG A 382.
2026-09-11 23:19:02,759 WARNING:main.py:418:setup_molecule:Multiple occupancies found: NE in ARG A 382.
2026-09-11 23:19:02,759 WARNING:main.py:418:setup_molecule:Multiple occupancies found: CZ in ARG A 382.
2026-09-11 23:19:02,759 WARNING:main.py:418:setup_molecule:Multiple occupancies found: NH1 in ARG A 382.
2026-09-11 23:19:02,759 WARNING:main.py:418:setup_molecule:Multiple occupancies found: NH2 in ARG A 382.
2026-09-11 23:19:02,759 WARNING:main.py:424:setup_molecule:Multiple occupancies found in ARG A 382. At least one of the instances is being ignored.
2026-09-11 23:19:02,759 INFO:main.py:774:main_driver:Setting termini states for biomolecule chains.
2026-09-11 23:19:02,761 INFO:main.py:604:non_trivial:Loading forcefield.
2026-09-11 23:19:02,770 INFO:main.py:608:non_trivial:Loading hydrogen topology definitions.
2026-09-11 23:19:02,772 INFO:main.py:459:is_repairable:This biomolecule is clean.  No repair needed.
2026-09-11 23:19:02,772 INFO:main.py:623:non_trivial:Updating disulfide bridges.
2026-09-11 23:19:02,772 INFO:main.py:626:non_trivial:Debumping biomolecule.
2026-09-11 23:19:02,788 INFO:main.py:649:non_trivial:Adding hydrogens to biomolecule.
2026-09-11 23:19:02,848 INFO:main.py:652:non_trivial:Debumping biomolecule (again).
2026-09-11 23:19:02,921 INFO:main.py:654:non_trivial:Optimizing hydrogen bonds
2026-09-11 23:19:03,114 WARNING:debump.py:354:get_closest_atom:Skipped atom during water optimization: H1 in HOH A 616 skipped when optimizing H1 in HOH A 618
2026-09-11 23:19:03,115 WARNING:debump.py:354:get_closest_atom:Skipped atom during water optimization: H1 in HOH A 617 skipped when optimizing H1 in HOH A 618
2026-09-11 23:19:03,117 WARNING:debump.py:354:get_closest_atom:Skipped atom during water optimization: H1 in HOH A 618 skipped when optimizing H2 in HOH A 616
2026-09-11 23:19:03,117 WARNING:debump.py:354:get_closest_atom:Skipped atom during water optimization: H1 in HOH A 618 skipped when optimizing H2 in HOH A 616
2026-09-11 23:19:03,121 WARNING:debump.py:354:get_closest_atom:Skipped atom during water optimization: H1 in HOH A 618 skipped when optimizing H2 in HOH A 616
2026-09-11 23:19:03,122 WARNING:debump.py:354:get_closest_atom:Skipped atom during water optimization: H1 in HOH A 618 skipped when optimizing H2 in HOH A 616
2026-09-11 23:19:03,122 WARNING:debump.py:354:get_closest_atom:Skipped atom during water optimization: H1 in HOH A 618 skipped when optimizing H2 in HOH A 616
2026-09-11 23:19:03,123 WARNING:debump.py:354:get_closest_atom:Skipped atom during water optimization: H1 in HOH A 618 skipped when optimizing H2 in HOH A 616
2026-09-11 23:19:03,124 WARNING:debump.py:354:get_closest_atom:Skipped atom during water optimization: H1 in HOH A 618 skipped when optimizing H2 in HOH A 616
2026-09-11 23:19:03,125 WARNING:io.py:40:filter:Suppressing further "Skipped atom during water optimization" messages
2026-09-11 23:19:03,251 INFO:main.py:666:non_trivial:Applying force field to biomolecule states.
2026-09-11 23:19:03,253 INFO:main.py:713:non_trivial:Regenerating headers.
2026-09-11 23:19:03,253 INFO:main.py:738:non_trivial:Regenerating PDB lines.
2026-09-11 23:19:03,260 WARNING:main.py:311:print_pqr:Ignoring 890 header lines in output.
2026-09-11 23:19:03,260 WARNING:main.py:315:print_pqr:Ignoring 4 missing lines in output.
2026-09-11 23:34:01,387 INFO:main.py:240:print_splash_screen:PDB2PQR v3.6.1: biomolecular structure conversion software.
2026-09-11 23:34:01,387 INFO:main.py:242:print_splash_screen:Please cite:  Jurrus E, et al.  Improvements to the APBS biomolecular solvation software suite.  Protein Sci 27 112-128 (2018).
2026-09-11 23:34:01,387 INFO:main.py:242:print_splash_screen:Please cite:  Dolinsky TJ, et al.  PDB2PQR: expanding and upgrading automated preparation of biomolecular structures for molecular simulations. Nucleic Acids Res 35 W522-W525 (2007).
2026-09-11 23:34:01,387 INFO:main.py:759:main_driver:Checking and transforming input arguments.
2026-09-11 23:34:01,388 INFO:main.py:763:main_driver:Loading topology files.
2026-09-11 23:34:01,431 INFO:main.py:765:main_driver:Loading molecule: structures/23TZ.pdb
2026-09-11 23:34:01,438 INFO:main.py:770:main_driver:Setting up molecule.
2026-09-11 23:34:01,442 WARNING:biomolecule.py:992:create_residue:Unable to find amino or nucleic acid definition for EDO.  Parsing as new residue.
2026-09-11 23:34:01,443 INFO:main.py:408:setup_molecule:Created biomolecule object with 161 residues and 1032 atoms.
2026-09-11 23:34:01,443 WARNING:main.py:418:setup_molecule:Multiple occupancies found: CA in ARG A 382.
2026-09-11 23:34:01,443 WARNING:main.py:418:setup_molecule:Multiple occupancies found: CB in ARG A 382.
2026-09-11 23:34:01,443 WARNING:main.py:418:setup_molecule:Multiple occupancies found: CG in ARG A 382.
2026-09-11 23:34:01,443 WARNING:main.py:418:setup_molecule:Multiple occupancies found: CD in ARG A 382.
2026-09-11 23:34:01,443 WARNING:main.py:418:setup_molecule:Multiple occupancies found: NE in ARG A 382.
2026-09-11 23:34:01,444 WARNING:main.py:418:setup_molecule:Multiple occupancies found: CZ in ARG A 382.
2026-09-11 23:34:01,444 WARNING:main.py:418:setup_molecule:Multiple occupancies found: NH1 in ARG A 382.
2026-09-11 23:34:01,444 WARNING:main.py:418:setup_molecule:Multiple occupancies found: NH2 in ARG A 382.
2026-09-11 23:34:01,444 WARNING:main.py:424:setup_molecule:Multiple occupancies found in ARG A 382. At least one of the instances is being ignored.
2026-09-11 23:34:01,444 INFO:main.py:774:main_driver:Setting termini states for biomolecule chains.
2026-09-11 23:34:01,446 INFO:main.py:604:non_trivial:Loading forcefield.
2026-09-11 23:34:01,453 INFO:main.py:608:non_trivial:Loading hydrogen topology definitions.
2026-09-11 23:34:01,456 INFO:main.py:459:is_repairable:This biomolecule is clean.  No repair needed.
2026-09-11 23:34:01,456 INFO:main.py:623:non_trivial:Updating disulfide bridges.
2026-09-11 23:34:01,456 INFO:main.py:626:non_trivial:Debumping biomolecule.
2026-09-11 23:34:01,473 INFO:main.py:649:non_trivial:Adding hydrogens to biomolecule.
2026-09-11 23:34:01,549 INFO:main.py:652:non_trivial:Debumping biomolecule (again).
2026-09-11 23:34:01,619 INFO:main.py:654:non_trivial:Optimizing hydrogen bonds
2026-09-11 23:34:01,809 WARNING:debump.py:354:get_closest_atom:Skipped atom during water optimization: H1 in HOH A 616 skipped when optimizing H1 in HOH A 618
2026-09-11 23:34:01,810 WARNING:debump.py:354:get_closest_atom:Skipped atom during water optimization: H1 in HOH A 617 skipped when optimizing H1 in HOH A 618
2026-09-11 23:34:01,811 WARNING:debump.py:354:get_closest_atom:Skipped atom during water optimization: H1 in HOH A 618 skipped when optimizing H2 in HOH A 616
2026-09-11 23:34:01,812 WARNING:debump.py:354:get_closest_atom:Skipped atom during water optimization: H1 in HOH A 618 skipped when optimizing H2 in HOH A 616
2026-09-11 23:34:01,816 WARNING:debump.py:354:get_closest_atom:Skipped atom during water optimization: H1 in HOH A 618 skipped when optimizing H2 in HOH A 616
2026-09-11 23:34:01,816 WARNING:debump.py:354:get_closest_atom:Skipped atom during water optimization: H1 in HOH A 618 skipped when optimizing H2 in HOH A 616
2026-09-11 23:34:01,817 WARNING:debump.py:354:get_closest_atom:Skipped atom during water optimization: H1 in HOH A 618 skipped when optimizing H2 in HOH A 616
2026-09-11 23:34:01,818 WARNING:debump.py:354:get_closest_atom:Skipped atom during water optimization: H1 in HOH A 618 skipped when optimizing H2 in HOH A 616
2026-09-11 23:34:01,819 WARNING:debump.py:354:get_closest_atom:Skipped atom during water optimization: H1 in HOH A 618 skipped when optimizing H2 in HOH A 616
2026-09-11 23:34:01,819 WARNING:io.py:40:filter:Suppressing further "Skipped atom during water optimization" messages
2026-09-11 23:34:01,933 INFO:main.py:666:non_trivial:Applying force field to biomolecule states.
2026-09-11 23:34:01,935 INFO:main.py:713:non_trivial:Regenerating headers.
2026-09-11 23:34:01,935 INFO:main.py:738:non_trivial:Regenerating PDB lines.
2026-09-11 23:34:01,942 WARNING:main.py:311:print_pqr:Ignoring 890 header lines in output.
2026-09-11 23:34:01,942 WARNING:main.py:315:print_pqr:Ignoring 4 missing lines in output.
2026-09-11 23:44:36,395 INFO:main.py:240:print_splash_screen:PDB2PQR v3.6.1: biomolecular structure conversion software.
2026-09-11 23:44:36,395 INFO:main.py:242:print_splash_screen:Please cite:  Jurrus E, et al.  Improvements to the APBS biomolecular solvation software suite.  Protein Sci 27 112-128 (2018).
2026-09-11 23:44:36,396 INFO:main.py:242:print_splash_screen:Please cite:  Dolinsky TJ, et al.  PDB2PQR: expanding and upgrading automated preparation of biomolecular structures for molecular simulations. Nucleic Acids Res 35 W522-W525 (2007).
2026-09-11 23:44:36,396 INFO:main.py:759:main_driver:Checking and transforming input arguments.
2026-09-11 23:44:36,397 INFO:main.py:763:main_driver:Loading topology files.
2026-09-11 23:44:36,441 INFO:main.py:765:main_driver:Loading molecule: structures/23TZ_clean.pdb
2026-09-11 23:44:36,459 INFO:main.py:770:main_driver:Setting up molecule.
2026-09-11 23:44:36,463 WARNING:biomolecule.py:992:create_residue:Unable to find amino or nucleic acid definition for EDO.  Parsing as new residue.
2026-09-11 23:44:36,463 INFO:main.py:408:setup_molecule:Created biomolecule object with 161 residues and 1032 atoms.
2026-09-11 23:44:36,464 WARNING:main.py:418:setup_molecule:Multiple occupancies found: CA in ARG A 382.
2026-09-11 23:44:36,464 WARNING:main.py:418:setup_molecule:Multiple occupancies found: CB in ARG A 382.
2026-09-11 23:44:36,464 WARNING:main.py:418:setup_molecule:Multiple occupancies found: CG in ARG A 382.
2026-09-11 23:44:36,464 WARNING:main.py:418:setup_molecule:Multiple occupancies found: CD in ARG A 382.
2026-09-11 23:44:36,464 WARNING:main.py:418:setup_molecule:Multiple occupancies found: NE in ARG A 382.
2026-09-11 23:44:36,464 WARNING:main.py:418:setup_molecule:Multiple occupancies found: CZ in ARG A 382.
2026-09-11 23:44:36,464 WARNING:main.py:418:setup_molecule:Multiple occupancies found: NH1 in ARG A 382.
2026-09-11 23:44:36,464 WARNING:main.py:418:setup_molecule:Multiple occupancies found: NH2 in ARG A 382.
2026-09-11 23:44:36,464 WARNING:main.py:424:setup_molecule:Multiple occupancies found in ARG A 382. At least one of the instances is being ignored.
2026-09-11 23:44:36,465 INFO:main.py:774:main_driver:Setting termini states for biomolecule chains.
2026-09-11 23:44:36,467 INFO:main.py:604:non_trivial:Loading forcefield.
2026-09-11 23:44:36,474 INFO:main.py:608:non_trivial:Loading hydrogen topology definitions.
2026-09-11 23:44:36,478 INFO:main.py:459:is_repairable:This biomolecule is clean.  No repair needed.
2026-09-11 23:44:36,478 INFO:main.py:623:non_trivial:Updating disulfide bridges.
2026-09-11 23:44:36,478 INFO:main.py:626:non_trivial:Debumping biomolecule.
2026-09-11 23:44:36,493 INFO:main.py:649:non_trivial:Adding hydrogens to biomolecule.
2026-09-11 23:44:36,554 INFO:main.py:652:non_trivial:Debumping biomolecule (again).
2026-09-11 23:44:36,628 INFO:main.py:654:non_trivial:Optimizing hydrogen bonds
2026-09-11 23:44:36,839 WARNING:debump.py:354:get_closest_atom:Skipped atom during water optimization: H1 in HOH A 616 skipped when optimizing H1 in HOH A 618
2026-09-11 23:44:36,839 WARNING:debump.py:354:get_closest_atom:Skipped atom during water optimization: H1 in HOH A 617 skipped when optimizing H1 in HOH A 618
2026-09-11 23:44:36,841 WARNING:debump.py:354:get_closest_atom:Skipped atom during water optimization: H1 in HOH A 618 skipped when optimizing H2 in HOH A 616
2026-09-11 23:44:36,842 WARNING:debump.py:354:get_closest_atom:Skipped atom during water optimization: H1 in HOH A 618 skipped when optimizing H2 in HOH A 616
2026-09-11 23:44:36,846 WARNING:debump.py:354:get_closest_atom:Skipped atom during water optimization: H1 in HOH A 618 skipped when optimizing H2 in HOH A 616
2026-09-11 23:44:36,847 WARNING:debump.py:354:get_closest_atom:Skipped atom during water optimization: H1 in HOH A 618 skipped when optimizing H2 in HOH A 616
2026-09-11 23:44:36,847 WARNING:debump.py:354:get_closest_atom:Skipped atom during water optimization: H1 in HOH A 618 skipped when optimizing H2 in HOH A 616
2026-09-11 23:44:36,848 WARNING:debump.py:354:get_closest_atom:Skipped atom during water optimization: H1 in HOH A 618 skipped when optimizing H2 in HOH A 616
2026-09-11 23:44:36,849 WARNING:debump.py:354:get_closest_atom:Skipped atom during water optimization: H1 in HOH A 618 skipped when optimizing H2 in HOH A 616
2026-09-11 23:44:36,850 WARNING:io.py:40:filter:Suppressing further "Skipped atom during water optimization" messages
2026-09-11 23:44:36,972 INFO:main.py:666:non_trivial:Applying force field to biomolecule states.
2026-09-11 23:44:36,974 INFO:main.py:713:non_trivial:Regenerating headers.
2026-09-11 23:44:36,974 INFO:main.py:738:non_trivial:Regenerating PDB lines.
2026-09-11 23:44:36,982 WARNING:main.py:311:print_pqr:Ignoring 890 header lines in output.
2026-09-11 23:44:36,982 WARNING:main.py:315:print_pqr:Ignoring 4 missing lines in output.
2026-09-11 23:52:20,511 INFO:main.py:240:print_splash_screen:PDB2PQR v3.6.1: biomolecular structure conversion software.
2026-09-11 23:52:20,511 INFO:main.py:242:print_splash_screen:Please cite:  Jurrus E, et al.  Improvements to the APBS biomolecular solvation software suite.  Protein Sci 27 112-128 (2018).
2026-09-11 23:52:20,512 INFO:main.py:242:print_splash_screen:Please cite:  Dolinsky TJ, et al.  PDB2PQR: expanding and upgrading automated preparation of biomolecular structures for molecular simulations. Nucleic Acids Res 35 W522-W525 (2007).
2026-09-11 23:52:20,512 INFO:main.py:759:main_driver:Checking and transforming input arguments.
2026-09-11 23:52:20,513 INFO:main.py:763:main_driver:Loading topology files.
2026-09-11 23:52:20,556 INFO:main.py:765:main_driver:Loading molecule: structures/23TZ_clean.pdb
2026-09-11 23:52:20,570 INFO:main.py:770:main_driver:Setting up molecule.
2026-09-11 23:52:20,574 WARNING:biomolecule.py:992:create_residue:Unable to find amino or nucleic acid definition for EDO.  Parsing as new residue.
2026-09-11 23:52:20,575 INFO:main.py:408:setup_molecule:Created biomolecule object with 161 residues and 1032 atoms.
2026-09-11 23:52:20,575 WARNING:main.py:418:setup_molecule:Multiple occupancies found: CA in ARG A 382.
2026-09-11 23:52:20,575 WARNING:main.py:418:setup_molecule:Multiple occupancies found: CB in ARG A 382.
2026-09-11 23:52:20,575 WARNING:main.py:418:setup_molecule:Multiple occupancies found: CG in ARG A 382.
2026-09-11 23:52:20,575 WARNING:main.py:418:setup_molecule:Multiple occupancies found: CD in ARG A 382.
2026-09-11 23:52:20,575 WARNING:main.py:418:setup_molecule:Multiple occupancies found: NE in ARG A 382.
2026-09-11 23:52:20,575 WARNING:main.py:418:setup_molecule:Multiple occupancies found: CZ in ARG A 382.
2026-09-11 23:52:20,575 WARNING:main.py:418:setup_molecule:Multiple occupancies found: NH1 in ARG A 382.
2026-09-11 23:52:20,576 WARNING:main.py:418:setup_molecule:Multiple occupancies found: NH2 in ARG A 382.
2026-09-11 23:52:20,576 WARNING:main.py:424:setup_molecule:Multiple occupancies found in ARG A 382. At least one of the instances is being ignored.
2026-09-11 23:52:20,576 INFO:main.py:774:main_driver:Setting termini states for biomolecule chains.
2026-09-11 23:52:20,578 INFO:main.py:604:non_trivial:Loading forcefield.
2026-09-11 23:52:20,587 INFO:main.py:608:non_trivial:Loading hydrogen topology definitions.
2026-09-11 23:52:20,590 INFO:main.py:459:is_repairable:This biomolecule is clean.  No repair needed.
2026-09-11 23:52:20,591 INFO:main.py:623:non_trivial:Updating disulfide bridges.
2026-09-11 23:52:20,591 INFO:main.py:626:non_trivial:Debumping biomolecule.
2026-09-11 23:52:20,607 INFO:main.py:649:non_trivial:Adding hydrogens to biomolecule.
2026-09-11 23:52:20,670 INFO:main.py:652:non_trivial:Debumping biomolecule (again).
2026-09-11 23:52:20,742 INFO:main.py:654:non_trivial:Optimizing hydrogen bonds
2026-09-11 23:52:20,937 WARNING:debump.py:354:get_closest_atom:Skipped atom during water optimization: H1 in HOH A 616 skipped when optimizing H1 in HOH A 618
2026-09-11 23:52:20,938 WARNING:debump.py:354:get_closest_atom:Skipped atom during water optimization: H1 in HOH A 617 skipped when optimizing H1 in HOH A 618
2026-09-11 23:52:20,939 WARNING:debump.py:354:get_closest_atom:Skipped atom during water optimization: H1 in HOH A 618 skipped when optimizing H2 in HOH A 616
2026-09-11 23:52:20,940 WARNING:debump.py:354:get_closest_atom:Skipped atom during water optimization: H1 in HOH A 618 skipped when optimizing H2 in HOH A 616
2026-09-11 23:52:20,945 WARNING:debump.py:354:get_closest_atom:Skipped atom during water optimization: H1 in HOH A 618 skipped when optimizing H2 in HOH A 616
2026-09-11 23:52:20,946 WARNING:debump.py:354:get_closest_atom:Skipped atom during water optimization: H1 in HOH A 618 skipped when optimizing H2 in HOH A 616
2026-09-11 23:52:20,947 WARNING:debump.py:354:get_closest_atom:Skipped atom during water optimization: H1 in HOH A 618 skipped when optimizing H2 in HOH A 616
2026-09-11 23:52:20,948 WARNING:debump.py:354:get_closest_atom:Skipped atom during water optimization: H1 in HOH A 618 skipped when optimizing H2 in HOH A 616
2026-09-11 23:52:20,949 WARNING:debump.py:354:get_closest_atom:Skipped atom during water optimization: H1 in HOH A 618 skipped when optimizing H2 in HOH A 616
2026-09-11 23:52:20,950 WARNING:io.py:40:filter:Suppressing further "Skipped atom during water optimization" messages
2026-09-11 23:52:21,068 INFO:main.py:666:non_trivial:Applying force field to biomolecule states.
2026-09-11 23:52:21,070 INFO:main.py:713:non_trivial:Regenerating headers.
2026-09-11 23:52:21,070 INFO:main.py:738:non_trivial:Regenerating PDB lines.
2026-09-11 23:52:21,078 WARNING:main.py:311:print_pqr:Ignoring 890 header lines in output.
2026-09-11 23:52:21,078 WARNING:main.py:315:print_pqr:Ignoring 4 missing lines in output.
2026-09-12 00:00:03,401 INFO:main.py:240:print_splash_screen:PDB2PQR v3.6.1: biomolecular structure conversion software.
2026-09-12 00:00:03,401 INFO:main.py:242:print_splash_screen:Please cite:  Jurrus E, et al.  Improvements to the APBS biomolecular solvation software suite.  Protein Sci 27 112-128 (2018).
2026-09-12 00:00:03,402 INFO:main.py:242:print_splash_screen:Please cite:  Dolinsky TJ, et al.  PDB2PQR: expanding and upgrading automated preparation of biomolecular structures for molecular simulations. Nucleic Acids Res 35 W522-W525 (2007).
2026-09-12 00:00:03,402 INFO:main.py:759:main_driver:Checking and transforming input arguments.
2026-09-12 00:00:03,403 INFO:main.py:763:main_driver:Loading topology files.
2026-09-12 00:00:03,449 INFO:main.py:765:main_driver:Loading molecule: structures/23TZ_clean.pdb
2026-09-12 00:00:03,467 INFO:main.py:770:main_driver:Setting up molecule.
2026-09-12 00:00:03,472 INFO:main.py:408:setup_molecule:Created biomolecule object with 135 residues and 1003 atoms.
2026-09-12 00:00:03,473 WARNING:main.py:418:setup_molecule:Multiple occupancies found: CA in ARG A 382.
2026-09-12 00:00:03,473 WARNING:main.py:418:setup_molecule:Multiple occupancies found: CB in ARG A 382.
2026-09-12 00:00:03,473 WARNING:main.py:418:setup_molecule:Multiple occupancies found: CG in ARG A 382.
2026-09-12 00:00:03,473 WARNING:main.py:418:setup_molecule:Multiple occupancies found: CD in ARG A 382.
2026-09-12 00:00:03,473 WARNING:main.py:418:setup_molecule:Multiple occupancies found: NE in ARG A 382.
2026-09-12 00:00:03,473 WARNING:main.py:418:setup_molecule:Multiple occupancies found: CZ in ARG A 382.
2026-09-12 00:00:03,474 WARNING:main.py:418:setup_molecule:Multiple occupancies found: NH1 in ARG A 382.
2026-09-12 00:00:03,474 WARNING:main.py:418:setup_molecule:Multiple occupancies found: NH2 in ARG A 382.
2026-09-12 00:00:03,474 WARNING:main.py:424:setup_molecule:Multiple occupancies found in ARG A 382. At least one of the instances is being ignored.
2026-09-12 00:00:03,474 INFO:main.py:774:main_driver:Setting termini states for biomolecule chains.
2026-09-12 00:00:03,477 INFO:main.py:604:non_trivial:Loading forcefield.
2026-09-12 00:00:03,484 INFO:main.py:608:non_trivial:Loading hydrogen topology definitions.
2026-09-12 00:00:03,487 INFO:main.py:459:is_repairable:This biomolecule is clean.  No repair needed.
2026-09-12 00:00:03,487 INFO:main.py:623:non_trivial:Updating disulfide bridges.
2026-09-12 00:00:03,487 INFO:main.py:626:non_trivial:Debumping biomolecule.
2026-09-12 00:00:03,503 INFO:main.py:649:non_trivial:Adding hydrogens to biomolecule.
2026-09-12 00:00:03,567 INFO:main.py:652:non_trivial:Debumping biomolecule (again).
2026-09-12 00:00:03,643 INFO:main.py:654:non_trivial:Optimizing hydrogen bonds
2026-09-12 00:00:03,841 INFO:main.py:666:non_trivial:Applying force field to biomolecule states.
2026-09-12 00:00:03,843 INFO:main.py:713:non_trivial:Regenerating headers.
2026-09-12 00:00:03,844 INFO:main.py:738:non_trivial:Regenerating PDB lines.
2026-09-12 00:00:03,850 WARNING:main.py:311:print_pqr:Ignoring 390 header lines in output.
2026-09-12 00:05:56,283 INFO:main.py:240:print_splash_screen:PDB2PQR v3.6.1: biomolecular structure conversion software.
2026-09-12 00:05:56,283 INFO:main.py:242:print_splash_screen:Please cite:  Jurrus E, et al.  Improvements to the APBS biomolecular solvation software suite.  Protein Sci 27 112-128 (2018).
2026-09-12 00:05:56,283 INFO:main.py:242:print_splash_screen:Please cite:  Dolinsky TJ, et al.  PDB2PQR: expanding and upgrading automated preparation of biomolecular structures for molecular simulations. Nucleic Acids Res 35 W522-W525 (2007).
2026-09-12 00:05:56,283 INFO:main.py:759:main_driver:Checking and transforming input arguments.
2026-09-12 00:05:56,285 INFO:main.py:763:main_driver:Loading topology files.
2026-09-12 00:05:56,328 INFO:main.py:765:main_driver:Loading molecule: structures/23TZ_clean.pdb
2026-09-12 00:05:56,344 INFO:main.py:770:main_driver:Setting up molecule.
2026-09-12 00:05:56,347 INFO:main.py:408:setup_molecule:Created biomolecule object with 135 residues and 1003 atoms.
2026-09-12 00:05:56,348 WARNING:main.py:418:setup_molecule:Multiple occupancies found: CA in ARG A 382.
2026-09-12 00:05:56,348 WARNING:main.py:418:setup_molecule:Multiple occupancies found: CB in ARG A 382.
2026-09-12 00:05:56,348 WARNING:main.py:418:setup_molecule:Multiple occupancies found: CG in ARG A 382.
2026-09-12 00:05:56,348 WARNING:main.py:418:setup_molecule:Multiple occupancies found: CD in ARG A 382.
2026-09-12 00:05:56,348 WARNING:main.py:418:setup_molecule:Multiple occupancies found: NE in ARG A 382.
2026-09-12 00:05:56,348 WARNING:main.py:418:setup_molecule:Multiple occupancies found: CZ in ARG A 382.
2026-09-12 00:05:56,349 WARNING:main.py:418:setup_molecule:Multiple occupancies found: NH1 in ARG A 382.
2026-09-12 00:05:56,349 WARNING:main.py:418:setup_molecule:Multiple occupancies found: NH2 in ARG A 382.
2026-09-12 00:05:56,349 WARNING:main.py:424:setup_molecule:Multiple occupancies found in ARG A 382. At least one of the instances is being ignored.
2026-09-12 00:05:56,349 INFO:main.py:774:main_driver:Setting termini states for biomolecule chains.
2026-09-12 00:05:56,352 INFO:main.py:604:non_trivial:Loading forcefield.
2026-09-12 00:05:56,359 INFO:main.py:608:non_trivial:Loading hydrogen topology definitions.
2026-09-12 00:05:56,362 INFO:main.py:459:is_repairable:This biomolecule is clean.  No repair needed.
2026-09-12 00:05:56,362 INFO:main.py:623:non_trivial:Updating disulfide bridges.
2026-09-12 00:05:56,362 INFO:main.py:626:non_trivial:Debumping biomolecule.
2026-09-12 00:05:56,380 INFO:main.py:649:non_trivial:Adding hydrogens to biomolecule.
2026-09-12 00:05:56,441 INFO:main.py:652:non_trivial:Debumping biomolecule (again).
2026-09-12 00:05:56,515 INFO:main.py:654:non_trivial:Optimizing hydrogen bonds
2026-09-12 00:05:56,712 INFO:main.py:666:non_trivial:Applying force field to biomolecule states.
2026-09-12 00:05:56,714 INFO:main.py:713:non_trivial:Regenerating headers.
2026-09-12 00:05:56,714 INFO:main.py:738:non_trivial:Regenerating PDB lines.
2026-09-12 00:05:56,721 WARNING:main.py:311:print_pqr:Ignoring 390 header lines in output.
2026-09-12 00:14:15,263 INFO:main.py:240:print_splash_screen:PDB2PQR v3.6.1: biomolecular structure conversion software.
2026-09-12 00:14:15,264 INFO:main.py:242:print_splash_screen:Please cite:  Jurrus E, et al.  Improvements to the APBS biomolecular solvation software suite.  Protein Sci 27 112-128 (2018).
2026-09-12 00:14:15,264 INFO:main.py:242:print_splash_screen:Please cite:  Dolinsky TJ, et al.  PDB2PQR: expanding and upgrading automated preparation of biomolecular structures for molecular simulations. Nucleic Acids Res 35 W522-W525 (2007).
2026-09-12 00:14:15,264 INFO:main.py:759:main_driver:Checking and transforming input arguments.
2026-09-12 00:14:15,265 INFO:main.py:763:main_driver:Loading topology files.
2026-09-12 00:14:15,305 INFO:main.py:765:main_driver:Loading molecule: structures/23TZ_clean.pdb
2026-09-12 00:14:15,323 INFO:main.py:770:main_driver:Setting up molecule.
2026-09-12 00:14:15,327 INFO:main.py:408:setup_molecule:Created biomolecule object with 135 residues and 1003 atoms.
2026-09-12 00:14:15,327 WARNING:main.py:418:setup_molecule:Multiple occupancies found: CA in ARG A 382.
2026-09-12 00:14:15,327 WARNING:main.py:418:setup_molecule:Multiple occupancies found: CB in ARG A 382.
2026-09-12 00:14:15,327 WARNING:main.py:418:setup_molecule:Multiple occupancies found: CG in ARG A 382.
2026-09-12 00:14:15,327 WARNING:main.py:418:setup_molecule:Multiple occupancies found: CD in ARG A 382.
2026-09-12 00:14:15,327 WARNING:main.py:418:setup_molecule:Multiple occupancies found: NE in ARG A 382.
2026-09-12 00:14:15,328 WARNING:main.py:418:setup_molecule:Multiple occupancies found: CZ in ARG A 382.
2026-09-12 00:14:15,328 WARNING:main.py:418:setup_molecule:Multiple occupancies found: NH1 in ARG A 382.
2026-09-12 00:14:15,328 WARNING:main.py:418:setup_molecule:Multiple occupancies found: NH2 in ARG A 382.
2026-09-12 00:14:15,328 WARNING:main.py:424:setup_molecule:Multiple occupancies found in ARG A 382. At least one of the instances is being ignored.
2026-09-12 00:14:15,328 INFO:main.py:774:main_driver:Setting termini states for biomolecule chains.
2026-09-12 00:14:15,330 INFO:main.py:604:non_trivial:Loading forcefield.
2026-09-12 00:14:15,338 INFO:main.py:608:non_trivial:Loading hydrogen topology definitions.
2026-09-12 00:14:15,340 INFO:main.py:459:is_repairable:This biomolecule is clean.  No repair needed.
2026-09-12 00:14:15,341 INFO:main.py:623:non_trivial:Updating disulfide bridges.
2026-09-12 00:14:15,341 INFO:main.py:626:non_trivial:Debumping biomolecule.
2026-09-12 00:14:15,357 INFO:main.py:649:non_trivial:Adding hydrogens to biomolecule.
2026-09-12 00:14:15,419 INFO:main.py:652:non_trivial:Debumping biomolecule (again).
2026-09-12 00:14:15,493 INFO:main.py:654:non_trivial:Optimizing hydrogen bonds
2026-09-12 00:14:15,683 INFO:main.py:666:non_trivial:Applying force field to biomolecule states.
2026-09-12 00:14:15,685 INFO:main.py:713:non_trivial:Regenerating headers.
2026-09-12 00:14:15,686 INFO:main.py:738:non_trivial:Regenerating PDB lines.
2026-09-12 00:14:15,693 WARNING:main.py:311:print_pqr:Ignoring 390 header lines in output.
2026-09-12 00:20:36,881 INFO:main.py:240:print_splash_screen:PDB2PQR v3.6.1: biomolecular structure conversion software.
2026-09-12 00:20:36,881 INFO:main.py:242:print_splash_screen:Please cite:  Jurrus E, et al.  Improvements to the APBS biomolecular solvation software suite.  Protein Sci 27 112-128 (2018).
2026-09-12 00:20:36,881 INFO:main.py:242:print_splash_screen:Please cite:  Dolinsky TJ, et al.  PDB2PQR: expanding and upgrading automated preparation of biomolecular structures for molecular simulations. Nucleic Acids Res 35 W522-W525 (2007).
2026-09-12 00:20:36,881 INFO:main.py:759:main_driver:Checking and transforming input arguments.
2026-09-12 00:20:36,882 INFO:main.py:763:main_driver:Loading topology files.
2026-09-12 00:20:36,923 INFO:main.py:765:main_driver:Loading molecule: structures/23TZ_clean.pdb
2026-09-12 00:20:36,939 INFO:main.py:770:main_driver:Setting up molecule.
2026-09-12 00:20:36,944 INFO:main.py:408:setup_molecule:Created biomolecule object with 135 residues and 1003 atoms.
2026-09-12 00:20:36,944 WARNING:main.py:418:setup_molecule:Multiple occupancies found: CA in ARG A 382.
2026-09-12 00:20:36,944 WARNING:main.py:418:setup_molecule:Multiple occupancies found: CB in ARG A 382.
2026-09-12 00:20:36,945 WARNING:main.py:418:setup_molecule:Multiple occupancies found: CG in ARG A 382.
2026-09-12 00:20:36,945 WARNING:main.py:418:setup_molecule:Multiple occupancies found: CD in ARG A 382.
2026-09-12 00:20:36,945 WARNING:main.py:418:setup_molecule:Multiple occupancies found: NE in ARG A 382.
2026-09-12 00:20:36,945 WARNING:main.py:418:setup_molecule:Multiple occupancies found: CZ in ARG A 382.
2026-09-12 00:20:36,945 WARNING:main.py:418:setup_molecule:Multiple occupancies found: NH1 in ARG A 382.
2026-09-12 00:20:36,945 WARNING:main.py:418:setup_molecule:Multiple occupancies found: NH2 in ARG A 382.
2026-09-12 00:20:36,945 WARNING:main.py:424:setup_molecule:Multiple occupancies found in ARG A 382. At least one of the instances is being ignored.
2026-09-12 00:20:36,945 INFO:main.py:774:main_driver:Setting termini states for biomolecule chains.
2026-09-12 00:20:36,948 INFO:main.py:604:non_trivial:Loading forcefield.
2026-09-12 00:20:36,956 INFO:main.py:608:non_trivial:Loading hydrogen topology definitions.
2026-09-12 00:20:36,959 INFO:main.py:459:is_repairable:This biomolecule is clean.  No repair needed.
2026-09-12 00:20:36,960 INFO:main.py:623:non_trivial:Updating disulfide bridges.
2026-09-12 00:20:36,960 INFO:main.py:626:non_trivial:Debumping biomolecule.
2026-09-12 00:20:36,976 INFO:main.py:649:non_trivial:Adding hydrogens to biomolecule.
2026-09-12 00:20:37,038 INFO:main.py:652:non_trivial:Debumping biomolecule (again).
2026-09-12 00:20:37,112 INFO:main.py:654:non_trivial:Optimizing hydrogen bonds
2026-09-12 00:20:37,309 INFO:main.py:666:non_trivial:Applying force field to biomolecule states.
2026-09-12 00:20:37,311 INFO:main.py:713:non_trivial:Regenerating headers.
2026-09-12 00:20:37,311 INFO:main.py:738:non_trivial:Regenerating PDB lines.
2026-09-12 00:20:37,318 WARNING:main.py:311:print_pqr:Ignoring 390 header lines in output.
2026-09-12 00:26:52,060 INFO:main.py:240:print_splash_screen:PDB2PQR v3.6.1: biomolecular structure conversion software.
2026-09-12 00:26:52,061 INFO:main.py:242:print_splash_screen:Please cite:  Jurrus E, et al.  Improvements to the APBS biomolecular solvation software suite.  Protein Sci 27 112-128 (2018).
2026-09-12 00:26:52,061 INFO:main.py:242:print_splash_screen:Please cite:  Dolinsky TJ, et al.  PDB2PQR: expanding and upgrading automated preparation of biomolecular structures for molecular simulations. Nucleic Acids Res 35 W522-W525 (2007).
2026-09-12 00:26:52,061 INFO:main.py:759:main_driver:Checking and transforming input arguments.
2026-09-12 00:26:52,062 INFO:main.py:763:main_driver:Loading topology files.
2026-09-12 00:26:52,103 INFO:main.py:765:main_driver:Loading molecule: structures/23TZ_clean.pdb
2026-09-12 00:26:52,119 INFO:main.py:770:main_driver:Setting up molecule.
2026-09-12 00:26:52,123 INFO:main.py:408:setup_molecule:Created biomolecule object with 135 residues and 1003 atoms.
2026-09-12 00:26:52,124 WARNING:main.py:418:setup_molecule:Multiple occupancies found: CA in ARG A 382.
2026-09-12 00:26:52,124 WARNING:main.py:418:setup_molecule:Multiple occupancies found: CB in ARG A 382.
2026-09-12 00:26:52,124 WARNING:main.py:418:setup_molecule:Multiple occupancies found: CG in ARG A 382.
2026-09-12 00:26:52,124 WARNING:main.py:418:setup_molecule:Multiple occupancies found: CD in ARG A 382.
2026-09-12 00:26:52,124 WARNING:main.py:418:setup_molecule:Multiple occupancies found: NE in ARG A 382.
2026-09-12 00:26:52,124 WARNING:main.py:418:setup_molecule:Multiple occupancies found: CZ in ARG A 382.
2026-09-12 00:26:52,124 WARNING:main.py:418:setup_molecule:Multiple occupancies found: NH1 in ARG A 382.
2026-09-12 00:26:52,124 WARNING:main.py:418:setup_molecule:Multiple occupancies found: NH2 in ARG A 382.
2026-09-12 00:26:52,125 WARNING:main.py:424:setup_molecule:Multiple occupancies found in ARG A 382. At least one of the instances is being ignored.
2026-09-12 00:26:52,125 INFO:main.py:774:main_driver:Setting termini states for biomolecule chains.
2026-09-12 00:26:52,127 INFO:main.py:604:non_trivial:Loading forcefield.
2026-09-12 00:26:52,136 INFO:main.py:608:non_trivial:Loading hydrogen topology definitions.
2026-09-12 00:26:52,139 INFO:main.py:459:is_repairable:This biomolecule is clean.  No repair needed.
2026-09-12 00:26:52,139 INFO:main.py:623:non_trivial:Updating disulfide bridges.
2026-09-12 00:26:52,139 INFO:main.py:626:non_trivial:Debumping biomolecule.
2026-09-12 00:26:52,158 INFO:main.py:649:non_trivial:Adding hydrogens to biomolecule.
2026-09-12 00:26:52,221 INFO:main.py:652:non_trivial:Debumping biomolecule (again).
2026-09-12 00:26:52,292 INFO:main.py:654:non_trivial:Optimizing hydrogen bonds
2026-09-12 00:26:52,486 INFO:main.py:666:non_trivial:Applying force field to biomolecule states.
2026-09-12 00:26:52,488 INFO:main.py:713:non_trivial:Regenerating headers.
2026-09-12 00:26:52,488 INFO:main.py:738:non_trivial:Regenerating PDB lines.
2026-09-12 00:26:52,496 WARNING:main.py:311:print_pqr:Ignoring 390 header lines in output.
