2026-09-12 00:23:57,954 INFO:main.py:240:print_splash_screen:PDB2PQR v3.6.1: biomolecular structure conversion software.
2026-09-12 00:23:57,954 INFO:main.py:242:print_splash_screen:Please cite:  Jurrus E, et al.  Improvements to the APBS biomolecular solvation software suite.  Protein Sci 27 112-128 (2018).
2026-09-12 00:23:57,955 INFO:main.py:242:print_splash_screen:Please cite:  Dolinsky TJ, et al.  PDB2PQR: expanding and upgrading automated preparation of biomolecular structures for molecular simulations. Nucleic Acids Res 35 W522-W525 (2007).
2026-09-12 00:23:57,955 INFO:main.py:759:main_driver:Checking and transforming input arguments.
2026-09-12 00:23:57,956 INFO:main.py:763:main_driver:Loading topology files.
2026-09-12 00:23:58,001 INFO:main.py:765:main_driver:Loading molecule: structures/2CX7_clean.pdb
2026-09-12 00:23:58,014 INFO:main.py:770:main_driver:Setting up molecule.
2026-09-12 00:23:58,020 INFO:main.py:408:setup_molecule:Created biomolecule object with 128 residues and 975 atoms.
2026-09-12 00:23:58,020 INFO:main.py:774:main_driver:Setting termini states for biomolecule chains.
2026-09-12 00:23:58,023 WARNING:biomolecule.py:615:update_bonds:Gap in backbone detected between LEU A 97 and ARG A 99!
2026-09-12 00:23:58,023 INFO:main.py:604:non_trivial:Loading forcefield.
2026-09-12 00:23:58,031 INFO:main.py:608:non_trivial:Loading hydrogen topology definitions.
2026-09-12 00:23:58,034 INFO:main.py:459:is_repairable:This biomolecule is clean.  No repair needed.
2026-09-12 00:23:58,034 INFO:main.py:623:non_trivial:Updating disulfide bridges.
2026-09-12 00:23:58,034 INFO:main.py:626:non_trivial:Debumping biomolecule.
2026-09-12 00:23:58,051 INFO:main.py:649:non_trivial:Adding hydrogens to biomolecule.
2026-09-12 00:23:58,117 INFO:main.py:652:non_trivial:Debumping biomolecule (again).
2026-09-12 00:23:58,189 INFO:main.py:654:non_trivial:Optimizing hydrogen bonds
2026-09-12 00:23:58,289 INFO:main.py:666:non_trivial:Applying force field to biomolecule states.
2026-09-12 00:23:58,291 INFO:main.py:713:non_trivial:Regenerating headers.
2026-09-12 00:23:58,291 INFO:main.py:738:non_trivial:Regenerating PDB lines.
2026-09-12 00:23:58,298 WARNING:main.py:311:print_pqr:Ignoring 391 header lines in output.
2026-09-12 00:30:14,372 INFO:main.py:240:print_splash_screen:PDB2PQR v3.6.1: biomolecular structure conversion software.
2026-09-12 00:30:14,372 INFO:main.py:242:print_splash_screen:Please cite:  Jurrus E, et al.  Improvements to the APBS biomolecular solvation software suite.  Protein Sci 27 112-128 (2018).
2026-09-12 00:30:14,373 INFO:main.py:242:print_splash_screen:Please cite:  Dolinsky TJ, et al.  PDB2PQR: expanding and upgrading automated preparation of biomolecular structures for molecular simulations. Nucleic Acids Res 35 W522-W525 (2007).
2026-09-12 00:30:14,373 INFO:main.py:759:main_driver:Checking and transforming input arguments.
2026-09-12 00:30:14,374 INFO:main.py:763:main_driver:Loading topology files.
2026-09-12 00:30:14,418 INFO:main.py:765:main_driver:Loading molecule: structures/2CX7_clean.pdb
2026-09-12 00:30:14,431 INFO:main.py:770:main_driver:Setting up molecule.
2026-09-12 00:30:14,435 INFO:main.py:408:setup_molecule:Created biomolecule object with 128 residues and 975 atoms.
2026-09-12 00:30:14,435 INFO:main.py:774:main_driver:Setting termini states for biomolecule chains.
2026-09-12 00:30:14,438 WARNING:biomolecule.py:615:update_bonds:Gap in backbone detected between LEU A 97 and ARG A 99!
2026-09-12 00:30:14,439 INFO:main.py:604:non_trivial:Loading forcefield.
2026-09-12 00:30:14,447 INFO:main.py:608:non_trivial:Loading hydrogen topology definitions.
2026-09-12 00:30:14,450 INFO:main.py:459:is_repairable:This biomolecule is clean.  No repair needed.
2026-09-12 00:30:14,450 INFO:main.py:623:non_trivial:Updating disulfide bridges.
2026-09-12 00:30:14,450 INFO:main.py:626:non_trivial:Debumping biomolecule.
2026-09-12 00:30:14,467 INFO:main.py:649:non_trivial:Adding hydrogens to biomolecule.
2026-09-12 00:30:14,530 INFO:main.py:652:non_trivial:Debumping biomolecule (again).
2026-09-12 00:30:14,604 INFO:main.py:654:non_trivial:Optimizing hydrogen bonds
2026-09-12 00:30:14,704 INFO:main.py:666:non_trivial:Applying force field to biomolecule states.
2026-09-12 00:30:14,706 INFO:main.py:713:non_trivial:Regenerating headers.
2026-09-12 00:30:14,707 INFO:main.py:738:non_trivial:Regenerating PDB lines.
2026-09-12 00:30:14,714 WARNING:main.py:311:print_pqr:Ignoring 391 header lines in output.
