2026-09-12 00:32:38,928 INFO:main.py:240:print_splash_screen:PDB2PQR v3.6.1: biomolecular structure conversion software.
2026-09-12 00:32:38,929 INFO:main.py:242:print_splash_screen:Please cite:  Jurrus E, et al.  Improvements to the APBS biomolecular solvation software suite.  Protein Sci 27 112-128 (2018).
2026-09-12 00:32:38,929 INFO:main.py:242:print_splash_screen:Please cite:  Dolinsky TJ, et al.  PDB2PQR: expanding and upgrading automated preparation of biomolecular structures for molecular simulations. Nucleic Acids Res 35 W522-W525 (2007).
2026-09-12 00:32:38,929 INFO:main.py:759:main_driver:Checking and transforming input arguments.
2026-09-12 00:32:38,930 INFO:main.py:763:main_driver:Loading topology files.
2026-09-12 00:32:38,978 INFO:main.py:765:main_driver:Loading molecule: structures/2DC0_clean.pdb
2026-09-12 00:32:38,998 INFO:main.py:770:main_driver:Setting up molecule.
2026-09-12 00:32:39,008 INFO:main.py:408:setup_molecule:Created biomolecule object with 432 residues and 3266 atoms.
2026-09-12 00:32:39,008 INFO:main.py:774:main_driver:Setting termini states for biomolecule chains.
2026-09-12 00:32:39,015 WARNING:biomolecule.py:615:update_bonds:Gap in backbone detected between ASN A 116 and HIS A 118!
2026-09-12 00:32:39,016 WARNING:biomolecule.py:615:update_bonds:Gap in backbone detected between GLY A 405 and PRO A 407!
2026-09-12 00:32:39,016 INFO:main.py:604:non_trivial:Loading forcefield.
2026-09-12 00:32:39,025 INFO:main.py:608:non_trivial:Loading hydrogen topology definitions.
2026-09-12 00:32:39,029 WARNING:biomolecule.py:157:num_missing_heavy:Missing atom OXT in residue GLY A 434
2026-09-12 00:32:39,031 WARNING:biomolecule.py:157:num_missing_heavy:Missing atom OXT in residue GLY A 434
2026-09-12 00:32:39,031 INFO:main.py:618:non_trivial:Attempting to repair 1 missing atoms in biomolecule.
2026-09-12 00:32:39,033 WARNING:biomolecule.py:157:num_missing_heavy:Missing atom OXT in residue GLY A 434
2026-09-12 00:32:39,033 INFO:biomolecule.py:1077:repair_heavy:Added atom OXT to residue GLY A 434 at coordinates 11.240, 26.629, 40.706
2026-09-12 00:32:39,034 INFO:main.py:623:non_trivial:Updating disulfide bridges.
2026-09-12 00:32:39,034 INFO:main.py:626:non_trivial:Debumping biomolecule.
2026-09-12 00:32:39,086 INFO:main.py:649:non_trivial:Adding hydrogens to biomolecule.
2026-09-12 00:32:39,316 INFO:main.py:652:non_trivial:Debumping biomolecule (again).
2026-09-12 00:32:39,581 INFO:main.py:654:non_trivial:Optimizing hydrogen bonds
2026-09-12 00:32:39,812 INFO:main.py:666:non_trivial:Applying force field to biomolecule states.
2026-09-12 00:32:39,816 INFO:main.py:713:non_trivial:Regenerating headers.
2026-09-12 00:32:39,817 INFO:main.py:738:non_trivial:Regenerating PDB lines.
2026-09-12 00:32:39,838 WARNING:main.py:311:print_pqr:Ignoring 391 header lines in output.
