2026-09-12 00:23:39,963 INFO:main.py:240:print_splash_screen:PDB2PQR v3.6.1: biomolecular structure conversion software.
2026-09-12 00:23:39,964 INFO:main.py:242:print_splash_screen:Please cite:  Jurrus E, et al.  Improvements to the APBS biomolecular solvation software suite.  Protein Sci 27 112-128 (2018).
2026-09-12 00:23:39,964 INFO:main.py:242:print_splash_screen:Please cite:  Dolinsky TJ, et al.  PDB2PQR: expanding and upgrading automated preparation of biomolecular structures for molecular simulations. Nucleic Acids Res 35 W522-W525 (2007).
2026-09-12 00:23:39,964 INFO:main.py:759:main_driver:Checking and transforming input arguments.
2026-09-12 00:23:39,965 INFO:main.py:763:main_driver:Loading topology files.
2026-09-12 00:23:40,011 INFO:main.py:765:main_driver:Loading molecule: structures/2HV2_clean.pdb
2026-09-12 00:23:40,029 INFO:main.py:770:main_driver:Setting up molecule.
2026-09-12 00:23:40,038 INFO:main.py:408:setup_molecule:Created biomolecule object with 381 residues and 3079 atoms.
2026-09-12 00:23:40,039 INFO:main.py:774:main_driver:Setting termini states for biomolecule chains.
2026-09-12 00:23:40,044 WARNING:biomolecule.py:615:update_bonds:Gap in backbone detected between LYS A 8 and GLY A 10!
2026-09-12 00:23:40,045 WARNING:biomolecule.py:615:update_bonds:Gap in backbone detected between GLU A 13 and LYS A 15!
2026-09-12 00:23:40,045 WARNING:biomolecule.py:615:update_bonds:Gap in backbone detected between GLU A 16 and PHE A 18!
2026-09-12 00:23:40,045 WARNING:biomolecule.py:615:update_bonds:Gap in backbone detected between VAL A 59 and ALA A 61!
2026-09-12 00:23:40,046 WARNING:biomolecule.py:615:update_bonds:Gap in backbone detected between PRO A 74 and ALA A 76!
2026-09-12 00:23:40,046 WARNING:biomolecule.py:615:update_bonds:Gap in backbone detected between ILE A 96 and LYS A 98!
2026-09-12 00:23:40,046 WARNING:biomolecule.py:615:update_bonds:Gap in backbone detected between GLU A 99 and LEU A 101!
2026-09-12 00:23:40,047 WARNING:biomolecule.py:615:update_bonds:Gap in backbone detected between LEU A 267 and PRO A 269!
2026-09-12 00:23:40,047 WARNING:biomolecule.py:615:update_bonds:Gap in backbone detected between TYR A 280 and ALA A 283!
2026-09-12 00:23:40,047 WARNING:biomolecule.py:615:update_bonds:Gap in backbone detected between ALA A 338 and THR A 343!
2026-09-12 00:23:40,048 WARNING:biomolecule.py:615:update_bonds:Gap in backbone detected between GLY A 389 and PRO A 391!
2026-09-12 00:23:40,048 INFO:main.py:604:non_trivial:Loading forcefield.
2026-09-12 00:23:40,055 INFO:main.py:608:non_trivial:Loading hydrogen topology definitions.
2026-09-12 00:23:40,060 INFO:main.py:459:is_repairable:This biomolecule is clean.  No repair needed.
2026-09-12 00:23:40,060 INFO:main.py:623:non_trivial:Updating disulfide bridges.
2026-09-12 00:23:40,060 INFO:main.py:626:non_trivial:Debumping biomolecule.
2026-09-12 00:23:40,114 INFO:main.py:649:non_trivial:Adding hydrogens to biomolecule.
2026-09-12 00:23:40,308 INFO:main.py:652:non_trivial:Debumping biomolecule (again).
2026-09-12 00:23:40,532 INFO:main.py:654:non_trivial:Optimizing hydrogen bonds
2026-09-12 00:23:41,095 INFO:main.py:666:non_trivial:Applying force field to biomolecule states.
2026-09-12 00:23:41,098 INFO:main.py:713:non_trivial:Regenerating headers.
2026-09-12 00:23:41,100 INFO:main.py:738:non_trivial:Regenerating PDB lines.
2026-09-12 00:23:41,120 WARNING:main.py:311:print_pqr:Ignoring 391 header lines in output.
2026-09-12 00:29:56,210 INFO:main.py:240:print_splash_screen:PDB2PQR v3.6.1: biomolecular structure conversion software.
2026-09-12 00:29:56,211 INFO:main.py:242:print_splash_screen:Please cite:  Jurrus E, et al.  Improvements to the APBS biomolecular solvation software suite.  Protein Sci 27 112-128 (2018).
2026-09-12 00:29:56,211 INFO:main.py:242:print_splash_screen:Please cite:  Dolinsky TJ, et al.  PDB2PQR: expanding and upgrading automated preparation of biomolecular structures for molecular simulations. Nucleic Acids Res 35 W522-W525 (2007).
2026-09-12 00:29:56,211 INFO:main.py:759:main_driver:Checking and transforming input arguments.
2026-09-12 00:29:56,213 INFO:main.py:763:main_driver:Loading topology files.
2026-09-12 00:29:56,256 INFO:main.py:765:main_driver:Loading molecule: structures/2HV2_clean.pdb
2026-09-12 00:29:56,274 INFO:main.py:770:main_driver:Setting up molecule.
2026-09-12 00:29:56,285 INFO:main.py:408:setup_molecule:Created biomolecule object with 381 residues and 3079 atoms.
2026-09-12 00:29:56,285 INFO:main.py:774:main_driver:Setting termini states for biomolecule chains.
2026-09-12 00:29:56,290 WARNING:biomolecule.py:615:update_bonds:Gap in backbone detected between LYS A 8 and GLY A 10!
2026-09-12 00:29:56,290 WARNING:biomolecule.py:615:update_bonds:Gap in backbone detected between GLU A 13 and LYS A 15!
2026-09-12 00:29:56,290 WARNING:biomolecule.py:615:update_bonds:Gap in backbone detected between GLU A 16 and PHE A 18!
2026-09-12 00:29:56,291 WARNING:biomolecule.py:615:update_bonds:Gap in backbone detected between VAL A 59 and ALA A 61!
2026-09-12 00:29:56,291 WARNING:biomolecule.py:615:update_bonds:Gap in backbone detected between PRO A 74 and ALA A 76!
2026-09-12 00:29:56,291 WARNING:biomolecule.py:615:update_bonds:Gap in backbone detected between ILE A 96 and LYS A 98!
2026-09-12 00:29:56,292 WARNING:biomolecule.py:615:update_bonds:Gap in backbone detected between GLU A 99 and LEU A 101!
2026-09-12 00:29:56,292 WARNING:biomolecule.py:615:update_bonds:Gap in backbone detected between LEU A 267 and PRO A 269!
2026-09-12 00:29:56,293 WARNING:biomolecule.py:615:update_bonds:Gap in backbone detected between TYR A 280 and ALA A 283!
2026-09-12 00:29:56,293 WARNING:biomolecule.py:615:update_bonds:Gap in backbone detected between ALA A 338 and THR A 343!
2026-09-12 00:29:56,294 WARNING:biomolecule.py:615:update_bonds:Gap in backbone detected between GLY A 389 and PRO A 391!
2026-09-12 00:29:56,294 INFO:main.py:604:non_trivial:Loading forcefield.
2026-09-12 00:29:56,303 INFO:main.py:608:non_trivial:Loading hydrogen topology definitions.
2026-09-12 00:29:56,307 INFO:main.py:459:is_repairable:This biomolecule is clean.  No repair needed.
2026-09-12 00:29:56,307 INFO:main.py:623:non_trivial:Updating disulfide bridges.
2026-09-12 00:29:56,307 INFO:main.py:626:non_trivial:Debumping biomolecule.
2026-09-12 00:29:56,361 INFO:main.py:649:non_trivial:Adding hydrogens to biomolecule.
2026-09-12 00:29:56,552 INFO:main.py:652:non_trivial:Debumping biomolecule (again).
2026-09-12 00:29:56,783 INFO:main.py:654:non_trivial:Optimizing hydrogen bonds
2026-09-12 00:29:57,348 INFO:main.py:666:non_trivial:Applying force field to biomolecule states.
2026-09-12 00:29:57,352 INFO:main.py:713:non_trivial:Regenerating headers.
2026-09-12 00:29:57,353 INFO:main.py:738:non_trivial:Regenerating PDB lines.
2026-09-12 00:29:57,375 WARNING:main.py:311:print_pqr:Ignoring 391 header lines in output.
