2026-09-12 00:23:49,037 INFO:main.py:240:print_splash_screen:PDB2PQR v3.6.1: biomolecular structure conversion software.
2026-09-12 00:23:49,038 INFO:main.py:242:print_splash_screen:Please cite:  Jurrus E, et al.  Improvements to the APBS biomolecular solvation software suite.  Protein Sci 27 112-128 (2018).
2026-09-12 00:23:49,038 INFO:main.py:242:print_splash_screen:Please cite:  Dolinsky TJ, et al.  PDB2PQR: expanding and upgrading automated preparation of biomolecular structures for molecular simulations. Nucleic Acids Res 35 W522-W525 (2007).
2026-09-12 00:23:49,038 INFO:main.py:759:main_driver:Checking and transforming input arguments.
2026-09-12 00:23:49,039 INFO:main.py:763:main_driver:Loading topology files.
2026-09-12 00:23:49,083 INFO:main.py:765:main_driver:Loading molecule: structures/2I00_clean.pdb
2026-09-12 00:23:49,104 INFO:main.py:770:main_driver:Setting up molecule.
2026-09-12 00:23:49,114 INFO:main.py:408:setup_molecule:Created biomolecule object with 397 residues and 3318 atoms.
2026-09-12 00:23:49,115 INFO:main.py:774:main_driver:Setting termini states for biomolecule chains.
2026-09-12 00:23:49,121 INFO:main.py:604:non_trivial:Loading forcefield.
2026-09-12 00:23:49,130 INFO:main.py:608:non_trivial:Loading hydrogen topology definitions.
2026-09-12 00:23:49,135 WARNING:biomolecule.py:157:num_missing_heavy:Missing atom OXT in residue PHE A 406
2026-09-12 00:23:49,136 WARNING:biomolecule.py:157:num_missing_heavy:Missing atom OXT in residue PHE A 406
2026-09-12 00:23:49,136 INFO:main.py:618:non_trivial:Attempting to repair 1 missing atoms in biomolecule.
2026-09-12 00:23:49,138 WARNING:biomolecule.py:157:num_missing_heavy:Missing atom OXT in residue PHE A 406
2026-09-12 00:23:49,139 INFO:biomolecule.py:1077:repair_heavy:Added atom OXT to residue PHE A 406 at coordinates 29.958, 49.504, 144.328
2026-09-12 00:23:49,139 INFO:main.py:623:non_trivial:Updating disulfide bridges.
2026-09-12 00:23:49,139 INFO:main.py:626:non_trivial:Debumping biomolecule.
2026-09-12 00:23:49,220 WARNING:debump.py:172:debump_biomolecule:WARNING: Unable to debump PHE A 406
2026-09-12 00:23:49,220 INFO:main.py:649:non_trivial:Adding hydrogens to biomolecule.
2026-09-12 00:23:49,426 INFO:main.py:652:non_trivial:Debumping biomolecule (again).
2026-09-12 00:23:49,745 WARNING:debump.py:172:debump_biomolecule:WARNING: Unable to debump PHE A 406
2026-09-12 00:23:49,745 INFO:main.py:654:non_trivial:Optimizing hydrogen bonds
2026-09-12 00:23:50,139 INFO:main.py:666:non_trivial:Applying force field to biomolecule states.
2026-09-12 00:23:50,143 INFO:main.py:713:non_trivial:Regenerating headers.
2026-09-12 00:23:50,145 INFO:main.py:738:non_trivial:Regenerating PDB lines.
2026-09-12 00:23:50,165 WARNING:main.py:311:print_pqr:Ignoring 392 header lines in output.
2026-09-12 00:30:05,429 INFO:main.py:240:print_splash_screen:PDB2PQR v3.6.1: biomolecular structure conversion software.
2026-09-12 00:30:05,430 INFO:main.py:242:print_splash_screen:Please cite:  Jurrus E, et al.  Improvements to the APBS biomolecular solvation software suite.  Protein Sci 27 112-128 (2018).
2026-09-12 00:30:05,430 INFO:main.py:242:print_splash_screen:Please cite:  Dolinsky TJ, et al.  PDB2PQR: expanding and upgrading automated preparation of biomolecular structures for molecular simulations. Nucleic Acids Res 35 W522-W525 (2007).
2026-09-12 00:30:05,430 INFO:main.py:759:main_driver:Checking and transforming input arguments.
2026-09-12 00:30:05,432 INFO:main.py:763:main_driver:Loading topology files.
2026-09-12 00:30:05,477 INFO:main.py:765:main_driver:Loading molecule: structures/2I00_clean.pdb
2026-09-12 00:30:05,498 INFO:main.py:770:main_driver:Setting up molecule.
2026-09-12 00:30:05,509 INFO:main.py:408:setup_molecule:Created biomolecule object with 397 residues and 3318 atoms.
2026-09-12 00:30:05,509 INFO:main.py:774:main_driver:Setting termini states for biomolecule chains.
2026-09-12 00:30:05,515 INFO:main.py:604:non_trivial:Loading forcefield.
2026-09-12 00:30:05,522 INFO:main.py:608:non_trivial:Loading hydrogen topology definitions.
2026-09-12 00:30:05,526 WARNING:biomolecule.py:157:num_missing_heavy:Missing atom OXT in residue PHE A 406
2026-09-12 00:30:05,527 WARNING:biomolecule.py:157:num_missing_heavy:Missing atom OXT in residue PHE A 406
2026-09-12 00:30:05,527 INFO:main.py:618:non_trivial:Attempting to repair 1 missing atoms in biomolecule.
2026-09-12 00:30:05,528 WARNING:biomolecule.py:157:num_missing_heavy:Missing atom OXT in residue PHE A 406
2026-09-12 00:30:05,529 INFO:biomolecule.py:1077:repair_heavy:Added atom OXT to residue PHE A 406 at coordinates 29.958, 49.504, 144.328
2026-09-12 00:30:05,529 INFO:main.py:623:non_trivial:Updating disulfide bridges.
2026-09-12 00:30:05,530 INFO:main.py:626:non_trivial:Debumping biomolecule.
2026-09-12 00:30:05,610 WARNING:debump.py:172:debump_biomolecule:WARNING: Unable to debump PHE A 406
2026-09-12 00:30:05,610 INFO:main.py:649:non_trivial:Adding hydrogens to biomolecule.
2026-09-12 00:30:05,814 INFO:main.py:652:non_trivial:Debumping biomolecule (again).
2026-09-12 00:30:06,139 WARNING:debump.py:172:debump_biomolecule:WARNING: Unable to debump PHE A 406
2026-09-12 00:30:06,139 INFO:main.py:654:non_trivial:Optimizing hydrogen bonds
2026-09-12 00:30:06,540 INFO:main.py:666:non_trivial:Applying force field to biomolecule states.
2026-09-12 00:30:06,544 INFO:main.py:713:non_trivial:Regenerating headers.
2026-09-12 00:30:06,546 INFO:main.py:738:non_trivial:Regenerating PDB lines.
2026-09-12 00:30:06,567 WARNING:main.py:311:print_pqr:Ignoring 392 header lines in output.
