2026-09-12 00:33:12,379 INFO:main.py:240:print_splash_screen:PDB2PQR v3.6.1: biomolecular structure conversion software.
2026-09-12 00:33:12,379 INFO:main.py:242:print_splash_screen:Please cite:  Jurrus E, et al.  Improvements to the APBS biomolecular solvation software suite.  Protein Sci 27 112-128 (2018).
2026-09-12 00:33:12,379 INFO:main.py:242:print_splash_screen:Please cite:  Dolinsky TJ, et al.  PDB2PQR: expanding and upgrading automated preparation of biomolecular structures for molecular simulations. Nucleic Acids Res 35 W522-W525 (2007).
2026-09-12 00:33:12,379 INFO:main.py:759:main_driver:Checking and transforming input arguments.
2026-09-12 00:33:12,380 INFO:main.py:763:main_driver:Loading topology files.
2026-09-12 00:33:12,425 INFO:main.py:765:main_driver:Loading molecule: structures/2VFC_clean.pdb
2026-09-12 00:33:12,440 INFO:main.py:770:main_driver:Setting up molecule.
2026-09-12 00:33:12,446 INFO:main.py:408:setup_molecule:Created biomolecule object with 272 residues and 2095 atoms.
2026-09-12 00:33:12,446 INFO:main.py:774:main_driver:Setting termini states for biomolecule chains.
2026-09-12 00:33:12,452 INFO:main.py:604:non_trivial:Loading forcefield.
2026-09-12 00:33:12,460 INFO:main.py:608:non_trivial:Loading hydrogen topology definitions.
2026-09-12 00:33:12,464 WARNING:biomolecule.py:157:num_missing_heavy:Missing atom CG in residue ASP A 251
2026-09-12 00:33:12,464 WARNING:biomolecule.py:157:num_missing_heavy:Missing atom OD1 in residue ASP A 251
2026-09-12 00:33:12,464 WARNING:biomolecule.py:157:num_missing_heavy:Missing atom OD2 in residue ASP A 251
2026-09-12 00:33:12,464 WARNING:biomolecule.py:157:num_missing_heavy:Missing atom OXT in residue PHE A 275
2026-09-12 00:33:12,465 WARNING:biomolecule.py:157:num_missing_heavy:Missing atom CG in residue ASP A 251
2026-09-12 00:33:12,465 WARNING:biomolecule.py:157:num_missing_heavy:Missing atom OD1 in residue ASP A 251
2026-09-12 00:33:12,465 WARNING:biomolecule.py:157:num_missing_heavy:Missing atom OD2 in residue ASP A 251
2026-09-12 00:33:12,465 WARNING:biomolecule.py:157:num_missing_heavy:Missing atom OXT in residue PHE A 275
2026-09-12 00:33:12,465 INFO:main.py:618:non_trivial:Attempting to repair 4 missing atoms in biomolecule.
2026-09-12 00:33:12,466 WARNING:biomolecule.py:157:num_missing_heavy:Missing atom CG in residue ASP A 251
2026-09-12 00:33:12,466 WARNING:biomolecule.py:157:num_missing_heavy:Missing atom OD1 in residue ASP A 251
2026-09-12 00:33:12,466 WARNING:biomolecule.py:157:num_missing_heavy:Missing atom OD2 in residue ASP A 251
2026-09-12 00:33:12,466 WARNING:biomolecule.py:157:num_missing_heavy:Missing atom OXT in residue PHE A 275
2026-09-12 00:33:12,467 INFO:biomolecule.py:1077:repair_heavy:Added atom CG to residue ASP A 251 at coordinates -3.761, -5.031, 7.239
2026-09-12 00:33:12,467 INFO:biomolecule.py:1077:repair_heavy:Added atom OD1 to residue ASP A 251 at coordinates -4.249, -5.101, 6.099
2026-09-12 00:33:12,468 INFO:biomolecule.py:1077:repair_heavy:Added atom OD2 to residue ASP A 251 at coordinates -4.333, -5.515, 8.245
2026-09-12 00:33:12,468 INFO:biomolecule.py:1077:repair_heavy:Added atom OXT to residue PHE A 275 at coordinates 8.091, -23.705, 4.004
2026-09-12 00:33:12,468 INFO:main.py:623:non_trivial:Updating disulfide bridges.
2026-09-12 00:33:12,468 INFO:main.py:626:non_trivial:Debumping biomolecule.
2026-09-12 00:33:12,501 INFO:main.py:649:non_trivial:Adding hydrogens to biomolecule.
2026-09-12 00:33:12,632 INFO:main.py:652:non_trivial:Debumping biomolecule (again).
2026-09-12 00:33:12,784 WARNING:debump.py:172:debump_biomolecule:WARNING: Unable to debump CYS A 274
2026-09-12 00:33:12,785 INFO:main.py:654:non_trivial:Optimizing hydrogen bonds
2026-09-12 00:33:13,014 INFO:main.py:666:non_trivial:Applying force field to biomolecule states.
2026-09-12 00:33:13,017 INFO:main.py:713:non_trivial:Regenerating headers.
2026-09-12 00:33:13,018 INFO:main.py:738:non_trivial:Regenerating PDB lines.
2026-09-12 00:33:13,032 WARNING:main.py:311:print_pqr:Ignoring 391 header lines in output.
