2026-09-11 23:21:56,130 INFO:main.py:240:print_splash_screen:PDB2PQR v3.6.1: biomolecular structure conversion software.
2026-09-11 23:21:56,130 INFO:main.py:242:print_splash_screen:Please cite:  Jurrus E, et al.  Improvements to the APBS biomolecular solvation software suite.  Protein Sci 27 112-128 (2018).
2026-09-11 23:21:56,130 INFO:main.py:242:print_splash_screen:Please cite:  Dolinsky TJ, et al.  PDB2PQR: expanding and upgrading automated preparation of biomolecular structures for molecular simulations. Nucleic Acids Res 35 W522-W525 (2007).
2026-09-11 23:21:56,130 INFO:main.py:759:main_driver:Checking and transforming input arguments.
2026-09-11 23:21:56,132 INFO:main.py:763:main_driver:Loading topology files.
2026-09-11 23:21:56,176 INFO:main.py:765:main_driver:Loading molecule: structures/2VYU.pdb
2026-09-11 23:21:56,197 INFO:main.py:770:main_driver:Setting up molecule.
2026-09-11 23:21:56,204 WARNING:biomolecule.py:992:create_residue:Unable to find amino or nucleic acid definition for CHT.  Parsing as new residue.
2026-09-11 23:21:56,205 WARNING:biomolecule.py:992:create_residue:Unable to find amino or nucleic acid definition for CHT.  Parsing as new residue.
2026-09-11 23:21:56,205 WARNING:biomolecule.py:992:create_residue:Unable to find amino or nucleic acid definition for CHT.  Parsing as new residue.
2026-09-11 23:21:56,205 WARNING:biomolecule.py:992:create_residue:Unable to find amino or nucleic acid definition for CHT.  Parsing as new residue.
2026-09-11 23:21:56,205 WARNING:biomolecule.py:992:create_residue:Unable to find amino or nucleic acid definition for CHT.  Parsing as new residue.
2026-09-11 23:21:56,205 WARNING:biomolecule.py:992:create_residue:Unable to find amino or nucleic acid definition for CHT.  Parsing as new residue.
2026-09-11 23:21:56,205 WARNING:biomolecule.py:992:create_residue:Unable to find amino or nucleic acid definition for CHT.  Parsing as new residue.
2026-09-11 23:21:56,207 INFO:main.py:408:setup_molecule:Created biomolecule object with 584 residues and 2818 atoms.
2026-09-11 23:21:56,207 INFO:main.py:774:main_driver:Setting termini states for biomolecule chains.
2026-09-11 23:21:56,211 WARNING:biomolecule.py:615:update_bonds:Gap in backbone detected between PHE A 167 and ALA A 179!
2026-09-11 23:21:56,212 INFO:main.py:604:non_trivial:Loading forcefield.
2026-09-11 23:21:56,220 INFO:main.py:608:non_trivial:Loading hydrogen topology definitions.
2026-09-11 23:21:56,224 INFO:main.py:459:is_repairable:This biomolecule is clean.  No repair needed.
2026-09-11 23:21:56,225 INFO:main.py:623:non_trivial:Updating disulfide bridges.
2026-09-11 23:21:56,225 INFO:main.py:626:non_trivial:Debumping biomolecule.
2026-09-11 23:21:56,268 INFO:main.py:649:non_trivial:Adding hydrogens to biomolecule.
2026-09-11 23:21:56,411 INFO:main.py:652:non_trivial:Debumping biomolecule (again).
2026-09-11 23:21:56,595 INFO:main.py:654:non_trivial:Optimizing hydrogen bonds
2026-09-11 23:21:56,749 WARNING:debump.py:354:get_closest_atom:Skipped atom during water optimization: O in HOH A 729 skipped when optimizing O in HOH A 748
2026-09-11 23:21:56,770 WARNING:debump.py:354:get_closest_atom:Skipped atom during water optimization: O in HOH A 757 skipped when optimizing O in HOH A 766
2026-09-11 23:21:56,772 WARNING:debump.py:354:get_closest_atom:Skipped atom during water optimization: H2 in HOH A 757 skipped when optimizing H2 in HOH A 766
2026-09-11 23:21:56,772 WARNING:debump.py:354:get_closest_atom:Skipped atom during water optimization: H2 in HOH A 757 skipped when optimizing H2 in HOH A 766
2026-09-11 23:21:56,774 WARNING:debump.py:354:get_closest_atom:Skipped atom during water optimization: H2 in HOH A 757 skipped when optimizing H2 in HOH A 766
2026-09-11 23:21:56,775 WARNING:debump.py:354:get_closest_atom:Skipped atom during water optimization: H2 in HOH A 757 skipped when optimizing H2 in HOH A 766
2026-09-11 23:21:56,775 WARNING:debump.py:354:get_closest_atom:Skipped atom during water optimization: H2 in HOH A 757 skipped when optimizing H2 in HOH A 766
2026-09-11 23:21:56,776 WARNING:debump.py:354:get_closest_atom:Skipped atom during water optimization: H2 in HOH A 757 skipped when optimizing H2 in HOH A 766
2026-09-11 23:21:56,777 WARNING:debump.py:354:get_closest_atom:Skipped atom during water optimization: H2 in HOH A 757 skipped when optimizing H2 in HOH A 766
2026-09-11 23:21:56,777 WARNING:io.py:40:filter:Suppressing further "Skipped atom during water optimization" messages
2026-09-11 23:21:59,071 INFO:main.py:666:non_trivial:Applying force field to biomolecule states.
2026-09-11 23:21:59,075 INFO:main.py:713:non_trivial:Regenerating headers.
2026-09-11 23:21:59,076 INFO:main.py:738:non_trivial:Regenerating PDB lines.
2026-09-11 23:21:59,100 WARNING:main.py:311:print_pqr:Ignoring 2376 header lines in output.
2026-09-11 23:21:59,100 WARNING:main.py:315:print_pqr:Ignoring 49 missing lines in output.
2026-09-11 23:36:54,144 INFO:main.py:240:print_splash_screen:PDB2PQR v3.6.1: biomolecular structure conversion software.
2026-09-11 23:36:54,144 INFO:main.py:242:print_splash_screen:Please cite:  Jurrus E, et al.  Improvements to the APBS biomolecular solvation software suite.  Protein Sci 27 112-128 (2018).
2026-09-11 23:36:54,145 INFO:main.py:242:print_splash_screen:Please cite:  Dolinsky TJ, et al.  PDB2PQR: expanding and upgrading automated preparation of biomolecular structures for molecular simulations. Nucleic Acids Res 35 W522-W525 (2007).
2026-09-11 23:36:54,145 INFO:main.py:759:main_driver:Checking and transforming input arguments.
2026-09-11 23:36:54,146 INFO:main.py:763:main_driver:Loading topology files.
2026-09-11 23:36:54,189 INFO:main.py:765:main_driver:Loading molecule: structures/2VYU.pdb
2026-09-11 23:36:54,198 INFO:main.py:770:main_driver:Setting up molecule.
2026-09-11 23:36:54,206 WARNING:biomolecule.py:992:create_residue:Unable to find amino or nucleic acid definition for CHT.  Parsing as new residue.
2026-09-11 23:36:54,206 WARNING:biomolecule.py:992:create_residue:Unable to find amino or nucleic acid definition for CHT.  Parsing as new residue.
2026-09-11 23:36:54,206 WARNING:biomolecule.py:992:create_residue:Unable to find amino or nucleic acid definition for CHT.  Parsing as new residue.
2026-09-11 23:36:54,207 WARNING:biomolecule.py:992:create_residue:Unable to find amino or nucleic acid definition for CHT.  Parsing as new residue.
2026-09-11 23:36:54,207 WARNING:biomolecule.py:992:create_residue:Unable to find amino or nucleic acid definition for CHT.  Parsing as new residue.
2026-09-11 23:36:54,207 WARNING:biomolecule.py:992:create_residue:Unable to find amino or nucleic acid definition for CHT.  Parsing as new residue.
2026-09-11 23:36:54,207 WARNING:biomolecule.py:992:create_residue:Unable to find amino or nucleic acid definition for CHT.  Parsing as new residue.
2026-09-11 23:36:54,208 INFO:main.py:408:setup_molecule:Created biomolecule object with 584 residues and 2818 atoms.
2026-09-11 23:36:54,209 INFO:main.py:774:main_driver:Setting termini states for biomolecule chains.
2026-09-11 23:36:54,213 WARNING:biomolecule.py:615:update_bonds:Gap in backbone detected between PHE A 167 and ALA A 179!
2026-09-11 23:36:54,214 INFO:main.py:604:non_trivial:Loading forcefield.
2026-09-11 23:36:54,221 INFO:main.py:608:non_trivial:Loading hydrogen topology definitions.
2026-09-11 23:36:54,225 INFO:main.py:459:is_repairable:This biomolecule is clean.  No repair needed.
2026-09-11 23:36:54,225 INFO:main.py:623:non_trivial:Updating disulfide bridges.
2026-09-11 23:36:54,225 INFO:main.py:626:non_trivial:Debumping biomolecule.
2026-09-11 23:36:54,268 INFO:main.py:649:non_trivial:Adding hydrogens to biomolecule.
2026-09-11 23:36:54,414 INFO:main.py:652:non_trivial:Debumping biomolecule (again).
2026-09-11 23:36:54,594 INFO:main.py:654:non_trivial:Optimizing hydrogen bonds
2026-09-11 23:36:54,746 WARNING:debump.py:354:get_closest_atom:Skipped atom during water optimization: O in HOH A 729 skipped when optimizing O in HOH A 748
2026-09-11 23:36:54,768 WARNING:debump.py:354:get_closest_atom:Skipped atom during water optimization: O in HOH A 757 skipped when optimizing O in HOH A 766
2026-09-11 23:36:54,769 WARNING:debump.py:354:get_closest_atom:Skipped atom during water optimization: H2 in HOH A 757 skipped when optimizing H2 in HOH A 766
2026-09-11 23:36:54,770 WARNING:debump.py:354:get_closest_atom:Skipped atom during water optimization: H2 in HOH A 757 skipped when optimizing H2 in HOH A 766
2026-09-11 23:36:54,772 WARNING:debump.py:354:get_closest_atom:Skipped atom during water optimization: H2 in HOH A 757 skipped when optimizing H2 in HOH A 766
2026-09-11 23:36:54,773 WARNING:debump.py:354:get_closest_atom:Skipped atom during water optimization: H2 in HOH A 757 skipped when optimizing H2 in HOH A 766
2026-09-11 23:36:54,773 WARNING:debump.py:354:get_closest_atom:Skipped atom during water optimization: H2 in HOH A 757 skipped when optimizing H2 in HOH A 766
2026-09-11 23:36:54,773 WARNING:debump.py:354:get_closest_atom:Skipped atom during water optimization: H2 in HOH A 757 skipped when optimizing H2 in HOH A 766
2026-09-11 23:36:54,774 WARNING:debump.py:354:get_closest_atom:Skipped atom during water optimization: H2 in HOH A 757 skipped when optimizing H2 in HOH A 766
2026-09-11 23:36:54,774 WARNING:io.py:40:filter:Suppressing further "Skipped atom during water optimization" messages
2026-09-11 23:36:57,009 INFO:main.py:666:non_trivial:Applying force field to biomolecule states.
2026-09-11 23:36:57,013 INFO:main.py:713:non_trivial:Regenerating headers.
2026-09-11 23:36:57,015 INFO:main.py:738:non_trivial:Regenerating PDB lines.
2026-09-11 23:36:57,036 WARNING:main.py:311:print_pqr:Ignoring 2376 header lines in output.
2026-09-11 23:36:57,036 WARNING:main.py:315:print_pqr:Ignoring 49 missing lines in output.
2026-09-11 23:47:28,499 INFO:main.py:240:print_splash_screen:PDB2PQR v3.6.1: biomolecular structure conversion software.
2026-09-11 23:47:28,499 INFO:main.py:242:print_splash_screen:Please cite:  Jurrus E, et al.  Improvements to the APBS biomolecular solvation software suite.  Protein Sci 27 112-128 (2018).
2026-09-11 23:47:28,500 INFO:main.py:242:print_splash_screen:Please cite:  Dolinsky TJ, et al.  PDB2PQR: expanding and upgrading automated preparation of biomolecular structures for molecular simulations. Nucleic Acids Res 35 W522-W525 (2007).
2026-09-11 23:47:28,500 INFO:main.py:759:main_driver:Checking and transforming input arguments.
2026-09-11 23:47:28,501 INFO:main.py:763:main_driver:Loading topology files.
2026-09-11 23:47:28,543 INFO:main.py:765:main_driver:Loading molecule: structures/2VYU_clean.pdb
2026-09-11 23:47:28,571 INFO:main.py:770:main_driver:Setting up molecule.
2026-09-11 23:47:28,580 WARNING:biomolecule.py:992:create_residue:Unable to find amino or nucleic acid definition for CHT.  Parsing as new residue.
2026-09-11 23:47:28,580 WARNING:biomolecule.py:992:create_residue:Unable to find amino or nucleic acid definition for CHT.  Parsing as new residue.
2026-09-11 23:47:28,580 WARNING:biomolecule.py:992:create_residue:Unable to find amino or nucleic acid definition for CHT.  Parsing as new residue.
2026-09-11 23:47:28,581 WARNING:biomolecule.py:992:create_residue:Unable to find amino or nucleic acid definition for CHT.  Parsing as new residue.
2026-09-11 23:47:28,581 WARNING:biomolecule.py:992:create_residue:Unable to find amino or nucleic acid definition for CHT.  Parsing as new residue.
2026-09-11 23:47:28,581 WARNING:biomolecule.py:992:create_residue:Unable to find amino or nucleic acid definition for CHT.  Parsing as new residue.
2026-09-11 23:47:28,581 WARNING:biomolecule.py:992:create_residue:Unable to find amino or nucleic acid definition for CHT.  Parsing as new residue.
2026-09-11 23:47:28,582 INFO:main.py:408:setup_molecule:Created biomolecule object with 584 residues and 2818 atoms.
2026-09-11 23:47:28,583 INFO:main.py:774:main_driver:Setting termini states for biomolecule chains.
2026-09-11 23:47:28,586 WARNING:biomolecule.py:615:update_bonds:Gap in backbone detected between PHE A 167 and ALA A 179!
2026-09-11 23:47:28,587 INFO:main.py:604:non_trivial:Loading forcefield.
2026-09-11 23:47:28,595 INFO:main.py:608:non_trivial:Loading hydrogen topology definitions.
2026-09-11 23:47:28,600 INFO:main.py:459:is_repairable:This biomolecule is clean.  No repair needed.
2026-09-11 23:47:28,601 INFO:main.py:623:non_trivial:Updating disulfide bridges.
2026-09-11 23:47:28,601 INFO:main.py:626:non_trivial:Debumping biomolecule.
2026-09-11 23:47:28,643 INFO:main.py:649:non_trivial:Adding hydrogens to biomolecule.
2026-09-11 23:47:28,792 INFO:main.py:652:non_trivial:Debumping biomolecule (again).
2026-09-11 23:47:28,976 INFO:main.py:654:non_trivial:Optimizing hydrogen bonds
2026-09-11 23:47:29,130 WARNING:debump.py:354:get_closest_atom:Skipped atom during water optimization: O in HOH A 729 skipped when optimizing O in HOH A 748
2026-09-11 23:47:29,152 WARNING:debump.py:354:get_closest_atom:Skipped atom during water optimization: O in HOH A 757 skipped when optimizing O in HOH A 766
2026-09-11 23:47:29,153 WARNING:debump.py:354:get_closest_atom:Skipped atom during water optimization: H2 in HOH A 757 skipped when optimizing H2 in HOH A 766
2026-09-11 23:47:29,154 WARNING:debump.py:354:get_closest_atom:Skipped atom during water optimization: H2 in HOH A 757 skipped when optimizing H2 in HOH A 766
2026-09-11 23:47:29,156 WARNING:debump.py:354:get_closest_atom:Skipped atom during water optimization: H2 in HOH A 757 skipped when optimizing H2 in HOH A 766
2026-09-11 23:47:29,156 WARNING:debump.py:354:get_closest_atom:Skipped atom during water optimization: H2 in HOH A 757 skipped when optimizing H2 in HOH A 766
2026-09-11 23:47:29,157 WARNING:debump.py:354:get_closest_atom:Skipped atom during water optimization: H2 in HOH A 757 skipped when optimizing H2 in HOH A 766
2026-09-11 23:47:29,158 WARNING:debump.py:354:get_closest_atom:Skipped atom during water optimization: H2 in HOH A 757 skipped when optimizing H2 in HOH A 766
2026-09-11 23:47:29,158 WARNING:debump.py:354:get_closest_atom:Skipped atom during water optimization: H2 in HOH A 757 skipped when optimizing H2 in HOH A 766
2026-09-11 23:47:29,159 WARNING:io.py:40:filter:Suppressing further "Skipped atom during water optimization" messages
2026-09-11 23:47:31,469 INFO:main.py:666:non_trivial:Applying force field to biomolecule states.
2026-09-11 23:47:31,473 INFO:main.py:713:non_trivial:Regenerating headers.
2026-09-11 23:47:31,474 INFO:main.py:738:non_trivial:Regenerating PDB lines.
2026-09-11 23:47:31,492 WARNING:main.py:311:print_pqr:Ignoring 2376 header lines in output.
2026-09-11 23:47:31,492 WARNING:main.py:315:print_pqr:Ignoring 49 missing lines in output.
2026-09-11 23:55:12,732 INFO:main.py:240:print_splash_screen:PDB2PQR v3.6.1: biomolecular structure conversion software.
2026-09-11 23:55:12,732 INFO:main.py:242:print_splash_screen:Please cite:  Jurrus E, et al.  Improvements to the APBS biomolecular solvation software suite.  Protein Sci 27 112-128 (2018).
2026-09-11 23:55:12,732 INFO:main.py:242:print_splash_screen:Please cite:  Dolinsky TJ, et al.  PDB2PQR: expanding and upgrading automated preparation of biomolecular structures for molecular simulations. Nucleic Acids Res 35 W522-W525 (2007).
2026-09-11 23:55:12,732 INFO:main.py:759:main_driver:Checking and transforming input arguments.
2026-09-11 23:55:12,734 INFO:main.py:763:main_driver:Loading topology files.
2026-09-11 23:55:12,777 INFO:main.py:765:main_driver:Loading molecule: structures/2VYU_clean.pdb
2026-09-11 23:55:12,800 INFO:main.py:770:main_driver:Setting up molecule.
2026-09-11 23:55:12,809 WARNING:biomolecule.py:992:create_residue:Unable to find amino or nucleic acid definition for CHT.  Parsing as new residue.
2026-09-11 23:55:12,809 WARNING:biomolecule.py:992:create_residue:Unable to find amino or nucleic acid definition for CHT.  Parsing as new residue.
2026-09-11 23:55:12,809 WARNING:biomolecule.py:992:create_residue:Unable to find amino or nucleic acid definition for CHT.  Parsing as new residue.
2026-09-11 23:55:12,810 WARNING:biomolecule.py:992:create_residue:Unable to find amino or nucleic acid definition for CHT.  Parsing as new residue.
2026-09-11 23:55:12,810 WARNING:biomolecule.py:992:create_residue:Unable to find amino or nucleic acid definition for CHT.  Parsing as new residue.
2026-09-11 23:55:12,810 WARNING:biomolecule.py:992:create_residue:Unable to find amino or nucleic acid definition for CHT.  Parsing as new residue.
2026-09-11 23:55:12,810 WARNING:biomolecule.py:992:create_residue:Unable to find amino or nucleic acid definition for CHT.  Parsing as new residue.
2026-09-11 23:55:12,812 INFO:main.py:408:setup_molecule:Created biomolecule object with 584 residues and 2818 atoms.
2026-09-11 23:55:12,812 INFO:main.py:774:main_driver:Setting termini states for biomolecule chains.
2026-09-11 23:55:12,816 WARNING:biomolecule.py:615:update_bonds:Gap in backbone detected between PHE A 167 and ALA A 179!
2026-09-11 23:55:12,817 INFO:main.py:604:non_trivial:Loading forcefield.
2026-09-11 23:55:12,826 INFO:main.py:608:non_trivial:Loading hydrogen topology definitions.
2026-09-11 23:55:12,829 INFO:main.py:459:is_repairable:This biomolecule is clean.  No repair needed.
2026-09-11 23:55:12,829 INFO:main.py:623:non_trivial:Updating disulfide bridges.
2026-09-11 23:55:12,830 INFO:main.py:626:non_trivial:Debumping biomolecule.
2026-09-11 23:55:12,875 INFO:main.py:649:non_trivial:Adding hydrogens to biomolecule.
2026-09-11 23:55:13,019 INFO:main.py:652:non_trivial:Debumping biomolecule (again).
2026-09-11 23:55:13,203 INFO:main.py:654:non_trivial:Optimizing hydrogen bonds
2026-09-11 23:55:13,357 WARNING:debump.py:354:get_closest_atom:Skipped atom during water optimization: O in HOH A 729 skipped when optimizing O in HOH A 748
2026-09-11 23:55:13,379 WARNING:debump.py:354:get_closest_atom:Skipped atom during water optimization: O in HOH A 757 skipped when optimizing O in HOH A 766
2026-09-11 23:55:13,380 WARNING:debump.py:354:get_closest_atom:Skipped atom during water optimization: H2 in HOH A 757 skipped when optimizing H2 in HOH A 766
2026-09-11 23:55:13,381 WARNING:debump.py:354:get_closest_atom:Skipped atom during water optimization: H2 in HOH A 757 skipped when optimizing H2 in HOH A 766
2026-09-11 23:55:13,383 WARNING:debump.py:354:get_closest_atom:Skipped atom during water optimization: H2 in HOH A 757 skipped when optimizing H2 in HOH A 766
2026-09-11 23:55:13,383 WARNING:debump.py:354:get_closest_atom:Skipped atom during water optimization: H2 in HOH A 757 skipped when optimizing H2 in HOH A 766
2026-09-11 23:55:13,384 WARNING:debump.py:354:get_closest_atom:Skipped atom during water optimization: H2 in HOH A 757 skipped when optimizing H2 in HOH A 766
2026-09-11 23:55:13,384 WARNING:debump.py:354:get_closest_atom:Skipped atom during water optimization: H2 in HOH A 757 skipped when optimizing H2 in HOH A 766
2026-09-11 23:55:13,385 WARNING:debump.py:354:get_closest_atom:Skipped atom during water optimization: H2 in HOH A 757 skipped when optimizing H2 in HOH A 766
2026-09-11 23:55:13,386 WARNING:io.py:40:filter:Suppressing further "Skipped atom during water optimization" messages
2026-09-11 23:55:15,669 INFO:main.py:666:non_trivial:Applying force field to biomolecule states.
2026-09-11 23:55:15,673 INFO:main.py:713:non_trivial:Regenerating headers.
2026-09-11 23:55:15,675 INFO:main.py:738:non_trivial:Regenerating PDB lines.
2026-09-11 23:55:15,695 WARNING:main.py:311:print_pqr:Ignoring 2376 header lines in output.
2026-09-11 23:55:15,695 WARNING:main.py:315:print_pqr:Ignoring 49 missing lines in output.
2026-09-12 00:02:33,404 INFO:main.py:240:print_splash_screen:PDB2PQR v3.6.1: biomolecular structure conversion software.
2026-09-12 00:02:33,404 INFO:main.py:242:print_splash_screen:Please cite:  Jurrus E, et al.  Improvements to the APBS biomolecular solvation software suite.  Protein Sci 27 112-128 (2018).
2026-09-12 00:02:33,404 INFO:main.py:242:print_splash_screen:Please cite:  Dolinsky TJ, et al.  PDB2PQR: expanding and upgrading automated preparation of biomolecular structures for molecular simulations. Nucleic Acids Res 35 W522-W525 (2007).
2026-09-12 00:02:33,404 INFO:main.py:759:main_driver:Checking and transforming input arguments.
2026-09-12 00:02:33,405 INFO:main.py:763:main_driver:Loading topology files.
2026-09-12 00:02:33,450 INFO:main.py:765:main_driver:Loading molecule: structures/2VYU_clean.pdb
2026-09-12 00:02:33,469 INFO:main.py:770:main_driver:Setting up molecule.
2026-09-12 00:02:33,476 INFO:main.py:408:setup_molecule:Created biomolecule object with 300 residues and 2492 atoms.
2026-09-12 00:02:33,477 INFO:main.py:774:main_driver:Setting termini states for biomolecule chains.
2026-09-12 00:02:33,481 WARNING:biomolecule.py:615:update_bonds:Gap in backbone detected between PHE A 167 and ALA A 179!
2026-09-12 00:02:33,482 INFO:main.py:604:non_trivial:Loading forcefield.
2026-09-12 00:02:33,489 INFO:main.py:608:non_trivial:Loading hydrogen topology definitions.
2026-09-12 00:02:33,494 INFO:main.py:459:is_repairable:This biomolecule is clean.  No repair needed.
2026-09-12 00:02:33,494 INFO:main.py:623:non_trivial:Updating disulfide bridges.
2026-09-12 00:02:33,495 INFO:main.py:626:non_trivial:Debumping biomolecule.
2026-09-12 00:02:33,540 INFO:main.py:649:non_trivial:Adding hydrogens to biomolecule.
2026-09-12 00:02:33,685 INFO:main.py:652:non_trivial:Debumping biomolecule (again).
2026-09-12 00:02:33,863 INFO:main.py:654:non_trivial:Optimizing hydrogen bonds
2026-09-12 00:02:34,375 INFO:main.py:666:non_trivial:Applying force field to biomolecule states.
2026-09-12 00:02:34,379 INFO:main.py:713:non_trivial:Regenerating headers.
2026-09-12 00:02:34,380 INFO:main.py:738:non_trivial:Regenerating PDB lines.
2026-09-12 00:02:34,396 WARNING:main.py:311:print_pqr:Ignoring 391 header lines in output.
2026-09-12 00:08:26,052 INFO:main.py:240:print_splash_screen:PDB2PQR v3.6.1: biomolecular structure conversion software.
2026-09-12 00:08:26,052 INFO:main.py:242:print_splash_screen:Please cite:  Jurrus E, et al.  Improvements to the APBS biomolecular solvation software suite.  Protein Sci 27 112-128 (2018).
2026-09-12 00:08:26,053 INFO:main.py:242:print_splash_screen:Please cite:  Dolinsky TJ, et al.  PDB2PQR: expanding and upgrading automated preparation of biomolecular structures for molecular simulations. Nucleic Acids Res 35 W522-W525 (2007).
2026-09-12 00:08:26,053 INFO:main.py:759:main_driver:Checking and transforming input arguments.
2026-09-12 00:08:26,054 INFO:main.py:763:main_driver:Loading topology files.
2026-09-12 00:08:26,098 INFO:main.py:765:main_driver:Loading molecule: structures/2VYU_clean.pdb
2026-09-12 00:08:26,114 INFO:main.py:770:main_driver:Setting up molecule.
2026-09-12 00:08:26,121 INFO:main.py:408:setup_molecule:Created biomolecule object with 300 residues and 2492 atoms.
2026-09-12 00:08:26,122 INFO:main.py:774:main_driver:Setting termini states for biomolecule chains.
2026-09-12 00:08:26,126 WARNING:biomolecule.py:615:update_bonds:Gap in backbone detected between PHE A 167 and ALA A 179!
2026-09-12 00:08:26,127 INFO:main.py:604:non_trivial:Loading forcefield.
2026-09-12 00:08:26,135 INFO:main.py:608:non_trivial:Loading hydrogen topology definitions.
2026-09-12 00:08:26,138 INFO:main.py:459:is_repairable:This biomolecule is clean.  No repair needed.
2026-09-12 00:08:26,138 INFO:main.py:623:non_trivial:Updating disulfide bridges.
2026-09-12 00:08:26,138 INFO:main.py:626:non_trivial:Debumping biomolecule.
2026-09-12 00:08:26,181 INFO:main.py:649:non_trivial:Adding hydrogens to biomolecule.
2026-09-12 00:08:26,326 INFO:main.py:652:non_trivial:Debumping biomolecule (again).
2026-09-12 00:08:26,511 INFO:main.py:654:non_trivial:Optimizing hydrogen bonds
2026-09-12 00:08:27,014 INFO:main.py:666:non_trivial:Applying force field to biomolecule states.
2026-09-12 00:08:27,017 INFO:main.py:713:non_trivial:Regenerating headers.
2026-09-12 00:08:27,018 INFO:main.py:738:non_trivial:Regenerating PDB lines.
2026-09-12 00:08:27,034 WARNING:main.py:311:print_pqr:Ignoring 391 header lines in output.
2026-09-12 00:16:45,050 INFO:main.py:240:print_splash_screen:PDB2PQR v3.6.1: biomolecular structure conversion software.
2026-09-12 00:16:45,050 INFO:main.py:242:print_splash_screen:Please cite:  Jurrus E, et al.  Improvements to the APBS biomolecular solvation software suite.  Protein Sci 27 112-128 (2018).
2026-09-12 00:16:45,050 INFO:main.py:242:print_splash_screen:Please cite:  Dolinsky TJ, et al.  PDB2PQR: expanding and upgrading automated preparation of biomolecular structures for molecular simulations. Nucleic Acids Res 35 W522-W525 (2007).
2026-09-12 00:16:45,051 INFO:main.py:759:main_driver:Checking and transforming input arguments.
2026-09-12 00:16:45,052 INFO:main.py:763:main_driver:Loading topology files.
2026-09-12 00:16:45,096 INFO:main.py:765:main_driver:Loading molecule: structures/2VYU_clean.pdb
2026-09-12 00:16:45,112 INFO:main.py:770:main_driver:Setting up molecule.
2026-09-12 00:16:45,119 INFO:main.py:408:setup_molecule:Created biomolecule object with 300 residues and 2492 atoms.
2026-09-12 00:16:45,120 INFO:main.py:774:main_driver:Setting termini states for biomolecule chains.
2026-09-12 00:16:45,124 WARNING:biomolecule.py:615:update_bonds:Gap in backbone detected between PHE A 167 and ALA A 179!
2026-09-12 00:16:45,125 INFO:main.py:604:non_trivial:Loading forcefield.
2026-09-12 00:16:45,134 INFO:main.py:608:non_trivial:Loading hydrogen topology definitions.
2026-09-12 00:16:45,138 INFO:main.py:459:is_repairable:This biomolecule is clean.  No repair needed.
2026-09-12 00:16:45,138 INFO:main.py:623:non_trivial:Updating disulfide bridges.
2026-09-12 00:16:45,138 INFO:main.py:626:non_trivial:Debumping biomolecule.
2026-09-12 00:16:45,180 INFO:main.py:649:non_trivial:Adding hydrogens to biomolecule.
2026-09-12 00:16:45,325 INFO:main.py:652:non_trivial:Debumping biomolecule (again).
2026-09-12 00:16:45,506 INFO:main.py:654:non_trivial:Optimizing hydrogen bonds
2026-09-12 00:16:46,008 INFO:main.py:666:non_trivial:Applying force field to biomolecule states.
2026-09-12 00:16:46,011 INFO:main.py:713:non_trivial:Regenerating headers.
2026-09-12 00:16:46,012 INFO:main.py:738:non_trivial:Regenerating PDB lines.
2026-09-12 00:16:46,028 WARNING:main.py:311:print_pqr:Ignoring 391 header lines in output.
2026-09-12 00:23:05,170 INFO:main.py:240:print_splash_screen:PDB2PQR v3.6.1: biomolecular structure conversion software.
2026-09-12 00:23:05,171 INFO:main.py:242:print_splash_screen:Please cite:  Jurrus E, et al.  Improvements to the APBS biomolecular solvation software suite.  Protein Sci 27 112-128 (2018).
2026-09-12 00:23:05,171 INFO:main.py:242:print_splash_screen:Please cite:  Dolinsky TJ, et al.  PDB2PQR: expanding and upgrading automated preparation of biomolecular structures for molecular simulations. Nucleic Acids Res 35 W522-W525 (2007).
2026-09-12 00:23:05,171 INFO:main.py:759:main_driver:Checking and transforming input arguments.
2026-09-12 00:23:05,173 INFO:main.py:763:main_driver:Loading topology files.
2026-09-12 00:23:05,215 INFO:main.py:765:main_driver:Loading molecule: structures/2VYU_clean.pdb
2026-09-12 00:23:05,232 INFO:main.py:770:main_driver:Setting up molecule.
2026-09-12 00:23:05,240 INFO:main.py:408:setup_molecule:Created biomolecule object with 300 residues and 2492 atoms.
2026-09-12 00:23:05,241 INFO:main.py:774:main_driver:Setting termini states for biomolecule chains.
2026-09-12 00:23:05,246 WARNING:biomolecule.py:615:update_bonds:Gap in backbone detected between PHE A 167 and ALA A 179!
2026-09-12 00:23:05,247 INFO:main.py:604:non_trivial:Loading forcefield.
2026-09-12 00:23:05,256 INFO:main.py:608:non_trivial:Loading hydrogen topology definitions.
2026-09-12 00:23:05,260 INFO:main.py:459:is_repairable:This biomolecule is clean.  No repair needed.
2026-09-12 00:23:05,261 INFO:main.py:623:non_trivial:Updating disulfide bridges.
2026-09-12 00:23:05,261 INFO:main.py:626:non_trivial:Debumping biomolecule.
2026-09-12 00:23:05,303 INFO:main.py:649:non_trivial:Adding hydrogens to biomolecule.
2026-09-12 00:23:05,446 INFO:main.py:652:non_trivial:Debumping biomolecule (again).
2026-09-12 00:23:05,625 INFO:main.py:654:non_trivial:Optimizing hydrogen bonds
2026-09-12 00:23:06,136 INFO:main.py:666:non_trivial:Applying force field to biomolecule states.
2026-09-12 00:23:06,139 INFO:main.py:713:non_trivial:Regenerating headers.
2026-09-12 00:23:06,140 INFO:main.py:738:non_trivial:Regenerating PDB lines.
2026-09-12 00:23:06,156 WARNING:main.py:311:print_pqr:Ignoring 391 header lines in output.
2026-09-12 00:29:21,148 INFO:main.py:240:print_splash_screen:PDB2PQR v3.6.1: biomolecular structure conversion software.
2026-09-12 00:29:21,148 INFO:main.py:242:print_splash_screen:Please cite:  Jurrus E, et al.  Improvements to the APBS biomolecular solvation software suite.  Protein Sci 27 112-128 (2018).
2026-09-12 00:29:21,148 INFO:main.py:242:print_splash_screen:Please cite:  Dolinsky TJ, et al.  PDB2PQR: expanding and upgrading automated preparation of biomolecular structures for molecular simulations. Nucleic Acids Res 35 W522-W525 (2007).
2026-09-12 00:29:21,148 INFO:main.py:759:main_driver:Checking and transforming input arguments.
2026-09-12 00:29:21,149 INFO:main.py:763:main_driver:Loading topology files.
2026-09-12 00:29:21,193 INFO:main.py:765:main_driver:Loading molecule: structures/2VYU_clean.pdb
2026-09-12 00:29:21,208 INFO:main.py:770:main_driver:Setting up molecule.
2026-09-12 00:29:21,217 INFO:main.py:408:setup_molecule:Created biomolecule object with 300 residues and 2492 atoms.
2026-09-12 00:29:21,217 INFO:main.py:774:main_driver:Setting termini states for biomolecule chains.
2026-09-12 00:29:21,221 WARNING:biomolecule.py:615:update_bonds:Gap in backbone detected between PHE A 167 and ALA A 179!
2026-09-12 00:29:21,222 INFO:main.py:604:non_trivial:Loading forcefield.
2026-09-12 00:29:21,230 INFO:main.py:608:non_trivial:Loading hydrogen topology definitions.
2026-09-12 00:29:21,234 INFO:main.py:459:is_repairable:This biomolecule is clean.  No repair needed.
2026-09-12 00:29:21,234 INFO:main.py:623:non_trivial:Updating disulfide bridges.
2026-09-12 00:29:21,234 INFO:main.py:626:non_trivial:Debumping biomolecule.
2026-09-12 00:29:21,277 INFO:main.py:649:non_trivial:Adding hydrogens to biomolecule.
2026-09-12 00:29:21,420 INFO:main.py:652:non_trivial:Debumping biomolecule (again).
2026-09-12 00:29:21,601 INFO:main.py:654:non_trivial:Optimizing hydrogen bonds
2026-09-12 00:29:22,106 INFO:main.py:666:non_trivial:Applying force field to biomolecule states.
2026-09-12 00:29:22,110 INFO:main.py:713:non_trivial:Regenerating headers.
2026-09-12 00:29:22,111 INFO:main.py:738:non_trivial:Regenerating PDB lines.
2026-09-12 00:29:22,127 WARNING:main.py:311:print_pqr:Ignoring 391 header lines in output.
