2026-09-11 23:18:39,291 INFO:main.py:240:print_splash_screen:PDB2PQR v3.6.1: biomolecular structure conversion software.
2026-09-11 23:18:39,292 INFO:main.py:242:print_splash_screen:Please cite:  Jurrus E, et al.  Improvements to the APBS biomolecular solvation software suite.  Protein Sci 27 112-128 (2018).
2026-09-11 23:18:39,292 INFO:main.py:242:print_splash_screen:Please cite:  Dolinsky TJ, et al.  PDB2PQR: expanding and upgrading automated preparation of biomolecular structures for molecular simulations. Nucleic Acids Res 35 W522-W525 (2007).
2026-09-11 23:18:39,292 INFO:main.py:759:main_driver:Checking and transforming input arguments.
2026-09-11 23:18:39,293 INFO:main.py:763:main_driver:Loading topology files.
2026-09-11 23:18:39,340 INFO:main.py:765:main_driver:Loading molecule: structures/2WW5.pdb
2026-09-11 23:18:39,363 INFO:main.py:770:main_driver:Setting up molecule.
2026-09-11 23:18:39,376 WARNING:biomolecule.py:992:create_residue:Unable to find amino or nucleic acid definition for GOL.  Parsing as new residue.
2026-09-11 23:18:39,376 WARNING:biomolecule.py:992:create_residue:Unable to find amino or nucleic acid definition for GOL.  Parsing as new residue.
2026-09-11 23:18:39,376 WARNING:biomolecule.py:992:create_residue:Unable to find amino or nucleic acid definition for GOL.  Parsing as new residue.
2026-09-11 23:18:39,376 WARNING:biomolecule.py:992:create_residue:Unable to find amino or nucleic acid definition for GOL.  Parsing as new residue.
2026-09-11 23:18:39,376 WARNING:biomolecule.py:992:create_residue:Unable to find amino or nucleic acid definition for GOL.  Parsing as new residue.
2026-09-11 23:18:39,377 WARNING:biomolecule.py:992:create_residue:Unable to find amino or nucleic acid definition for GOL.  Parsing as new residue.
2026-09-11 23:18:39,377 WARNING:biomolecule.py:992:create_residue:Unable to find amino or nucleic acid definition for GOL.  Parsing as new residue.
2026-09-11 23:18:39,377 WARNING:biomolecule.py:992:create_residue:Unable to find amino or nucleic acid definition for CHT.  Parsing as new residue.
2026-09-11 23:18:39,377 WARNING:biomolecule.py:992:create_residue:Unable to find amino or nucleic acid definition for CHT.  Parsing as new residue.
2026-09-11 23:18:39,377 WARNING:io.py:40:filter:Suppressing further "Unable to find amino or nucleic acid definition for" messages
2026-09-11 23:18:39,379 INFO:main.py:408:setup_molecule:Created biomolecule object with 1012 residues and 4303 atoms.
2026-09-11 23:18:39,379 WARNING:main.py:418:setup_molecule:Multiple occupancies found: CD in LYS A 89.
2026-09-11 23:18:39,380 WARNING:main.py:418:setup_molecule:Multiple occupancies found: CE in LYS A 89.
2026-09-11 23:18:39,380 WARNING:main.py:418:setup_molecule:Multiple occupancies found: NZ in LYS A 89.
2026-09-11 23:18:39,380 WARNING:main.py:424:setup_molecule:Multiple occupancies found in LYS A 89. At least one of the instances is being ignored.
2026-09-11 23:18:39,380 WARNING:main.py:418:setup_molecule:Multiple occupancies found: OG in SER A 103.
2026-09-11 23:18:39,380 WARNING:main.py:424:setup_molecule:Multiple occupancies found in SER A 103. At least one of the instances is being ignored.
2026-09-11 23:18:39,380 WARNING:main.py:418:setup_molecule:Multiple occupancies found: CG in LYS A 285.
2026-09-11 23:18:39,380 WARNING:main.py:418:setup_molecule:Multiple occupancies found: CD in LYS A 285.
2026-09-11 23:18:39,380 WARNING:main.py:418:setup_molecule:Multiple occupancies found: CE in LYS A 285.
2026-09-11 23:18:39,380 WARNING:main.py:418:setup_molecule:Multiple occupancies found: NZ in LYS A 285.
2026-09-11 23:18:39,380 WARNING:main.py:424:setup_molecule:Multiple occupancies found in LYS A 285. At least one of the instances is being ignored.
2026-09-11 23:18:39,381 WARNING:main.py:418:setup_molecule:Multiple occupancies found: OG in SER A 409.
2026-09-11 23:18:39,381 WARNING:main.py:424:setup_molecule:Multiple occupancies found in SER A 409. At least one of the instances is being ignored.
2026-09-11 23:18:39,381 WARNING:main.py:418:setup_molecule:Multiple occupancies found: OG in SER A 452.
2026-09-11 23:18:39,381 WARNING:main.py:424:setup_molecule:Multiple occupancies found in SER A 452. At least one of the instances is being ignored.
2026-09-11 23:18:39,381 INFO:main.py:774:main_driver:Setting termini states for biomolecule chains.
2026-09-11 23:18:39,389 INFO:main.py:604:non_trivial:Loading forcefield.
2026-09-11 23:18:39,397 INFO:main.py:608:non_trivial:Loading hydrogen topology definitions.
2026-09-11 23:18:39,401 INFO:main.py:459:is_repairable:This biomolecule is clean.  No repair needed.
2026-09-11 23:18:39,402 INFO:main.py:623:non_trivial:Updating disulfide bridges.
2026-09-11 23:18:39,402 INFO:main.py:626:non_trivial:Debumping biomolecule.
2026-09-11 23:18:39,464 INFO:main.py:649:non_trivial:Adding hydrogens to biomolecule.
2026-09-11 23:18:39,678 INFO:main.py:652:non_trivial:Debumping biomolecule (again).
2026-09-11 23:18:39,954 INFO:main.py:654:non_trivial:Optimizing hydrogen bonds
2026-09-11 23:18:40,426 WARNING:debump.py:354:get_closest_atom:Skipped atom during water optimization: H2 in HOH A 2010 skipped when optimizing H1 in HOH A 2012
2026-09-11 23:18:40,427 WARNING:debump.py:354:get_closest_atom:Skipped atom during water optimization: LP1 in HOH A 2023 skipped when optimizing H2 in HOH A 2031
2026-09-11 23:18:40,428 WARNING:debump.py:354:get_closest_atom:Skipped atom during water optimization: LP1 in HOH A 2023 skipped when optimizing H2 in HOH A 2031
2026-09-11 23:18:40,429 WARNING:debump.py:354:get_closest_atom:Skipped atom during water optimization: H1 in HOH A 2031 skipped when optimizing H2 in HOH A 2023
2026-09-11 23:18:40,430 WARNING:debump.py:354:get_closest_atom:Skipped atom during water optimization: H1 in HOH A 2031 skipped when optimizing H2 in HOH A 2023
2026-09-11 23:18:40,436 WARNING:debump.py:354:get_closest_atom:Skipped atom during water optimization: H2 in HOH A 2029 skipped when optimizing H1 in HOH A 2026
2026-09-11 23:18:40,437 WARNING:debump.py:354:get_closest_atom:Skipped atom during water optimization: H2 in HOH A 2029 skipped when optimizing H1 in HOH A 2026
2026-09-11 23:18:40,437 WARNING:debump.py:354:get_closest_atom:Skipped atom during water optimization: H2 in HOH A 2029 skipped when optimizing H1 in HOH A 2026
2026-09-11 23:18:40,438 WARNING:debump.py:354:get_closest_atom:Skipped atom during water optimization: H2 in HOH A 2029 skipped when optimizing H1 in HOH A 2026
2026-09-11 23:18:40,439 WARNING:io.py:40:filter:Suppressing further "Skipped atom during water optimization" messages
2026-09-11 23:18:44,885 INFO:main.py:666:non_trivial:Applying force field to biomolecule states.
2026-09-11 23:18:44,891 INFO:main.py:713:non_trivial:Regenerating headers.
2026-09-11 23:18:44,894 INFO:main.py:738:non_trivial:Regenerating PDB lines.
2026-09-11 23:18:44,925 WARNING:main.py:311:print_pqr:Ignoring 3826 header lines in output.
2026-09-11 23:18:44,925 WARNING:main.py:315:print_pqr:Ignoring 93 missing lines in output.
2026-09-11 23:33:38,134 INFO:main.py:240:print_splash_screen:PDB2PQR v3.6.1: biomolecular structure conversion software.
2026-09-11 23:33:38,134 INFO:main.py:242:print_splash_screen:Please cite:  Jurrus E, et al.  Improvements to the APBS biomolecular solvation software suite.  Protein Sci 27 112-128 (2018).
2026-09-11 23:33:38,134 INFO:main.py:242:print_splash_screen:Please cite:  Dolinsky TJ, et al.  PDB2PQR: expanding and upgrading automated preparation of biomolecular structures for molecular simulations. Nucleic Acids Res 35 W522-W525 (2007).
2026-09-11 23:33:38,134 INFO:main.py:759:main_driver:Checking and transforming input arguments.
2026-09-11 23:33:38,136 INFO:main.py:763:main_driver:Loading topology files.
2026-09-11 23:33:38,182 INFO:main.py:765:main_driver:Loading molecule: structures/2WW5.pdb
2026-09-11 23:33:38,196 INFO:main.py:770:main_driver:Setting up molecule.
2026-09-11 23:33:38,209 WARNING:biomolecule.py:992:create_residue:Unable to find amino or nucleic acid definition for GOL.  Parsing as new residue.
2026-09-11 23:33:38,210 WARNING:biomolecule.py:992:create_residue:Unable to find amino or nucleic acid definition for GOL.  Parsing as new residue.
2026-09-11 23:33:38,210 WARNING:biomolecule.py:992:create_residue:Unable to find amino or nucleic acid definition for GOL.  Parsing as new residue.
2026-09-11 23:33:38,210 WARNING:biomolecule.py:992:create_residue:Unable to find amino or nucleic acid definition for GOL.  Parsing as new residue.
2026-09-11 23:33:38,210 WARNING:biomolecule.py:992:create_residue:Unable to find amino or nucleic acid definition for GOL.  Parsing as new residue.
2026-09-11 23:33:38,211 WARNING:biomolecule.py:992:create_residue:Unable to find amino or nucleic acid definition for GOL.  Parsing as new residue.
2026-09-11 23:33:38,211 WARNING:biomolecule.py:992:create_residue:Unable to find amino or nucleic acid definition for GOL.  Parsing as new residue.
2026-09-11 23:33:38,211 WARNING:biomolecule.py:992:create_residue:Unable to find amino or nucleic acid definition for CHT.  Parsing as new residue.
2026-09-11 23:33:38,211 WARNING:biomolecule.py:992:create_residue:Unable to find amino or nucleic acid definition for CHT.  Parsing as new residue.
2026-09-11 23:33:38,211 WARNING:io.py:40:filter:Suppressing further "Unable to find amino or nucleic acid definition for" messages
2026-09-11 23:33:38,214 INFO:main.py:408:setup_molecule:Created biomolecule object with 1012 residues and 4303 atoms.
2026-09-11 23:33:38,214 WARNING:main.py:418:setup_molecule:Multiple occupancies found: CD in LYS A 89.
2026-09-11 23:33:38,214 WARNING:main.py:418:setup_molecule:Multiple occupancies found: CE in LYS A 89.
2026-09-11 23:33:38,215 WARNING:main.py:418:setup_molecule:Multiple occupancies found: NZ in LYS A 89.
2026-09-11 23:33:38,215 WARNING:main.py:424:setup_molecule:Multiple occupancies found in LYS A 89. At least one of the instances is being ignored.
2026-09-11 23:33:38,215 WARNING:main.py:418:setup_molecule:Multiple occupancies found: OG in SER A 103.
2026-09-11 23:33:38,215 WARNING:main.py:424:setup_molecule:Multiple occupancies found in SER A 103. At least one of the instances is being ignored.
2026-09-11 23:33:38,215 WARNING:main.py:418:setup_molecule:Multiple occupancies found: CG in LYS A 285.
2026-09-11 23:33:38,215 WARNING:main.py:418:setup_molecule:Multiple occupancies found: CD in LYS A 285.
2026-09-11 23:33:38,215 WARNING:main.py:418:setup_molecule:Multiple occupancies found: CE in LYS A 285.
2026-09-11 23:33:38,216 WARNING:main.py:418:setup_molecule:Multiple occupancies found: NZ in LYS A 285.
2026-09-11 23:33:38,216 WARNING:main.py:424:setup_molecule:Multiple occupancies found in LYS A 285. At least one of the instances is being ignored.
2026-09-11 23:33:38,216 WARNING:main.py:418:setup_molecule:Multiple occupancies found: OG in SER A 409.
2026-09-11 23:33:38,216 WARNING:main.py:424:setup_molecule:Multiple occupancies found in SER A 409. At least one of the instances is being ignored.
2026-09-11 23:33:38,216 WARNING:main.py:418:setup_molecule:Multiple occupancies found: OG in SER A 452.
2026-09-11 23:33:38,216 WARNING:main.py:424:setup_molecule:Multiple occupancies found in SER A 452. At least one of the instances is being ignored.
2026-09-11 23:33:38,216 INFO:main.py:774:main_driver:Setting termini states for biomolecule chains.
2026-09-11 23:33:38,223 INFO:main.py:604:non_trivial:Loading forcefield.
2026-09-11 23:33:38,230 INFO:main.py:608:non_trivial:Loading hydrogen topology definitions.
2026-09-11 23:33:38,235 INFO:main.py:459:is_repairable:This biomolecule is clean.  No repair needed.
2026-09-11 23:33:38,235 INFO:main.py:623:non_trivial:Updating disulfide bridges.
2026-09-11 23:33:38,236 INFO:main.py:626:non_trivial:Debumping biomolecule.
2026-09-11 23:33:38,308 INFO:main.py:649:non_trivial:Adding hydrogens to biomolecule.
2026-09-11 23:33:38,527 INFO:main.py:652:non_trivial:Debumping biomolecule (again).
2026-09-11 23:33:38,795 INFO:main.py:654:non_trivial:Optimizing hydrogen bonds
2026-09-11 23:33:39,251 WARNING:debump.py:354:get_closest_atom:Skipped atom during water optimization: H2 in HOH A 2010 skipped when optimizing H1 in HOH A 2012
2026-09-11 23:33:39,252 WARNING:debump.py:354:get_closest_atom:Skipped atom during water optimization: LP1 in HOH A 2023 skipped when optimizing H2 in HOH A 2031
2026-09-11 23:33:39,253 WARNING:debump.py:354:get_closest_atom:Skipped atom during water optimization: LP1 in HOH A 2023 skipped when optimizing H2 in HOH A 2031
2026-09-11 23:33:39,253 WARNING:debump.py:354:get_closest_atom:Skipped atom during water optimization: H1 in HOH A 2031 skipped when optimizing H2 in HOH A 2023
2026-09-11 23:33:39,254 WARNING:debump.py:354:get_closest_atom:Skipped atom during water optimization: H1 in HOH A 2031 skipped when optimizing H2 in HOH A 2023
2026-09-11 23:33:39,260 WARNING:debump.py:354:get_closest_atom:Skipped atom during water optimization: H2 in HOH A 2029 skipped when optimizing H1 in HOH A 2026
2026-09-11 23:33:39,261 WARNING:debump.py:354:get_closest_atom:Skipped atom during water optimization: H2 in HOH A 2029 skipped when optimizing H1 in HOH A 2026
2026-09-11 23:33:39,261 WARNING:debump.py:354:get_closest_atom:Skipped atom during water optimization: H2 in HOH A 2029 skipped when optimizing H1 in HOH A 2026
2026-09-11 23:33:39,262 WARNING:debump.py:354:get_closest_atom:Skipped atom during water optimization: H2 in HOH A 2029 skipped when optimizing H1 in HOH A 2026
2026-09-11 23:33:39,263 WARNING:io.py:40:filter:Suppressing further "Skipped atom during water optimization" messages
2026-09-11 23:33:43,611 INFO:main.py:666:non_trivial:Applying force field to biomolecule states.
2026-09-11 23:33:43,617 INFO:main.py:713:non_trivial:Regenerating headers.
2026-09-11 23:33:43,619 INFO:main.py:738:non_trivial:Regenerating PDB lines.
2026-09-11 23:33:43,650 WARNING:main.py:311:print_pqr:Ignoring 3826 header lines in output.
2026-09-11 23:33:43,651 WARNING:main.py:315:print_pqr:Ignoring 93 missing lines in output.
2026-09-11 23:44:13,164 INFO:main.py:240:print_splash_screen:PDB2PQR v3.6.1: biomolecular structure conversion software.
2026-09-11 23:44:13,164 INFO:main.py:242:print_splash_screen:Please cite:  Jurrus E, et al.  Improvements to the APBS biomolecular solvation software suite.  Protein Sci 27 112-128 (2018).
2026-09-11 23:44:13,164 INFO:main.py:242:print_splash_screen:Please cite:  Dolinsky TJ, et al.  PDB2PQR: expanding and upgrading automated preparation of biomolecular structures for molecular simulations. Nucleic Acids Res 35 W522-W525 (2007).
2026-09-11 23:44:13,164 INFO:main.py:759:main_driver:Checking and transforming input arguments.
2026-09-11 23:44:13,166 INFO:main.py:763:main_driver:Loading topology files.
2026-09-11 23:44:13,208 INFO:main.py:765:main_driver:Loading molecule: structures/2WW5_clean.pdb
2026-09-11 23:44:13,234 INFO:main.py:770:main_driver:Setting up molecule.
2026-09-11 23:44:13,246 WARNING:biomolecule.py:992:create_residue:Unable to find amino or nucleic acid definition for GOL.  Parsing as new residue.
2026-09-11 23:44:13,246 WARNING:biomolecule.py:992:create_residue:Unable to find amino or nucleic acid definition for GOL.  Parsing as new residue.
2026-09-11 23:44:13,246 WARNING:biomolecule.py:992:create_residue:Unable to find amino or nucleic acid definition for GOL.  Parsing as new residue.
2026-09-11 23:44:13,246 WARNING:biomolecule.py:992:create_residue:Unable to find amino or nucleic acid definition for GOL.  Parsing as new residue.
2026-09-11 23:44:13,247 WARNING:biomolecule.py:992:create_residue:Unable to find amino or nucleic acid definition for GOL.  Parsing as new residue.
2026-09-11 23:44:13,247 WARNING:biomolecule.py:992:create_residue:Unable to find amino or nucleic acid definition for GOL.  Parsing as new residue.
2026-09-11 23:44:13,247 WARNING:biomolecule.py:992:create_residue:Unable to find amino or nucleic acid definition for GOL.  Parsing as new residue.
2026-09-11 23:44:13,247 WARNING:biomolecule.py:992:create_residue:Unable to find amino or nucleic acid definition for CHT.  Parsing as new residue.
2026-09-11 23:44:13,247 WARNING:biomolecule.py:992:create_residue:Unable to find amino or nucleic acid definition for CHT.  Parsing as new residue.
2026-09-11 23:44:13,248 WARNING:io.py:40:filter:Suppressing further "Unable to find amino or nucleic acid definition for" messages
2026-09-11 23:44:13,252 INFO:main.py:408:setup_molecule:Created biomolecule object with 1012 residues and 4303 atoms.
2026-09-11 23:44:13,252 WARNING:main.py:418:setup_molecule:Multiple occupancies found: CD in LYS A 89.
2026-09-11 23:44:13,253 WARNING:main.py:418:setup_molecule:Multiple occupancies found: CE in LYS A 89.
2026-09-11 23:44:13,253 WARNING:main.py:418:setup_molecule:Multiple occupancies found: NZ in LYS A 89.
2026-09-11 23:44:13,253 WARNING:main.py:424:setup_molecule:Multiple occupancies found in LYS A 89. At least one of the instances is being ignored.
2026-09-11 23:44:13,253 WARNING:main.py:418:setup_molecule:Multiple occupancies found: OG in SER A 103.
2026-09-11 23:44:13,253 WARNING:main.py:424:setup_molecule:Multiple occupancies found in SER A 103. At least one of the instances is being ignored.
2026-09-11 23:44:13,254 WARNING:main.py:418:setup_molecule:Multiple occupancies found: CG in LYS A 285.
2026-09-11 23:44:13,254 WARNING:main.py:418:setup_molecule:Multiple occupancies found: CD in LYS A 285.
2026-09-11 23:44:13,254 WARNING:main.py:418:setup_molecule:Multiple occupancies found: CE in LYS A 285.
2026-09-11 23:44:13,254 WARNING:main.py:418:setup_molecule:Multiple occupancies found: NZ in LYS A 285.
2026-09-11 23:44:13,254 WARNING:main.py:424:setup_molecule:Multiple occupancies found in LYS A 285. At least one of the instances is being ignored.
2026-09-11 23:44:13,254 WARNING:main.py:418:setup_molecule:Multiple occupancies found: OG in SER A 409.
2026-09-11 23:44:13,254 WARNING:main.py:424:setup_molecule:Multiple occupancies found in SER A 409. At least one of the instances is being ignored.
2026-09-11 23:44:13,254 WARNING:main.py:418:setup_molecule:Multiple occupancies found: OG in SER A 452.
2026-09-11 23:44:13,254 WARNING:main.py:424:setup_molecule:Multiple occupancies found in SER A 452. At least one of the instances is being ignored.
2026-09-11 23:44:13,254 INFO:main.py:774:main_driver:Setting termini states for biomolecule chains.
2026-09-11 23:44:13,261 INFO:main.py:604:non_trivial:Loading forcefield.
2026-09-11 23:44:13,271 INFO:main.py:608:non_trivial:Loading hydrogen topology definitions.
2026-09-11 23:44:13,276 INFO:main.py:459:is_repairable:This biomolecule is clean.  No repair needed.
2026-09-11 23:44:13,276 INFO:main.py:623:non_trivial:Updating disulfide bridges.
2026-09-11 23:44:13,277 INFO:main.py:626:non_trivial:Debumping biomolecule.
2026-09-11 23:44:13,339 INFO:main.py:649:non_trivial:Adding hydrogens to biomolecule.
2026-09-11 23:44:13,553 INFO:main.py:652:non_trivial:Debumping biomolecule (again).
2026-09-11 23:44:13,831 INFO:main.py:654:non_trivial:Optimizing hydrogen bonds
2026-09-11 23:44:14,285 WARNING:debump.py:354:get_closest_atom:Skipped atom during water optimization: H2 in HOH A 2010 skipped when optimizing H1 in HOH A 2012
2026-09-11 23:44:14,287 WARNING:debump.py:354:get_closest_atom:Skipped atom during water optimization: LP1 in HOH A 2023 skipped when optimizing H2 in HOH A 2031
2026-09-11 23:44:14,288 WARNING:debump.py:354:get_closest_atom:Skipped atom during water optimization: LP1 in HOH A 2023 skipped when optimizing H2 in HOH A 2031
2026-09-11 23:44:14,288 WARNING:debump.py:354:get_closest_atom:Skipped atom during water optimization: H1 in HOH A 2031 skipped when optimizing H2 in HOH A 2023
2026-09-11 23:44:14,289 WARNING:debump.py:354:get_closest_atom:Skipped atom during water optimization: H1 in HOH A 2031 skipped when optimizing H2 in HOH A 2023
2026-09-11 23:44:14,296 WARNING:debump.py:354:get_closest_atom:Skipped atom during water optimization: H2 in HOH A 2029 skipped when optimizing H1 in HOH A 2026
2026-09-11 23:44:14,297 WARNING:debump.py:354:get_closest_atom:Skipped atom during water optimization: H2 in HOH A 2029 skipped when optimizing H1 in HOH A 2026
2026-09-11 23:44:14,298 WARNING:debump.py:354:get_closest_atom:Skipped atom during water optimization: H2 in HOH A 2029 skipped when optimizing H1 in HOH A 2026
2026-09-11 23:44:14,299 WARNING:debump.py:354:get_closest_atom:Skipped atom during water optimization: H2 in HOH A 2029 skipped when optimizing H1 in HOH A 2026
2026-09-11 23:44:14,300 WARNING:io.py:40:filter:Suppressing further "Skipped atom during water optimization" messages
2026-09-11 23:44:18,707 INFO:main.py:666:non_trivial:Applying force field to biomolecule states.
2026-09-11 23:44:18,713 INFO:main.py:713:non_trivial:Regenerating headers.
2026-09-11 23:44:18,715 INFO:main.py:738:non_trivial:Regenerating PDB lines.
2026-09-11 23:44:18,759 WARNING:main.py:311:print_pqr:Ignoring 3826 header lines in output.
2026-09-11 23:44:18,760 WARNING:main.py:315:print_pqr:Ignoring 93 missing lines in output.
2026-09-11 23:51:57,175 INFO:main.py:240:print_splash_screen:PDB2PQR v3.6.1: biomolecular structure conversion software.
2026-09-11 23:51:57,175 INFO:main.py:242:print_splash_screen:Please cite:  Jurrus E, et al.  Improvements to the APBS biomolecular solvation software suite.  Protein Sci 27 112-128 (2018).
2026-09-11 23:51:57,175 INFO:main.py:242:print_splash_screen:Please cite:  Dolinsky TJ, et al.  PDB2PQR: expanding and upgrading automated preparation of biomolecular structures for molecular simulations. Nucleic Acids Res 35 W522-W525 (2007).
2026-09-11 23:51:57,175 INFO:main.py:759:main_driver:Checking and transforming input arguments.
2026-09-11 23:51:57,176 INFO:main.py:763:main_driver:Loading topology files.
2026-09-11 23:51:57,221 INFO:main.py:765:main_driver:Loading molecule: structures/2WW5_clean.pdb
2026-09-11 23:51:57,243 INFO:main.py:770:main_driver:Setting up molecule.
2026-09-11 23:51:57,254 WARNING:biomolecule.py:992:create_residue:Unable to find amino or nucleic acid definition for GOL.  Parsing as new residue.
2026-09-11 23:51:57,254 WARNING:biomolecule.py:992:create_residue:Unable to find amino or nucleic acid definition for GOL.  Parsing as new residue.
2026-09-11 23:51:57,255 WARNING:biomolecule.py:992:create_residue:Unable to find amino or nucleic acid definition for GOL.  Parsing as new residue.
2026-09-11 23:51:57,255 WARNING:biomolecule.py:992:create_residue:Unable to find amino or nucleic acid definition for GOL.  Parsing as new residue.
2026-09-11 23:51:57,255 WARNING:biomolecule.py:992:create_residue:Unable to find amino or nucleic acid definition for GOL.  Parsing as new residue.
2026-09-11 23:51:57,255 WARNING:biomolecule.py:992:create_residue:Unable to find amino or nucleic acid definition for GOL.  Parsing as new residue.
2026-09-11 23:51:57,255 WARNING:biomolecule.py:992:create_residue:Unable to find amino or nucleic acid definition for GOL.  Parsing as new residue.
2026-09-11 23:51:57,255 WARNING:biomolecule.py:992:create_residue:Unable to find amino or nucleic acid definition for CHT.  Parsing as new residue.
2026-09-11 23:51:57,255 WARNING:biomolecule.py:992:create_residue:Unable to find amino or nucleic acid definition for CHT.  Parsing as new residue.
2026-09-11 23:51:57,256 WARNING:io.py:40:filter:Suppressing further "Unable to find amino or nucleic acid definition for" messages
2026-09-11 23:51:57,261 INFO:main.py:408:setup_molecule:Created biomolecule object with 1012 residues and 4303 atoms.
2026-09-11 23:51:57,261 WARNING:main.py:418:setup_molecule:Multiple occupancies found: CD in LYS A 89.
2026-09-11 23:51:57,261 WARNING:main.py:418:setup_molecule:Multiple occupancies found: CE in LYS A 89.
2026-09-11 23:51:57,261 WARNING:main.py:418:setup_molecule:Multiple occupancies found: NZ in LYS A 89.
2026-09-11 23:51:57,261 WARNING:main.py:424:setup_molecule:Multiple occupancies found in LYS A 89. At least one of the instances is being ignored.
2026-09-11 23:51:57,261 WARNING:main.py:418:setup_molecule:Multiple occupancies found: OG in SER A 103.
2026-09-11 23:51:57,261 WARNING:main.py:424:setup_molecule:Multiple occupancies found in SER A 103. At least one of the instances is being ignored.
2026-09-11 23:51:57,262 WARNING:main.py:418:setup_molecule:Multiple occupancies found: CG in LYS A 285.
2026-09-11 23:51:57,262 WARNING:main.py:418:setup_molecule:Multiple occupancies found: CD in LYS A 285.
2026-09-11 23:51:57,262 WARNING:main.py:418:setup_molecule:Multiple occupancies found: CE in LYS A 285.
2026-09-11 23:51:57,262 WARNING:main.py:418:setup_molecule:Multiple occupancies found: NZ in LYS A 285.
2026-09-11 23:51:57,262 WARNING:main.py:424:setup_molecule:Multiple occupancies found in LYS A 285. At least one of the instances is being ignored.
2026-09-11 23:51:57,262 WARNING:main.py:418:setup_molecule:Multiple occupancies found: OG in SER A 409.
2026-09-11 23:51:57,262 WARNING:main.py:424:setup_molecule:Multiple occupancies found in SER A 409. At least one of the instances is being ignored.
2026-09-11 23:51:57,262 WARNING:main.py:418:setup_molecule:Multiple occupancies found: OG in SER A 452.
2026-09-11 23:51:57,263 WARNING:main.py:424:setup_molecule:Multiple occupancies found in SER A 452. At least one of the instances is being ignored.
2026-09-11 23:51:57,263 INFO:main.py:774:main_driver:Setting termini states for biomolecule chains.
2026-09-11 23:51:57,274 INFO:main.py:604:non_trivial:Loading forcefield.
2026-09-11 23:51:57,287 INFO:main.py:608:non_trivial:Loading hydrogen topology definitions.
2026-09-11 23:51:57,294 INFO:main.py:459:is_repairable:This biomolecule is clean.  No repair needed.
2026-09-11 23:51:57,295 INFO:main.py:623:non_trivial:Updating disulfide bridges.
2026-09-11 23:51:57,295 INFO:main.py:626:non_trivial:Debumping biomolecule.
2026-09-11 23:51:57,362 INFO:main.py:649:non_trivial:Adding hydrogens to biomolecule.
2026-09-11 23:51:57,579 INFO:main.py:652:non_trivial:Debumping biomolecule (again).
2026-09-11 23:51:57,854 INFO:main.py:654:non_trivial:Optimizing hydrogen bonds
2026-09-11 23:51:58,307 WARNING:debump.py:354:get_closest_atom:Skipped atom during water optimization: H2 in HOH A 2010 skipped when optimizing H1 in HOH A 2012
2026-09-11 23:51:58,309 WARNING:debump.py:354:get_closest_atom:Skipped atom during water optimization: LP1 in HOH A 2023 skipped when optimizing H2 in HOH A 2031
2026-09-11 23:51:58,310 WARNING:debump.py:354:get_closest_atom:Skipped atom during water optimization: LP1 in HOH A 2023 skipped when optimizing H2 in HOH A 2031
2026-09-11 23:51:58,310 WARNING:debump.py:354:get_closest_atom:Skipped atom during water optimization: H1 in HOH A 2031 skipped when optimizing H2 in HOH A 2023
2026-09-11 23:51:58,311 WARNING:debump.py:354:get_closest_atom:Skipped atom during water optimization: H1 in HOH A 2031 skipped when optimizing H2 in HOH A 2023
2026-09-11 23:51:58,318 WARNING:debump.py:354:get_closest_atom:Skipped atom during water optimization: H2 in HOH A 2029 skipped when optimizing H1 in HOH A 2026
2026-09-11 23:51:58,318 WARNING:debump.py:354:get_closest_atom:Skipped atom during water optimization: H2 in HOH A 2029 skipped when optimizing H1 in HOH A 2026
2026-09-11 23:51:58,319 WARNING:debump.py:354:get_closest_atom:Skipped atom during water optimization: H2 in HOH A 2029 skipped when optimizing H1 in HOH A 2026
2026-09-11 23:51:58,320 WARNING:debump.py:354:get_closest_atom:Skipped atom during water optimization: H2 in HOH A 2029 skipped when optimizing H1 in HOH A 2026
2026-09-11 23:51:58,321 WARNING:io.py:40:filter:Suppressing further "Skipped atom during water optimization" messages
2026-09-11 23:52:02,770 INFO:main.py:666:non_trivial:Applying force field to biomolecule states.
2026-09-11 23:52:02,776 INFO:main.py:713:non_trivial:Regenerating headers.
2026-09-11 23:52:02,778 INFO:main.py:738:non_trivial:Regenerating PDB lines.
2026-09-11 23:52:02,811 WARNING:main.py:311:print_pqr:Ignoring 3826 header lines in output.
2026-09-11 23:52:02,811 WARNING:main.py:315:print_pqr:Ignoring 93 missing lines in output.
2026-09-11 23:59:46,391 INFO:main.py:240:print_splash_screen:PDB2PQR v3.6.1: biomolecular structure conversion software.
2026-09-11 23:59:46,391 INFO:main.py:242:print_splash_screen:Please cite:  Jurrus E, et al.  Improvements to the APBS biomolecular solvation software suite.  Protein Sci 27 112-128 (2018).
2026-09-11 23:59:46,391 INFO:main.py:242:print_splash_screen:Please cite:  Dolinsky TJ, et al.  PDB2PQR: expanding and upgrading automated preparation of biomolecular structures for molecular simulations. Nucleic Acids Res 35 W522-W525 (2007).
2026-09-11 23:59:46,391 INFO:main.py:759:main_driver:Checking and transforming input arguments.
2026-09-11 23:59:46,393 INFO:main.py:763:main_driver:Loading topology files.
2026-09-11 23:59:46,439 INFO:main.py:765:main_driver:Loading molecule: structures/2WW5_clean.pdb
2026-09-11 23:59:46,460 INFO:main.py:770:main_driver:Setting up molecule.
2026-09-11 23:59:46,474 INFO:main.py:408:setup_molecule:Created biomolecule object with 431 residues and 3645 atoms.
2026-09-11 23:59:46,474 WARNING:main.py:418:setup_molecule:Multiple occupancies found: CD in LYS A 89.
2026-09-11 23:59:46,474 WARNING:main.py:418:setup_molecule:Multiple occupancies found: CE in LYS A 89.
2026-09-11 23:59:46,474 WARNING:main.py:418:setup_molecule:Multiple occupancies found: NZ in LYS A 89.
2026-09-11 23:59:46,474 WARNING:main.py:424:setup_molecule:Multiple occupancies found in LYS A 89. At least one of the instances is being ignored.
2026-09-11 23:59:46,474 WARNING:main.py:418:setup_molecule:Multiple occupancies found: OG in SER A 103.
2026-09-11 23:59:46,475 WARNING:main.py:424:setup_molecule:Multiple occupancies found in SER A 103. At least one of the instances is being ignored.
2026-09-11 23:59:46,475 WARNING:main.py:418:setup_molecule:Multiple occupancies found: CG in LYS A 285.
2026-09-11 23:59:46,475 WARNING:main.py:418:setup_molecule:Multiple occupancies found: CD in LYS A 285.
2026-09-11 23:59:46,475 WARNING:main.py:418:setup_molecule:Multiple occupancies found: CE in LYS A 285.
2026-09-11 23:59:46,475 WARNING:main.py:418:setup_molecule:Multiple occupancies found: NZ in LYS A 285.
2026-09-11 23:59:46,475 WARNING:main.py:424:setup_molecule:Multiple occupancies found in LYS A 285. At least one of the instances is being ignored.
2026-09-11 23:59:46,475 WARNING:main.py:418:setup_molecule:Multiple occupancies found: OG in SER A 409.
2026-09-11 23:59:46,475 WARNING:main.py:424:setup_molecule:Multiple occupancies found in SER A 409. At least one of the instances is being ignored.
2026-09-11 23:59:46,476 WARNING:main.py:418:setup_molecule:Multiple occupancies found: OG in SER A 452.
2026-09-11 23:59:46,476 WARNING:main.py:424:setup_molecule:Multiple occupancies found in SER A 452. At least one of the instances is being ignored.
2026-09-11 23:59:46,476 INFO:main.py:774:main_driver:Setting termini states for biomolecule chains.
2026-09-11 23:59:46,482 INFO:main.py:604:non_trivial:Loading forcefield.
2026-09-11 23:59:46,492 INFO:main.py:608:non_trivial:Loading hydrogen topology definitions.
2026-09-11 23:59:46,496 INFO:main.py:459:is_repairable:This biomolecule is clean.  No repair needed.
2026-09-11 23:59:46,496 INFO:main.py:623:non_trivial:Updating disulfide bridges.
2026-09-11 23:59:46,497 INFO:main.py:626:non_trivial:Debumping biomolecule.
2026-09-11 23:59:46,557 INFO:main.py:649:non_trivial:Adding hydrogens to biomolecule.
2026-09-11 23:59:46,776 INFO:main.py:652:non_trivial:Debumping biomolecule (again).
2026-09-11 23:59:47,043 INFO:main.py:654:non_trivial:Optimizing hydrogen bonds
2026-09-11 23:59:47,679 INFO:main.py:666:non_trivial:Applying force field to biomolecule states.
2026-09-11 23:59:47,683 INFO:main.py:713:non_trivial:Regenerating headers.
2026-09-11 23:59:47,685 INFO:main.py:738:non_trivial:Regenerating PDB lines.
2026-09-11 23:59:47,707 WARNING:main.py:311:print_pqr:Ignoring 391 header lines in output.
2026-09-12 00:05:39,310 INFO:main.py:240:print_splash_screen:PDB2PQR v3.6.1: biomolecular structure conversion software.
2026-09-12 00:05:39,310 INFO:main.py:242:print_splash_screen:Please cite:  Jurrus E, et al.  Improvements to the APBS biomolecular solvation software suite.  Protein Sci 27 112-128 (2018).
2026-09-12 00:05:39,310 INFO:main.py:242:print_splash_screen:Please cite:  Dolinsky TJ, et al.  PDB2PQR: expanding and upgrading automated preparation of biomolecular structures for molecular simulations. Nucleic Acids Res 35 W522-W525 (2007).
2026-09-12 00:05:39,310 INFO:main.py:759:main_driver:Checking and transforming input arguments.
2026-09-12 00:05:39,312 INFO:main.py:763:main_driver:Loading topology files.
2026-09-12 00:05:39,356 INFO:main.py:765:main_driver:Loading molecule: structures/2WW5_clean.pdb
2026-09-12 00:05:39,376 INFO:main.py:770:main_driver:Setting up molecule.
2026-09-12 00:05:39,388 INFO:main.py:408:setup_molecule:Created biomolecule object with 431 residues and 3645 atoms.
2026-09-12 00:05:39,388 WARNING:main.py:418:setup_molecule:Multiple occupancies found: CD in LYS A 89.
2026-09-12 00:05:39,388 WARNING:main.py:418:setup_molecule:Multiple occupancies found: CE in LYS A 89.
2026-09-12 00:05:39,389 WARNING:main.py:418:setup_molecule:Multiple occupancies found: NZ in LYS A 89.
2026-09-12 00:05:39,389 WARNING:main.py:424:setup_molecule:Multiple occupancies found in LYS A 89. At least one of the instances is being ignored.
2026-09-12 00:05:39,389 WARNING:main.py:418:setup_molecule:Multiple occupancies found: OG in SER A 103.
2026-09-12 00:05:39,389 WARNING:main.py:424:setup_molecule:Multiple occupancies found in SER A 103. At least one of the instances is being ignored.
2026-09-12 00:05:39,389 WARNING:main.py:418:setup_molecule:Multiple occupancies found: CG in LYS A 285.
2026-09-12 00:05:39,389 WARNING:main.py:418:setup_molecule:Multiple occupancies found: CD in LYS A 285.
2026-09-12 00:05:39,390 WARNING:main.py:418:setup_molecule:Multiple occupancies found: CE in LYS A 285.
2026-09-12 00:05:39,390 WARNING:main.py:418:setup_molecule:Multiple occupancies found: NZ in LYS A 285.
2026-09-12 00:05:39,390 WARNING:main.py:424:setup_molecule:Multiple occupancies found in LYS A 285. At least one of the instances is being ignored.
2026-09-12 00:05:39,390 WARNING:main.py:418:setup_molecule:Multiple occupancies found: OG in SER A 409.
2026-09-12 00:05:39,390 WARNING:main.py:424:setup_molecule:Multiple occupancies found in SER A 409. At least one of the instances is being ignored.
2026-09-12 00:05:39,390 WARNING:main.py:418:setup_molecule:Multiple occupancies found: OG in SER A 452.
2026-09-12 00:05:39,390 WARNING:main.py:424:setup_molecule:Multiple occupancies found in SER A 452. At least one of the instances is being ignored.
2026-09-12 00:05:39,390 INFO:main.py:774:main_driver:Setting termini states for biomolecule chains.
2026-09-12 00:05:39,397 INFO:main.py:604:non_trivial:Loading forcefield.
2026-09-12 00:05:39,408 INFO:main.py:608:non_trivial:Loading hydrogen topology definitions.
2026-09-12 00:05:39,413 INFO:main.py:459:is_repairable:This biomolecule is clean.  No repair needed.
2026-09-12 00:05:39,413 INFO:main.py:623:non_trivial:Updating disulfide bridges.
2026-09-12 00:05:39,413 INFO:main.py:626:non_trivial:Debumping biomolecule.
2026-09-12 00:05:39,475 INFO:main.py:649:non_trivial:Adding hydrogens to biomolecule.
2026-09-12 00:05:39,690 INFO:main.py:652:non_trivial:Debumping biomolecule (again).
2026-09-12 00:05:39,958 INFO:main.py:654:non_trivial:Optimizing hydrogen bonds
2026-09-12 00:05:40,582 INFO:main.py:666:non_trivial:Applying force field to biomolecule states.
2026-09-12 00:05:40,586 INFO:main.py:713:non_trivial:Regenerating headers.
2026-09-12 00:05:40,587 INFO:main.py:738:non_trivial:Regenerating PDB lines.
2026-09-12 00:05:40,610 WARNING:main.py:311:print_pqr:Ignoring 391 header lines in output.
2026-09-12 00:13:58,291 INFO:main.py:240:print_splash_screen:PDB2PQR v3.6.1: biomolecular structure conversion software.
2026-09-12 00:13:58,291 INFO:main.py:242:print_splash_screen:Please cite:  Jurrus E, et al.  Improvements to the APBS biomolecular solvation software suite.  Protein Sci 27 112-128 (2018).
2026-09-12 00:13:58,292 INFO:main.py:242:print_splash_screen:Please cite:  Dolinsky TJ, et al.  PDB2PQR: expanding and upgrading automated preparation of biomolecular structures for molecular simulations. Nucleic Acids Res 35 W522-W525 (2007).
2026-09-12 00:13:58,292 INFO:main.py:759:main_driver:Checking and transforming input arguments.
2026-09-12 00:13:58,293 INFO:main.py:763:main_driver:Loading topology files.
2026-09-12 00:13:58,338 INFO:main.py:765:main_driver:Loading molecule: structures/2WW5_clean.pdb
2026-09-12 00:13:58,359 INFO:main.py:770:main_driver:Setting up molecule.
2026-09-12 00:13:58,372 INFO:main.py:408:setup_molecule:Created biomolecule object with 431 residues and 3645 atoms.
2026-09-12 00:13:58,372 WARNING:main.py:418:setup_molecule:Multiple occupancies found: CD in LYS A 89.
2026-09-12 00:13:58,372 WARNING:main.py:418:setup_molecule:Multiple occupancies found: CE in LYS A 89.
2026-09-12 00:13:58,372 WARNING:main.py:418:setup_molecule:Multiple occupancies found: NZ in LYS A 89.
2026-09-12 00:13:58,372 WARNING:main.py:424:setup_molecule:Multiple occupancies found in LYS A 89. At least one of the instances is being ignored.
2026-09-12 00:13:58,372 WARNING:main.py:418:setup_molecule:Multiple occupancies found: OG in SER A 103.
2026-09-12 00:13:58,373 WARNING:main.py:424:setup_molecule:Multiple occupancies found in SER A 103. At least one of the instances is being ignored.
2026-09-12 00:13:58,373 WARNING:main.py:418:setup_molecule:Multiple occupancies found: CG in LYS A 285.
2026-09-12 00:13:58,373 WARNING:main.py:418:setup_molecule:Multiple occupancies found: CD in LYS A 285.
2026-09-12 00:13:58,373 WARNING:main.py:418:setup_molecule:Multiple occupancies found: CE in LYS A 285.
2026-09-12 00:13:58,373 WARNING:main.py:418:setup_molecule:Multiple occupancies found: NZ in LYS A 285.
2026-09-12 00:13:58,373 WARNING:main.py:424:setup_molecule:Multiple occupancies found in LYS A 285. At least one of the instances is being ignored.
2026-09-12 00:13:58,373 WARNING:main.py:418:setup_molecule:Multiple occupancies found: OG in SER A 409.
2026-09-12 00:13:58,373 WARNING:main.py:424:setup_molecule:Multiple occupancies found in SER A 409. At least one of the instances is being ignored.
2026-09-12 00:13:58,374 WARNING:main.py:418:setup_molecule:Multiple occupancies found: OG in SER A 452.
2026-09-12 00:13:58,374 WARNING:main.py:424:setup_molecule:Multiple occupancies found in SER A 452. At least one of the instances is being ignored.
2026-09-12 00:13:58,374 INFO:main.py:774:main_driver:Setting termini states for biomolecule chains.
2026-09-12 00:13:58,380 INFO:main.py:604:non_trivial:Loading forcefield.
2026-09-12 00:13:58,389 INFO:main.py:608:non_trivial:Loading hydrogen topology definitions.
2026-09-12 00:13:58,394 INFO:main.py:459:is_repairable:This biomolecule is clean.  No repair needed.
2026-09-12 00:13:58,395 INFO:main.py:623:non_trivial:Updating disulfide bridges.
2026-09-12 00:13:58,395 INFO:main.py:626:non_trivial:Debumping biomolecule.
2026-09-12 00:13:58,458 INFO:main.py:649:non_trivial:Adding hydrogens to biomolecule.
2026-09-12 00:13:58,693 INFO:main.py:652:non_trivial:Debumping biomolecule (again).
2026-09-12 00:13:58,964 INFO:main.py:654:non_trivial:Optimizing hydrogen bonds
2026-09-12 00:13:59,589 INFO:main.py:666:non_trivial:Applying force field to biomolecule states.
2026-09-12 00:13:59,594 INFO:main.py:713:non_trivial:Regenerating headers.
2026-09-12 00:13:59,595 INFO:main.py:738:non_trivial:Regenerating PDB lines.
2026-09-12 00:13:59,619 WARNING:main.py:311:print_pqr:Ignoring 391 header lines in output.
2026-09-12 00:20:20,045 INFO:main.py:240:print_splash_screen:PDB2PQR v3.6.1: biomolecular structure conversion software.
2026-09-12 00:20:20,045 INFO:main.py:242:print_splash_screen:Please cite:  Jurrus E, et al.  Improvements to the APBS biomolecular solvation software suite.  Protein Sci 27 112-128 (2018).
2026-09-12 00:20:20,045 INFO:main.py:242:print_splash_screen:Please cite:  Dolinsky TJ, et al.  PDB2PQR: expanding and upgrading automated preparation of biomolecular structures for molecular simulations. Nucleic Acids Res 35 W522-W525 (2007).
2026-09-12 00:20:20,045 INFO:main.py:759:main_driver:Checking and transforming input arguments.
2026-09-12 00:20:20,047 INFO:main.py:763:main_driver:Loading topology files.
2026-09-12 00:20:20,088 INFO:main.py:765:main_driver:Loading molecule: structures/2WW5_clean.pdb
2026-09-12 00:20:20,108 INFO:main.py:770:main_driver:Setting up molecule.
2026-09-12 00:20:20,120 INFO:main.py:408:setup_molecule:Created biomolecule object with 431 residues and 3645 atoms.
2026-09-12 00:20:20,120 WARNING:main.py:418:setup_molecule:Multiple occupancies found: CD in LYS A 89.
2026-09-12 00:20:20,121 WARNING:main.py:418:setup_molecule:Multiple occupancies found: CE in LYS A 89.
2026-09-12 00:20:20,121 WARNING:main.py:418:setup_molecule:Multiple occupancies found: NZ in LYS A 89.
2026-09-12 00:20:20,121 WARNING:main.py:424:setup_molecule:Multiple occupancies found in LYS A 89. At least one of the instances is being ignored.
2026-09-12 00:20:20,121 WARNING:main.py:418:setup_molecule:Multiple occupancies found: OG in SER A 103.
2026-09-12 00:20:20,121 WARNING:main.py:424:setup_molecule:Multiple occupancies found in SER A 103. At least one of the instances is being ignored.
2026-09-12 00:20:20,122 WARNING:main.py:418:setup_molecule:Multiple occupancies found: CG in LYS A 285.
2026-09-12 00:20:20,122 WARNING:main.py:418:setup_molecule:Multiple occupancies found: CD in LYS A 285.
2026-09-12 00:20:20,122 WARNING:main.py:418:setup_molecule:Multiple occupancies found: CE in LYS A 285.
2026-09-12 00:20:20,122 WARNING:main.py:418:setup_molecule:Multiple occupancies found: NZ in LYS A 285.
2026-09-12 00:20:20,122 WARNING:main.py:424:setup_molecule:Multiple occupancies found in LYS A 285. At least one of the instances is being ignored.
2026-09-12 00:20:20,122 WARNING:main.py:418:setup_molecule:Multiple occupancies found: OG in SER A 409.
2026-09-12 00:20:20,122 WARNING:main.py:424:setup_molecule:Multiple occupancies found in SER A 409. At least one of the instances is being ignored.
2026-09-12 00:20:20,123 WARNING:main.py:418:setup_molecule:Multiple occupancies found: OG in SER A 452.
2026-09-12 00:20:20,123 WARNING:main.py:424:setup_molecule:Multiple occupancies found in SER A 452. At least one of the instances is being ignored.
2026-09-12 00:20:20,123 INFO:main.py:774:main_driver:Setting termini states for biomolecule chains.
2026-09-12 00:20:20,128 INFO:main.py:604:non_trivial:Loading forcefield.
2026-09-12 00:20:20,138 INFO:main.py:608:non_trivial:Loading hydrogen topology definitions.
2026-09-12 00:20:20,143 INFO:main.py:459:is_repairable:This biomolecule is clean.  No repair needed.
2026-09-12 00:20:20,143 INFO:main.py:623:non_trivial:Updating disulfide bridges.
2026-09-12 00:20:20,143 INFO:main.py:626:non_trivial:Debumping biomolecule.
2026-09-12 00:20:20,207 INFO:main.py:649:non_trivial:Adding hydrogens to biomolecule.
2026-09-12 00:20:20,426 INFO:main.py:652:non_trivial:Debumping biomolecule (again).
2026-09-12 00:20:20,691 INFO:main.py:654:non_trivial:Optimizing hydrogen bonds
2026-09-12 00:20:21,316 INFO:main.py:666:non_trivial:Applying force field to biomolecule states.
2026-09-12 00:20:21,320 INFO:main.py:713:non_trivial:Regenerating headers.
2026-09-12 00:20:21,322 INFO:main.py:738:non_trivial:Regenerating PDB lines.
2026-09-12 00:20:21,344 WARNING:main.py:311:print_pqr:Ignoring 391 header lines in output.
2026-09-12 00:26:35,041 INFO:main.py:240:print_splash_screen:PDB2PQR v3.6.1: biomolecular structure conversion software.
2026-09-12 00:26:35,042 INFO:main.py:242:print_splash_screen:Please cite:  Jurrus E, et al.  Improvements to the APBS biomolecular solvation software suite.  Protein Sci 27 112-128 (2018).
2026-09-12 00:26:35,042 INFO:main.py:242:print_splash_screen:Please cite:  Dolinsky TJ, et al.  PDB2PQR: expanding and upgrading automated preparation of biomolecular structures for molecular simulations. Nucleic Acids Res 35 W522-W525 (2007).
2026-09-12 00:26:35,042 INFO:main.py:759:main_driver:Checking and transforming input arguments.
2026-09-12 00:26:35,044 INFO:main.py:763:main_driver:Loading topology files.
2026-09-12 00:26:35,085 INFO:main.py:765:main_driver:Loading molecule: structures/2WW5_clean.pdb
2026-09-12 00:26:35,109 INFO:main.py:770:main_driver:Setting up molecule.
2026-09-12 00:26:35,123 INFO:main.py:408:setup_molecule:Created biomolecule object with 431 residues and 3645 atoms.
2026-09-12 00:26:35,123 WARNING:main.py:418:setup_molecule:Multiple occupancies found: CD in LYS A 89.
2026-09-12 00:26:35,123 WARNING:main.py:418:setup_molecule:Multiple occupancies found: CE in LYS A 89.
2026-09-12 00:26:35,123 WARNING:main.py:418:setup_molecule:Multiple occupancies found: NZ in LYS A 89.
2026-09-12 00:26:35,123 WARNING:main.py:424:setup_molecule:Multiple occupancies found in LYS A 89. At least one of the instances is being ignored.
2026-09-12 00:26:35,123 WARNING:main.py:418:setup_molecule:Multiple occupancies found: OG in SER A 103.
2026-09-12 00:26:35,124 WARNING:main.py:424:setup_molecule:Multiple occupancies found in SER A 103. At least one of the instances is being ignored.
2026-09-12 00:26:35,124 WARNING:main.py:418:setup_molecule:Multiple occupancies found: CG in LYS A 285.
2026-09-12 00:26:35,124 WARNING:main.py:418:setup_molecule:Multiple occupancies found: CD in LYS A 285.
2026-09-12 00:26:35,124 WARNING:main.py:418:setup_molecule:Multiple occupancies found: CE in LYS A 285.
2026-09-12 00:26:35,124 WARNING:main.py:418:setup_molecule:Multiple occupancies found: NZ in LYS A 285.
2026-09-12 00:26:35,124 WARNING:main.py:424:setup_molecule:Multiple occupancies found in LYS A 285. At least one of the instances is being ignored.
2026-09-12 00:26:35,124 WARNING:main.py:418:setup_molecule:Multiple occupancies found: OG in SER A 409.
2026-09-12 00:26:35,124 WARNING:main.py:424:setup_molecule:Multiple occupancies found in SER A 409. At least one of the instances is being ignored.
2026-09-12 00:26:35,124 WARNING:main.py:418:setup_molecule:Multiple occupancies found: OG in SER A 452.
2026-09-12 00:26:35,125 WARNING:main.py:424:setup_molecule:Multiple occupancies found in SER A 452. At least one of the instances is being ignored.
2026-09-12 00:26:35,125 INFO:main.py:774:main_driver:Setting termini states for biomolecule chains.
2026-09-12 00:26:35,130 INFO:main.py:604:non_trivial:Loading forcefield.
2026-09-12 00:26:35,141 INFO:main.py:608:non_trivial:Loading hydrogen topology definitions.
2026-09-12 00:26:35,147 INFO:main.py:459:is_repairable:This biomolecule is clean.  No repair needed.
2026-09-12 00:26:35,147 INFO:main.py:623:non_trivial:Updating disulfide bridges.
2026-09-12 00:26:35,147 INFO:main.py:626:non_trivial:Debumping biomolecule.
2026-09-12 00:26:35,228 INFO:main.py:649:non_trivial:Adding hydrogens to biomolecule.
2026-09-12 00:26:35,444 INFO:main.py:652:non_trivial:Debumping biomolecule (again).
2026-09-12 00:26:35,710 INFO:main.py:654:non_trivial:Optimizing hydrogen bonds
2026-09-12 00:26:36,333 INFO:main.py:666:non_trivial:Applying force field to biomolecule states.
2026-09-12 00:26:36,338 INFO:main.py:713:non_trivial:Regenerating headers.
2026-09-12 00:26:36,340 INFO:main.py:738:non_trivial:Regenerating PDB lines.
2026-09-12 00:26:36,363 WARNING:main.py:311:print_pqr:Ignoring 391 header lines in output.
