2026-09-12 00:35:24,704 INFO:main.py:240:print_splash_screen:PDB2PQR v3.6.1: biomolecular structure conversion software.
2026-09-12 00:35:24,704 INFO:main.py:242:print_splash_screen:Please cite:  Jurrus E, et al.  Improvements to the APBS biomolecular solvation software suite.  Protein Sci 27 112-128 (2018).
2026-09-12 00:35:24,704 INFO:main.py:242:print_splash_screen:Please cite:  Dolinsky TJ, et al.  PDB2PQR: expanding and upgrading automated preparation of biomolecular structures for molecular simulations. Nucleic Acids Res 35 W522-W525 (2007).
2026-09-12 00:35:24,704 INFO:main.py:759:main_driver:Checking and transforming input arguments.
2026-09-12 00:35:24,705 INFO:main.py:763:main_driver:Loading topology files.
2026-09-12 00:35:24,748 INFO:main.py:765:main_driver:Loading molecule: structures/3Q2U_clean.pdb
2026-09-12 00:35:24,769 INFO:main.py:770:main_driver:Setting up molecule.
2026-09-12 00:35:24,775 INFO:main.py:408:setup_molecule:Created biomolecule object with 193 residues and 1532 atoms.
2026-09-12 00:35:24,776 WARNING:main.py:418:setup_molecule:Multiple occupancies found: CA in SER A 73.
2026-09-12 00:35:24,776 WARNING:main.py:418:setup_molecule:Multiple occupancies found: CB in SER A 73.
2026-09-12 00:35:24,776 WARNING:main.py:418:setup_molecule:Multiple occupancies found: OG in SER A 73.
2026-09-12 00:35:24,776 WARNING:main.py:424:setup_molecule:Multiple occupancies found in SER A 73. At least one of the instances is being ignored.
2026-09-12 00:35:24,776 INFO:main.py:774:main_driver:Setting termini states for biomolecule chains.
2026-09-12 00:35:24,781 INFO:main.py:604:non_trivial:Loading forcefield.
2026-09-12 00:35:24,789 INFO:main.py:608:non_trivial:Loading hydrogen topology definitions.
2026-09-12 00:35:24,793 WARNING:biomolecule.py:157:num_missing_heavy:Missing atom O in residue VAL A 214
2026-09-12 00:35:24,793 WARNING:biomolecule.py:157:num_missing_heavy:Missing atom OXT in residue VAL A 214
2026-09-12 00:35:24,794 WARNING:biomolecule.py:157:num_missing_heavy:Missing atom O in residue VAL A 214
2026-09-12 00:35:24,794 WARNING:biomolecule.py:157:num_missing_heavy:Missing atom OXT in residue VAL A 214
2026-09-12 00:35:24,794 INFO:main.py:618:non_trivial:Attempting to repair 2 missing atoms in biomolecule.
2026-09-12 00:35:24,795 WARNING:biomolecule.py:157:num_missing_heavy:Missing atom O in residue VAL A 214
2026-09-12 00:35:24,795 WARNING:biomolecule.py:157:num_missing_heavy:Missing atom OXT in residue VAL A 214
2026-09-12 00:35:24,795 INFO:biomolecule.py:1077:repair_heavy:Added atom O to residue VAL A 214 at coordinates 12.078, 11.551, 10.503
2026-09-12 00:35:24,796 INFO:biomolecule.py:1077:repair_heavy:Added atom OXT to residue VAL A 214 at coordinates 10.193, 11.550, 9.853
2026-09-12 00:35:24,796 INFO:main.py:623:non_trivial:Updating disulfide bridges.
2026-09-12 00:35:24,798 INFO:main.py:626:non_trivial:Debumping biomolecule.
2026-09-12 00:35:24,829 INFO:main.py:649:non_trivial:Adding hydrogens to biomolecule.
2026-09-12 00:35:24,927 INFO:main.py:652:non_trivial:Debumping biomolecule (again).
2026-09-12 00:35:25,036 INFO:main.py:654:non_trivial:Optimizing hydrogen bonds
2026-09-12 00:35:25,295 INFO:main.py:666:non_trivial:Applying force field to biomolecule states.
2026-09-12 00:35:25,298 INFO:main.py:713:non_trivial:Regenerating headers.
2026-09-12 00:35:25,299 INFO:main.py:738:non_trivial:Regenerating PDB lines.
2026-09-12 00:35:25,311 WARNING:main.py:311:print_pqr:Ignoring 390 header lines in output.
