2026-09-11 23:22:16,797 INFO:main.py:240:print_splash_screen:PDB2PQR v3.6.1: biomolecular structure conversion software.
2026-09-11 23:22:16,798 INFO:main.py:242:print_splash_screen:Please cite:  Jurrus E, et al.  Improvements to the APBS biomolecular solvation software suite.  Protein Sci 27 112-128 (2018).
2026-09-11 23:22:16,798 INFO:main.py:242:print_splash_screen:Please cite:  Dolinsky TJ, et al.  PDB2PQR: expanding and upgrading automated preparation of biomolecular structures for molecular simulations. Nucleic Acids Res 35 W522-W525 (2007).
2026-09-11 23:22:16,798 INFO:main.py:759:main_driver:Checking and transforming input arguments.
2026-09-11 23:22:16,799 INFO:main.py:763:main_driver:Loading topology files.
2026-09-11 23:22:16,848 INFO:main.py:765:main_driver:Loading molecule: structures/3R6U.pdb
2026-09-11 23:22:16,874 INFO:main.py:770:main_driver:Setting up molecule.
2026-09-11 23:22:16,881 WARNING:biomolecule.py:992:create_residue:Unable to find amino or nucleic acid definition for CHT.  Parsing as new residue.
2026-09-11 23:22:16,883 INFO:main.py:408:setup_molecule:Created biomolecule object with 715 residues and 2624 atoms.
2026-09-11 23:22:16,883 WARNING:main.py:418:setup_molecule:Multiple occupancies found: N in SER A 20.
2026-09-11 23:22:16,883 WARNING:main.py:418:setup_molecule:Multiple occupancies found: CA in SER A 20.
2026-09-11 23:22:16,883 WARNING:main.py:418:setup_molecule:Multiple occupancies found: C in SER A 20.
2026-09-11 23:22:16,884 WARNING:main.py:418:setup_molecule:Multiple occupancies found: O in SER A 20.
2026-09-11 23:22:16,884 WARNING:main.py:418:setup_molecule:Multiple occupancies found: CB in SER A 20.
2026-09-11 23:22:16,884 WARNING:main.py:418:setup_molecule:Multiple occupancies found: OG in SER A 20.
2026-09-11 23:22:16,884 WARNING:main.py:424:setup_molecule:Multiple occupancies found in SER A 20. At least one of the instances is being ignored.
2026-09-11 23:22:16,884 INFO:main.py:774:main_driver:Setting termini states for biomolecule chains.
2026-09-11 23:22:16,889 INFO:main.py:604:non_trivial:Loading forcefield.
2026-09-11 23:22:16,897 INFO:main.py:608:non_trivial:Loading hydrogen topology definitions.
2026-09-11 23:22:16,902 WARNING:biomolecule.py:157:num_missing_heavy:Missing atom OXT in residue GLU A 283
2026-09-11 23:22:16,903 WARNING:biomolecule.py:157:num_missing_heavy:Missing atom OXT in residue GLU A 283
2026-09-11 23:22:16,903 INFO:main.py:618:non_trivial:Attempting to repair 1 missing atoms in biomolecule.
2026-09-11 23:22:16,904 WARNING:biomolecule.py:157:num_missing_heavy:Missing atom OXT in residue GLU A 283
2026-09-11 23:22:16,905 INFO:biomolecule.py:1077:repair_heavy:Added atom OXT to residue GLU A 283 at coordinates -28.121, 18.410, -4.282
2026-09-11 23:22:16,905 INFO:main.py:623:non_trivial:Updating disulfide bridges.
2026-09-11 23:22:16,905 INFO:main.py:626:non_trivial:Debumping biomolecule.
2026-09-11 23:22:16,947 INFO:main.py:649:non_trivial:Adding hydrogens to biomolecule.
2026-09-11 23:22:17,086 INFO:main.py:652:non_trivial:Debumping biomolecule (again).
2026-09-11 23:22:17,260 INFO:main.py:654:non_trivial:Optimizing hydrogen bonds
2026-09-11 23:22:17,445 WARNING:debump.py:354:get_closest_atom:Skipped atom during water optimization: LP1 in HOH A 533 skipped when optimizing H2 in HOH A 311
2026-09-11 23:22:17,445 WARNING:debump.py:354:get_closest_atom:Skipped atom during water optimization: LP1 in HOH A 533 skipped when optimizing H2 in HOH A 311
2026-09-11 23:22:17,446 WARNING:debump.py:354:get_closest_atom:Skipped atom during water optimization: LP1 in HOH A 533 skipped when optimizing H2 in HOH A 311
2026-09-11 23:22:17,446 WARNING:debump.py:354:get_closest_atom:Skipped atom during water optimization: LP1 in HOH A 533 skipped when optimizing H2 in HOH A 311
2026-09-11 23:22:17,447 WARNING:debump.py:354:get_closest_atom:Skipped atom during water optimization: LP1 in HOH A 533 skipped when optimizing H2 in HOH A 311
2026-09-11 23:22:17,447 WARNING:debump.py:354:get_closest_atom:Skipped atom during water optimization: LP1 in HOH A 533 skipped when optimizing H2 in HOH A 311
2026-09-11 23:22:17,447 WARNING:debump.py:354:get_closest_atom:Skipped atom during water optimization: LP1 in HOH A 533 skipped when optimizing H2 in HOH A 311
2026-09-11 23:22:17,448 WARNING:debump.py:354:get_closest_atom:Skipped atom during water optimization: LP1 in HOH A 533 skipped when optimizing H2 in HOH A 311
2026-09-11 23:22:17,448 WARNING:debump.py:354:get_closest_atom:Skipped atom during water optimization: LP1 in HOH A 533 skipped when optimizing H2 in HOH A 311
2026-09-11 23:22:17,448 WARNING:io.py:40:filter:Suppressing further "Skipped atom during water optimization" messages
2026-09-11 23:22:20,833 INFO:main.py:666:non_trivial:Applying force field to biomolecule states.
2026-09-11 23:22:20,837 INFO:main.py:713:non_trivial:Regenerating headers.
2026-09-11 23:22:20,838 INFO:main.py:738:non_trivial:Regenerating PDB lines.
2026-09-11 23:22:20,868 WARNING:main.py:311:print_pqr:Ignoring 990 header lines in output.
2026-09-11 23:22:20,868 WARNING:main.py:315:print_pqr:Ignoring 7 missing lines in output.
2026-09-11 23:37:14,818 INFO:main.py:240:print_splash_screen:PDB2PQR v3.6.1: biomolecular structure conversion software.
2026-09-11 23:37:14,818 INFO:main.py:242:print_splash_screen:Please cite:  Jurrus E, et al.  Improvements to the APBS biomolecular solvation software suite.  Protein Sci 27 112-128 (2018).
2026-09-11 23:37:14,818 INFO:main.py:242:print_splash_screen:Please cite:  Dolinsky TJ, et al.  PDB2PQR: expanding and upgrading automated preparation of biomolecular structures for molecular simulations. Nucleic Acids Res 35 W522-W525 (2007).
2026-09-11 23:37:14,818 INFO:main.py:759:main_driver:Checking and transforming input arguments.
2026-09-11 23:37:14,819 INFO:main.py:763:main_driver:Loading topology files.
2026-09-11 23:37:14,862 INFO:main.py:765:main_driver:Loading molecule: structures/3R6U.pdb
2026-09-11 23:37:14,870 INFO:main.py:770:main_driver:Setting up molecule.
2026-09-11 23:37:14,877 WARNING:biomolecule.py:992:create_residue:Unable to find amino or nucleic acid definition for CHT.  Parsing as new residue.
2026-09-11 23:37:14,879 INFO:main.py:408:setup_molecule:Created biomolecule object with 715 residues and 2624 atoms.
2026-09-11 23:37:14,879 WARNING:main.py:418:setup_molecule:Multiple occupancies found: N in SER A 20.
2026-09-11 23:37:14,879 WARNING:main.py:418:setup_molecule:Multiple occupancies found: CA in SER A 20.
2026-09-11 23:37:14,880 WARNING:main.py:418:setup_molecule:Multiple occupancies found: C in SER A 20.
2026-09-11 23:37:14,880 WARNING:main.py:418:setup_molecule:Multiple occupancies found: O in SER A 20.
2026-09-11 23:37:14,880 WARNING:main.py:418:setup_molecule:Multiple occupancies found: CB in SER A 20.
2026-09-11 23:37:14,880 WARNING:main.py:418:setup_molecule:Multiple occupancies found: OG in SER A 20.
2026-09-11 23:37:14,880 WARNING:main.py:424:setup_molecule:Multiple occupancies found in SER A 20. At least one of the instances is being ignored.
2026-09-11 23:37:14,880 INFO:main.py:774:main_driver:Setting termini states for biomolecule chains.
2026-09-11 23:37:14,885 INFO:main.py:604:non_trivial:Loading forcefield.
2026-09-11 23:37:14,895 INFO:main.py:608:non_trivial:Loading hydrogen topology definitions.
2026-09-11 23:37:14,898 WARNING:biomolecule.py:157:num_missing_heavy:Missing atom OXT in residue GLU A 283
2026-09-11 23:37:14,899 WARNING:biomolecule.py:157:num_missing_heavy:Missing atom OXT in residue GLU A 283
2026-09-11 23:37:14,899 INFO:main.py:618:non_trivial:Attempting to repair 1 missing atoms in biomolecule.
2026-09-11 23:37:14,900 WARNING:biomolecule.py:157:num_missing_heavy:Missing atom OXT in residue GLU A 283
2026-09-11 23:37:14,901 INFO:biomolecule.py:1077:repair_heavy:Added atom OXT to residue GLU A 283 at coordinates -28.121, 18.410, -4.282
2026-09-11 23:37:14,901 INFO:main.py:623:non_trivial:Updating disulfide bridges.
2026-09-11 23:37:14,901 INFO:main.py:626:non_trivial:Debumping biomolecule.
2026-09-11 23:37:14,942 INFO:main.py:649:non_trivial:Adding hydrogens to biomolecule.
2026-09-11 23:37:15,081 INFO:main.py:652:non_trivial:Debumping biomolecule (again).
2026-09-11 23:37:15,251 INFO:main.py:654:non_trivial:Optimizing hydrogen bonds
2026-09-11 23:37:15,431 WARNING:debump.py:354:get_closest_atom:Skipped atom during water optimization: LP1 in HOH A 533 skipped when optimizing H2 in HOH A 311
2026-09-11 23:37:15,432 WARNING:debump.py:354:get_closest_atom:Skipped atom during water optimization: LP1 in HOH A 533 skipped when optimizing H2 in HOH A 311
2026-09-11 23:37:15,432 WARNING:debump.py:354:get_closest_atom:Skipped atom during water optimization: LP1 in HOH A 533 skipped when optimizing H2 in HOH A 311
2026-09-11 23:37:15,433 WARNING:debump.py:354:get_closest_atom:Skipped atom during water optimization: LP1 in HOH A 533 skipped when optimizing H2 in HOH A 311
2026-09-11 23:37:15,433 WARNING:debump.py:354:get_closest_atom:Skipped atom during water optimization: LP1 in HOH A 533 skipped when optimizing H2 in HOH A 311
2026-09-11 23:37:15,434 WARNING:debump.py:354:get_closest_atom:Skipped atom during water optimization: LP1 in HOH A 533 skipped when optimizing H2 in HOH A 311
2026-09-11 23:37:15,434 WARNING:debump.py:354:get_closest_atom:Skipped atom during water optimization: LP1 in HOH A 533 skipped when optimizing H2 in HOH A 311
2026-09-11 23:37:15,434 WARNING:debump.py:354:get_closest_atom:Skipped atom during water optimization: LP1 in HOH A 533 skipped when optimizing H2 in HOH A 311
2026-09-11 23:37:15,434 WARNING:debump.py:354:get_closest_atom:Skipped atom during water optimization: LP1 in HOH A 533 skipped when optimizing H2 in HOH A 311
2026-09-11 23:37:15,435 WARNING:io.py:40:filter:Suppressing further "Skipped atom during water optimization" messages
2026-09-11 23:37:18,817 INFO:main.py:666:non_trivial:Applying force field to biomolecule states.
2026-09-11 23:37:18,821 INFO:main.py:713:non_trivial:Regenerating headers.
2026-09-11 23:37:18,823 INFO:main.py:738:non_trivial:Regenerating PDB lines.
2026-09-11 23:37:18,844 WARNING:main.py:311:print_pqr:Ignoring 990 header lines in output.
2026-09-11 23:37:18,844 WARNING:main.py:315:print_pqr:Ignoring 7 missing lines in output.
2026-09-11 23:47:49,162 INFO:main.py:240:print_splash_screen:PDB2PQR v3.6.1: biomolecular structure conversion software.
2026-09-11 23:47:49,162 INFO:main.py:242:print_splash_screen:Please cite:  Jurrus E, et al.  Improvements to the APBS biomolecular solvation software suite.  Protein Sci 27 112-128 (2018).
2026-09-11 23:47:49,162 INFO:main.py:242:print_splash_screen:Please cite:  Dolinsky TJ, et al.  PDB2PQR: expanding and upgrading automated preparation of biomolecular structures for molecular simulations. Nucleic Acids Res 35 W522-W525 (2007).
2026-09-11 23:47:49,162 INFO:main.py:759:main_driver:Checking and transforming input arguments.
2026-09-11 23:47:49,164 INFO:main.py:763:main_driver:Loading topology files.
2026-09-11 23:47:49,210 INFO:main.py:765:main_driver:Loading molecule: structures/3R6U_clean.pdb
2026-09-11 23:47:49,227 INFO:main.py:770:main_driver:Setting up molecule.
2026-09-11 23:47:49,234 WARNING:biomolecule.py:992:create_residue:Unable to find amino or nucleic acid definition for CHT.  Parsing as new residue.
2026-09-11 23:47:49,236 INFO:main.py:408:setup_molecule:Created biomolecule object with 715 residues and 2624 atoms.
2026-09-11 23:47:49,237 WARNING:main.py:418:setup_molecule:Multiple occupancies found: N in SER A 20.
2026-09-11 23:47:49,237 WARNING:main.py:418:setup_molecule:Multiple occupancies found: CA in SER A 20.
2026-09-11 23:47:49,237 WARNING:main.py:418:setup_molecule:Multiple occupancies found: C in SER A 20.
2026-09-11 23:47:49,237 WARNING:main.py:418:setup_molecule:Multiple occupancies found: O in SER A 20.
2026-09-11 23:47:49,237 WARNING:main.py:418:setup_molecule:Multiple occupancies found: CB in SER A 20.
2026-09-11 23:47:49,237 WARNING:main.py:418:setup_molecule:Multiple occupancies found: OG in SER A 20.
2026-09-11 23:47:49,237 WARNING:main.py:424:setup_molecule:Multiple occupancies found in SER A 20. At least one of the instances is being ignored.
2026-09-11 23:47:49,238 INFO:main.py:774:main_driver:Setting termini states for biomolecule chains.
2026-09-11 23:47:49,241 INFO:main.py:604:non_trivial:Loading forcefield.
2026-09-11 23:47:49,249 INFO:main.py:608:non_trivial:Loading hydrogen topology definitions.
2026-09-11 23:47:49,253 WARNING:biomolecule.py:157:num_missing_heavy:Missing atom OXT in residue GLU A 283
2026-09-11 23:47:49,254 WARNING:biomolecule.py:157:num_missing_heavy:Missing atom OXT in residue GLU A 283
2026-09-11 23:47:49,255 INFO:main.py:618:non_trivial:Attempting to repair 1 missing atoms in biomolecule.
2026-09-11 23:47:49,256 WARNING:biomolecule.py:157:num_missing_heavy:Missing atom OXT in residue GLU A 283
2026-09-11 23:47:49,257 INFO:biomolecule.py:1077:repair_heavy:Added atom OXT to residue GLU A 283 at coordinates -28.121, 18.410, -4.282
2026-09-11 23:47:49,257 INFO:main.py:623:non_trivial:Updating disulfide bridges.
2026-09-11 23:47:49,257 INFO:main.py:626:non_trivial:Debumping biomolecule.
2026-09-11 23:47:49,295 INFO:main.py:649:non_trivial:Adding hydrogens to biomolecule.
2026-09-11 23:47:49,433 INFO:main.py:652:non_trivial:Debumping biomolecule (again).
2026-09-11 23:47:49,607 INFO:main.py:654:non_trivial:Optimizing hydrogen bonds
2026-09-11 23:47:49,789 WARNING:debump.py:354:get_closest_atom:Skipped atom during water optimization: LP1 in HOH A 533 skipped when optimizing H2 in HOH A 311
2026-09-11 23:47:49,790 WARNING:debump.py:354:get_closest_atom:Skipped atom during water optimization: LP1 in HOH A 533 skipped when optimizing H2 in HOH A 311
2026-09-11 23:47:49,791 WARNING:debump.py:354:get_closest_atom:Skipped atom during water optimization: LP1 in HOH A 533 skipped when optimizing H2 in HOH A 311
2026-09-11 23:47:49,791 WARNING:debump.py:354:get_closest_atom:Skipped atom during water optimization: LP1 in HOH A 533 skipped when optimizing H2 in HOH A 311
2026-09-11 23:47:49,792 WARNING:debump.py:354:get_closest_atom:Skipped atom during water optimization: LP1 in HOH A 533 skipped when optimizing H2 in HOH A 311
2026-09-11 23:47:49,792 WARNING:debump.py:354:get_closest_atom:Skipped atom during water optimization: LP1 in HOH A 533 skipped when optimizing H2 in HOH A 311
2026-09-11 23:47:49,793 WARNING:debump.py:354:get_closest_atom:Skipped atom during water optimization: LP1 in HOH A 533 skipped when optimizing H2 in HOH A 311
2026-09-11 23:47:49,793 WARNING:debump.py:354:get_closest_atom:Skipped atom during water optimization: LP1 in HOH A 533 skipped when optimizing H2 in HOH A 311
2026-09-11 23:47:49,794 WARNING:debump.py:354:get_closest_atom:Skipped atom during water optimization: LP1 in HOH A 533 skipped when optimizing H2 in HOH A 311
2026-09-11 23:47:49,794 WARNING:io.py:40:filter:Suppressing further "Skipped atom during water optimization" messages
2026-09-11 23:47:53,139 INFO:main.py:666:non_trivial:Applying force field to biomolecule states.
2026-09-11 23:47:53,144 INFO:main.py:713:non_trivial:Regenerating headers.
2026-09-11 23:47:53,145 INFO:main.py:738:non_trivial:Regenerating PDB lines.
2026-09-11 23:47:53,164 WARNING:main.py:311:print_pqr:Ignoring 990 header lines in output.
2026-09-11 23:47:53,165 WARNING:main.py:315:print_pqr:Ignoring 7 missing lines in output.
2026-09-11 23:55:33,388 INFO:main.py:240:print_splash_screen:PDB2PQR v3.6.1: biomolecular structure conversion software.
2026-09-11 23:55:33,388 INFO:main.py:242:print_splash_screen:Please cite:  Jurrus E, et al.  Improvements to the APBS biomolecular solvation software suite.  Protein Sci 27 112-128 (2018).
2026-09-11 23:55:33,388 INFO:main.py:242:print_splash_screen:Please cite:  Dolinsky TJ, et al.  PDB2PQR: expanding and upgrading automated preparation of biomolecular structures for molecular simulations. Nucleic Acids Res 35 W522-W525 (2007).
2026-09-11 23:55:33,389 INFO:main.py:759:main_driver:Checking and transforming input arguments.
2026-09-11 23:55:33,390 INFO:main.py:763:main_driver:Loading topology files.
2026-09-11 23:55:33,431 INFO:main.py:765:main_driver:Loading molecule: structures/3R6U_clean.pdb
2026-09-11 23:55:33,449 INFO:main.py:770:main_driver:Setting up molecule.
2026-09-11 23:55:33,457 WARNING:biomolecule.py:992:create_residue:Unable to find amino or nucleic acid definition for CHT.  Parsing as new residue.
2026-09-11 23:55:33,459 INFO:main.py:408:setup_molecule:Created biomolecule object with 715 residues and 2624 atoms.
2026-09-11 23:55:33,459 WARNING:main.py:418:setup_molecule:Multiple occupancies found: N in SER A 20.
2026-09-11 23:55:33,459 WARNING:main.py:418:setup_molecule:Multiple occupancies found: CA in SER A 20.
2026-09-11 23:55:33,459 WARNING:main.py:418:setup_molecule:Multiple occupancies found: C in SER A 20.
2026-09-11 23:55:33,460 WARNING:main.py:418:setup_molecule:Multiple occupancies found: O in SER A 20.
2026-09-11 23:55:33,460 WARNING:main.py:418:setup_molecule:Multiple occupancies found: CB in SER A 20.
2026-09-11 23:55:33,460 WARNING:main.py:418:setup_molecule:Multiple occupancies found: OG in SER A 20.
2026-09-11 23:55:33,460 WARNING:main.py:424:setup_molecule:Multiple occupancies found in SER A 20. At least one of the instances is being ignored.
2026-09-11 23:55:33,460 INFO:main.py:774:main_driver:Setting termini states for biomolecule chains.
2026-09-11 23:55:33,466 INFO:main.py:604:non_trivial:Loading forcefield.
2026-09-11 23:55:33,475 INFO:main.py:608:non_trivial:Loading hydrogen topology definitions.
2026-09-11 23:55:33,478 WARNING:biomolecule.py:157:num_missing_heavy:Missing atom OXT in residue GLU A 283
2026-09-11 23:55:33,479 WARNING:biomolecule.py:157:num_missing_heavy:Missing atom OXT in residue GLU A 283
2026-09-11 23:55:33,479 INFO:main.py:618:non_trivial:Attempting to repair 1 missing atoms in biomolecule.
2026-09-11 23:55:33,480 WARNING:biomolecule.py:157:num_missing_heavy:Missing atom OXT in residue GLU A 283
2026-09-11 23:55:33,480 INFO:biomolecule.py:1077:repair_heavy:Added atom OXT to residue GLU A 283 at coordinates -28.121, 18.410, -4.282
2026-09-11 23:55:33,480 INFO:main.py:623:non_trivial:Updating disulfide bridges.
2026-09-11 23:55:33,481 INFO:main.py:626:non_trivial:Debumping biomolecule.
2026-09-11 23:55:33,520 INFO:main.py:649:non_trivial:Adding hydrogens to biomolecule.
2026-09-11 23:55:33,665 INFO:main.py:652:non_trivial:Debumping biomolecule (again).
2026-09-11 23:55:33,842 INFO:main.py:654:non_trivial:Optimizing hydrogen bonds
2026-09-11 23:55:34,023 WARNING:debump.py:354:get_closest_atom:Skipped atom during water optimization: LP1 in HOH A 533 skipped when optimizing H2 in HOH A 311
2026-09-11 23:55:34,023 WARNING:debump.py:354:get_closest_atom:Skipped atom during water optimization: LP1 in HOH A 533 skipped when optimizing H2 in HOH A 311
2026-09-11 23:55:34,024 WARNING:debump.py:354:get_closest_atom:Skipped atom during water optimization: LP1 in HOH A 533 skipped when optimizing H2 in HOH A 311
2026-09-11 23:55:34,024 WARNING:debump.py:354:get_closest_atom:Skipped atom during water optimization: LP1 in HOH A 533 skipped when optimizing H2 in HOH A 311
2026-09-11 23:55:34,025 WARNING:debump.py:354:get_closest_atom:Skipped atom during water optimization: LP1 in HOH A 533 skipped when optimizing H2 in HOH A 311
2026-09-11 23:55:34,025 WARNING:debump.py:354:get_closest_atom:Skipped atom during water optimization: LP1 in HOH A 533 skipped when optimizing H2 in HOH A 311
2026-09-11 23:55:34,026 WARNING:debump.py:354:get_closest_atom:Skipped atom during water optimization: LP1 in HOH A 533 skipped when optimizing H2 in HOH A 311
2026-09-11 23:55:34,027 WARNING:debump.py:354:get_closest_atom:Skipped atom during water optimization: LP1 in HOH A 533 skipped when optimizing H2 in HOH A 311
2026-09-11 23:55:34,027 WARNING:debump.py:354:get_closest_atom:Skipped atom during water optimization: LP1 in HOH A 533 skipped when optimizing H2 in HOH A 311
2026-09-11 23:55:34,028 WARNING:io.py:40:filter:Suppressing further "Skipped atom during water optimization" messages
2026-09-11 23:55:37,400 INFO:main.py:666:non_trivial:Applying force field to biomolecule states.
2026-09-11 23:55:37,405 INFO:main.py:713:non_trivial:Regenerating headers.
2026-09-11 23:55:37,406 INFO:main.py:738:non_trivial:Regenerating PDB lines.
2026-09-11 23:55:37,425 WARNING:main.py:311:print_pqr:Ignoring 990 header lines in output.
2026-09-11 23:55:37,425 WARNING:main.py:315:print_pqr:Ignoring 7 missing lines in output.
2026-09-12 00:02:50,667 INFO:main.py:240:print_splash_screen:PDB2PQR v3.6.1: biomolecular structure conversion software.
2026-09-12 00:02:50,667 INFO:main.py:242:print_splash_screen:Please cite:  Jurrus E, et al.  Improvements to the APBS biomolecular solvation software suite.  Protein Sci 27 112-128 (2018).
2026-09-12 00:02:50,667 INFO:main.py:242:print_splash_screen:Please cite:  Dolinsky TJ, et al.  PDB2PQR: expanding and upgrading automated preparation of biomolecular structures for molecular simulations. Nucleic Acids Res 35 W522-W525 (2007).
2026-09-12 00:02:50,668 INFO:main.py:759:main_driver:Checking and transforming input arguments.
2026-09-12 00:02:50,669 INFO:main.py:763:main_driver:Loading topology files.
2026-09-12 00:02:50,712 INFO:main.py:765:main_driver:Loading molecule: structures/3R6U_clean.pdb
2026-09-12 00:02:50,727 INFO:main.py:770:main_driver:Setting up molecule.
2026-09-12 00:02:50,735 INFO:main.py:408:setup_molecule:Created biomolecule object with 272 residues and 2175 atoms.
2026-09-12 00:02:50,735 WARNING:main.py:418:setup_molecule:Multiple occupancies found: N in SER A 20.
2026-09-12 00:02:50,736 WARNING:main.py:418:setup_molecule:Multiple occupancies found: CA in SER A 20.
2026-09-12 00:02:50,736 WARNING:main.py:418:setup_molecule:Multiple occupancies found: C in SER A 20.
2026-09-12 00:02:50,736 WARNING:main.py:418:setup_molecule:Multiple occupancies found: O in SER A 20.
2026-09-12 00:02:50,736 WARNING:main.py:418:setup_molecule:Multiple occupancies found: CB in SER A 20.
2026-09-12 00:02:50,736 WARNING:main.py:418:setup_molecule:Multiple occupancies found: OG in SER A 20.
2026-09-12 00:02:50,736 WARNING:main.py:424:setup_molecule:Multiple occupancies found in SER A 20. At least one of the instances is being ignored.
2026-09-12 00:02:50,737 INFO:main.py:774:main_driver:Setting termini states for biomolecule chains.
2026-09-12 00:02:50,740 INFO:main.py:604:non_trivial:Loading forcefield.
2026-09-12 00:02:50,749 INFO:main.py:608:non_trivial:Loading hydrogen topology definitions.
2026-09-12 00:02:50,753 WARNING:biomolecule.py:157:num_missing_heavy:Missing atom OXT in residue GLU A 283
2026-09-12 00:02:50,754 WARNING:biomolecule.py:157:num_missing_heavy:Missing atom OXT in residue GLU A 283
2026-09-12 00:02:50,755 INFO:main.py:618:non_trivial:Attempting to repair 1 missing atoms in biomolecule.
2026-09-12 00:02:50,756 WARNING:biomolecule.py:157:num_missing_heavy:Missing atom OXT in residue GLU A 283
2026-09-12 00:02:50,756 INFO:biomolecule.py:1077:repair_heavy:Added atom OXT to residue GLU A 283 at coordinates -28.121, 18.410, -4.282
2026-09-12 00:02:50,756 INFO:main.py:623:non_trivial:Updating disulfide bridges.
2026-09-12 00:02:50,756 INFO:main.py:626:non_trivial:Debumping biomolecule.
2026-09-12 00:02:50,794 INFO:main.py:649:non_trivial:Adding hydrogens to biomolecule.
2026-09-12 00:02:50,933 INFO:main.py:652:non_trivial:Debumping biomolecule (again).
2026-09-12 00:02:51,102 INFO:main.py:654:non_trivial:Optimizing hydrogen bonds
2026-09-12 00:02:51,433 INFO:main.py:666:non_trivial:Applying force field to biomolecule states.
2026-09-12 00:02:51,435 INFO:main.py:713:non_trivial:Regenerating headers.
2026-09-12 00:02:51,436 INFO:main.py:738:non_trivial:Regenerating PDB lines.
2026-09-12 00:02:51,451 WARNING:main.py:311:print_pqr:Ignoring 391 header lines in output.
2026-09-12 00:08:43,171 INFO:main.py:240:print_splash_screen:PDB2PQR v3.6.1: biomolecular structure conversion software.
2026-09-12 00:08:43,171 INFO:main.py:242:print_splash_screen:Please cite:  Jurrus E, et al.  Improvements to the APBS biomolecular solvation software suite.  Protein Sci 27 112-128 (2018).
2026-09-12 00:08:43,171 INFO:main.py:242:print_splash_screen:Please cite:  Dolinsky TJ, et al.  PDB2PQR: expanding and upgrading automated preparation of biomolecular structures for molecular simulations. Nucleic Acids Res 35 W522-W525 (2007).
2026-09-12 00:08:43,171 INFO:main.py:759:main_driver:Checking and transforming input arguments.
2026-09-12 00:08:43,173 INFO:main.py:763:main_driver:Loading topology files.
2026-09-12 00:08:43,215 INFO:main.py:765:main_driver:Loading molecule: structures/3R6U_clean.pdb
2026-09-12 00:08:43,229 INFO:main.py:770:main_driver:Setting up molecule.
2026-09-12 00:08:43,237 INFO:main.py:408:setup_molecule:Created biomolecule object with 272 residues and 2175 atoms.
2026-09-12 00:08:43,237 WARNING:main.py:418:setup_molecule:Multiple occupancies found: N in SER A 20.
2026-09-12 00:08:43,238 WARNING:main.py:418:setup_molecule:Multiple occupancies found: CA in SER A 20.
2026-09-12 00:08:43,238 WARNING:main.py:418:setup_molecule:Multiple occupancies found: C in SER A 20.
2026-09-12 00:08:43,238 WARNING:main.py:418:setup_molecule:Multiple occupancies found: O in SER A 20.
2026-09-12 00:08:43,238 WARNING:main.py:418:setup_molecule:Multiple occupancies found: CB in SER A 20.
2026-09-12 00:08:43,238 WARNING:main.py:418:setup_molecule:Multiple occupancies found: OG in SER A 20.
2026-09-12 00:08:43,238 WARNING:main.py:424:setup_molecule:Multiple occupancies found in SER A 20. At least one of the instances is being ignored.
2026-09-12 00:08:43,238 INFO:main.py:774:main_driver:Setting termini states for biomolecule chains.
2026-09-12 00:08:43,243 INFO:main.py:604:non_trivial:Loading forcefield.
2026-09-12 00:08:43,251 INFO:main.py:608:non_trivial:Loading hydrogen topology definitions.
2026-09-12 00:08:43,254 WARNING:biomolecule.py:157:num_missing_heavy:Missing atom OXT in residue GLU A 283
2026-09-12 00:08:43,255 WARNING:biomolecule.py:157:num_missing_heavy:Missing atom OXT in residue GLU A 283
2026-09-12 00:08:43,255 INFO:main.py:618:non_trivial:Attempting to repair 1 missing atoms in biomolecule.
2026-09-12 00:08:43,256 WARNING:biomolecule.py:157:num_missing_heavy:Missing atom OXT in residue GLU A 283
2026-09-12 00:08:43,256 INFO:biomolecule.py:1077:repair_heavy:Added atom OXT to residue GLU A 283 at coordinates -28.121, 18.410, -4.282
2026-09-12 00:08:43,257 INFO:main.py:623:non_trivial:Updating disulfide bridges.
2026-09-12 00:08:43,257 INFO:main.py:626:non_trivial:Debumping biomolecule.
2026-09-12 00:08:43,295 INFO:main.py:649:non_trivial:Adding hydrogens to biomolecule.
2026-09-12 00:08:43,432 INFO:main.py:652:non_trivial:Debumping biomolecule (again).
2026-09-12 00:08:43,599 INFO:main.py:654:non_trivial:Optimizing hydrogen bonds
2026-09-12 00:08:43,923 INFO:main.py:666:non_trivial:Applying force field to biomolecule states.
2026-09-12 00:08:43,926 INFO:main.py:713:non_trivial:Regenerating headers.
2026-09-12 00:08:43,927 INFO:main.py:738:non_trivial:Regenerating PDB lines.
2026-09-12 00:08:43,942 WARNING:main.py:311:print_pqr:Ignoring 391 header lines in output.
2026-09-12 00:17:02,250 INFO:main.py:240:print_splash_screen:PDB2PQR v3.6.1: biomolecular structure conversion software.
2026-09-12 00:17:02,251 INFO:main.py:242:print_splash_screen:Please cite:  Jurrus E, et al.  Improvements to the APBS biomolecular solvation software suite.  Protein Sci 27 112-128 (2018).
2026-09-12 00:17:02,251 INFO:main.py:242:print_splash_screen:Please cite:  Dolinsky TJ, et al.  PDB2PQR: expanding and upgrading automated preparation of biomolecular structures for molecular simulations. Nucleic Acids Res 35 W522-W525 (2007).
2026-09-12 00:17:02,251 INFO:main.py:759:main_driver:Checking and transforming input arguments.
2026-09-12 00:17:02,252 INFO:main.py:763:main_driver:Loading topology files.
2026-09-12 00:17:02,298 INFO:main.py:765:main_driver:Loading molecule: structures/3R6U_clean.pdb
2026-09-12 00:17:02,314 INFO:main.py:770:main_driver:Setting up molecule.
2026-09-12 00:17:02,321 INFO:main.py:408:setup_molecule:Created biomolecule object with 272 residues and 2175 atoms.
2026-09-12 00:17:02,321 WARNING:main.py:418:setup_molecule:Multiple occupancies found: N in SER A 20.
2026-09-12 00:17:02,322 WARNING:main.py:418:setup_molecule:Multiple occupancies found: CA in SER A 20.
2026-09-12 00:17:02,322 WARNING:main.py:418:setup_molecule:Multiple occupancies found: C in SER A 20.
2026-09-12 00:17:02,322 WARNING:main.py:418:setup_molecule:Multiple occupancies found: O in SER A 20.
2026-09-12 00:17:02,322 WARNING:main.py:418:setup_molecule:Multiple occupancies found: CB in SER A 20.
2026-09-12 00:17:02,322 WARNING:main.py:418:setup_molecule:Multiple occupancies found: OG in SER A 20.
2026-09-12 00:17:02,322 WARNING:main.py:424:setup_molecule:Multiple occupancies found in SER A 20. At least one of the instances is being ignored.
2026-09-12 00:17:02,322 INFO:main.py:774:main_driver:Setting termini states for biomolecule chains.
2026-09-12 00:17:02,326 INFO:main.py:604:non_trivial:Loading forcefield.
2026-09-12 00:17:02,335 INFO:main.py:608:non_trivial:Loading hydrogen topology definitions.
2026-09-12 00:17:02,338 WARNING:biomolecule.py:157:num_missing_heavy:Missing atom OXT in residue GLU A 283
2026-09-12 00:17:02,340 WARNING:biomolecule.py:157:num_missing_heavy:Missing atom OXT in residue GLU A 283
2026-09-12 00:17:02,340 INFO:main.py:618:non_trivial:Attempting to repair 1 missing atoms in biomolecule.
2026-09-12 00:17:02,341 WARNING:biomolecule.py:157:num_missing_heavy:Missing atom OXT in residue GLU A 283
2026-09-12 00:17:02,342 INFO:biomolecule.py:1077:repair_heavy:Added atom OXT to residue GLU A 283 at coordinates -28.121, 18.410, -4.282
2026-09-12 00:17:02,342 INFO:main.py:623:non_trivial:Updating disulfide bridges.
2026-09-12 00:17:02,342 INFO:main.py:626:non_trivial:Debumping biomolecule.
2026-09-12 00:17:02,380 INFO:main.py:649:non_trivial:Adding hydrogens to biomolecule.
2026-09-12 00:17:02,518 INFO:main.py:652:non_trivial:Debumping biomolecule (again).
2026-09-12 00:17:02,683 INFO:main.py:654:non_trivial:Optimizing hydrogen bonds
2026-09-12 00:17:03,002 INFO:main.py:666:non_trivial:Applying force field to biomolecule states.
2026-09-12 00:17:03,005 INFO:main.py:713:non_trivial:Regenerating headers.
2026-09-12 00:17:03,006 INFO:main.py:738:non_trivial:Regenerating PDB lines.
2026-09-12 00:17:03,021 WARNING:main.py:311:print_pqr:Ignoring 391 header lines in output.
2026-09-12 00:23:22,185 INFO:main.py:240:print_splash_screen:PDB2PQR v3.6.1: biomolecular structure conversion software.
2026-09-12 00:23:22,185 INFO:main.py:242:print_splash_screen:Please cite:  Jurrus E, et al.  Improvements to the APBS biomolecular solvation software suite.  Protein Sci 27 112-128 (2018).
2026-09-12 00:23:22,185 INFO:main.py:242:print_splash_screen:Please cite:  Dolinsky TJ, et al.  PDB2PQR: expanding and upgrading automated preparation of biomolecular structures for molecular simulations. Nucleic Acids Res 35 W522-W525 (2007).
2026-09-12 00:23:22,186 INFO:main.py:759:main_driver:Checking and transforming input arguments.
2026-09-12 00:23:22,186 INFO:main.py:763:main_driver:Loading topology files.
2026-09-12 00:23:22,229 INFO:main.py:765:main_driver:Loading molecule: structures/3R6U_clean.pdb
2026-09-12 00:23:22,246 INFO:main.py:770:main_driver:Setting up molecule.
2026-09-12 00:23:22,253 INFO:main.py:408:setup_molecule:Created biomolecule object with 272 residues and 2175 atoms.
2026-09-12 00:23:22,254 WARNING:main.py:418:setup_molecule:Multiple occupancies found: N in SER A 20.
2026-09-12 00:23:22,254 WARNING:main.py:418:setup_molecule:Multiple occupancies found: CA in SER A 20.
2026-09-12 00:23:22,254 WARNING:main.py:418:setup_molecule:Multiple occupancies found: C in SER A 20.
2026-09-12 00:23:22,254 WARNING:main.py:418:setup_molecule:Multiple occupancies found: O in SER A 20.
2026-09-12 00:23:22,254 WARNING:main.py:418:setup_molecule:Multiple occupancies found: CB in SER A 20.
2026-09-12 00:23:22,254 WARNING:main.py:418:setup_molecule:Multiple occupancies found: OG in SER A 20.
2026-09-12 00:23:22,254 WARNING:main.py:424:setup_molecule:Multiple occupancies found in SER A 20. At least one of the instances is being ignored.
2026-09-12 00:23:22,254 INFO:main.py:774:main_driver:Setting termini states for biomolecule chains.
2026-09-12 00:23:22,258 INFO:main.py:604:non_trivial:Loading forcefield.
2026-09-12 00:23:22,266 INFO:main.py:608:non_trivial:Loading hydrogen topology definitions.
2026-09-12 00:23:22,271 WARNING:biomolecule.py:157:num_missing_heavy:Missing atom OXT in residue GLU A 283
2026-09-12 00:23:22,272 WARNING:biomolecule.py:157:num_missing_heavy:Missing atom OXT in residue GLU A 283
2026-09-12 00:23:22,272 INFO:main.py:618:non_trivial:Attempting to repair 1 missing atoms in biomolecule.
2026-09-12 00:23:22,273 WARNING:biomolecule.py:157:num_missing_heavy:Missing atom OXT in residue GLU A 283
2026-09-12 00:23:22,274 INFO:biomolecule.py:1077:repair_heavy:Added atom OXT to residue GLU A 283 at coordinates -28.121, 18.410, -4.282
2026-09-12 00:23:22,274 INFO:main.py:623:non_trivial:Updating disulfide bridges.
2026-09-12 00:23:22,274 INFO:main.py:626:non_trivial:Debumping biomolecule.
2026-09-12 00:23:22,312 INFO:main.py:649:non_trivial:Adding hydrogens to biomolecule.
2026-09-12 00:23:22,452 INFO:main.py:652:non_trivial:Debumping biomolecule (again).
2026-09-12 00:23:22,619 INFO:main.py:654:non_trivial:Optimizing hydrogen bonds
2026-09-12 00:23:22,931 INFO:main.py:666:non_trivial:Applying force field to biomolecule states.
2026-09-12 00:23:22,935 INFO:main.py:713:non_trivial:Regenerating headers.
2026-09-12 00:23:22,936 INFO:main.py:738:non_trivial:Regenerating PDB lines.
2026-09-12 00:23:22,951 WARNING:main.py:311:print_pqr:Ignoring 391 header lines in output.
2026-09-12 00:29:38,344 INFO:main.py:240:print_splash_screen:PDB2PQR v3.6.1: biomolecular structure conversion software.
2026-09-12 00:29:38,344 INFO:main.py:242:print_splash_screen:Please cite:  Jurrus E, et al.  Improvements to the APBS biomolecular solvation software suite.  Protein Sci 27 112-128 (2018).
2026-09-12 00:29:38,344 INFO:main.py:242:print_splash_screen:Please cite:  Dolinsky TJ, et al.  PDB2PQR: expanding and upgrading automated preparation of biomolecular structures for molecular simulations. Nucleic Acids Res 35 W522-W525 (2007).
2026-09-12 00:29:38,344 INFO:main.py:759:main_driver:Checking and transforming input arguments.
2026-09-12 00:29:38,345 INFO:main.py:763:main_driver:Loading topology files.
2026-09-12 00:29:38,387 INFO:main.py:765:main_driver:Loading molecule: structures/3R6U_clean.pdb
2026-09-12 00:29:38,404 INFO:main.py:770:main_driver:Setting up molecule.
2026-09-12 00:29:38,412 INFO:main.py:408:setup_molecule:Created biomolecule object with 272 residues and 2175 atoms.
2026-09-12 00:29:38,413 WARNING:main.py:418:setup_molecule:Multiple occupancies found: N in SER A 20.
2026-09-12 00:29:38,413 WARNING:main.py:418:setup_molecule:Multiple occupancies found: CA in SER A 20.
2026-09-12 00:29:38,413 WARNING:main.py:418:setup_molecule:Multiple occupancies found: C in SER A 20.
2026-09-12 00:29:38,413 WARNING:main.py:418:setup_molecule:Multiple occupancies found: O in SER A 20.
2026-09-12 00:29:38,413 WARNING:main.py:418:setup_molecule:Multiple occupancies found: CB in SER A 20.
2026-09-12 00:29:38,413 WARNING:main.py:418:setup_molecule:Multiple occupancies found: OG in SER A 20.
2026-09-12 00:29:38,414 WARNING:main.py:424:setup_molecule:Multiple occupancies found in SER A 20. At least one of the instances is being ignored.
2026-09-12 00:29:38,414 INFO:main.py:774:main_driver:Setting termini states for biomolecule chains.
2026-09-12 00:29:38,418 INFO:main.py:604:non_trivial:Loading forcefield.
2026-09-12 00:29:38,425 INFO:main.py:608:non_trivial:Loading hydrogen topology definitions.
2026-09-12 00:29:38,428 WARNING:biomolecule.py:157:num_missing_heavy:Missing atom OXT in residue GLU A 283
2026-09-12 00:29:38,429 WARNING:biomolecule.py:157:num_missing_heavy:Missing atom OXT in residue GLU A 283
2026-09-12 00:29:38,430 INFO:main.py:618:non_trivial:Attempting to repair 1 missing atoms in biomolecule.
2026-09-12 00:29:38,431 WARNING:biomolecule.py:157:num_missing_heavy:Missing atom OXT in residue GLU A 283
2026-09-12 00:29:38,432 INFO:biomolecule.py:1077:repair_heavy:Added atom OXT to residue GLU A 283 at coordinates -28.121, 18.410, -4.282
2026-09-12 00:29:38,432 INFO:main.py:623:non_trivial:Updating disulfide bridges.
2026-09-12 00:29:38,432 INFO:main.py:626:non_trivial:Debumping biomolecule.
2026-09-12 00:29:38,471 INFO:main.py:649:non_trivial:Adding hydrogens to biomolecule.
2026-09-12 00:29:38,612 INFO:main.py:652:non_trivial:Debumping biomolecule (again).
2026-09-12 00:29:38,778 INFO:main.py:654:non_trivial:Optimizing hydrogen bonds
2026-09-12 00:29:39,098 INFO:main.py:666:non_trivial:Applying force field to biomolecule states.
2026-09-12 00:29:39,101 INFO:main.py:713:non_trivial:Regenerating headers.
2026-09-12 00:29:39,102 INFO:main.py:738:non_trivial:Regenerating PDB lines.
2026-09-12 00:29:39,118 WARNING:main.py:311:print_pqr:Ignoring 391 header lines in output.
