2026-09-12 00:31:48,303 INFO:main.py:240:print_splash_screen:PDB2PQR v3.6.1: biomolecular structure conversion software.
2026-09-12 00:31:48,303 INFO:main.py:242:print_splash_screen:Please cite:  Jurrus E, et al.  Improvements to the APBS biomolecular solvation software suite.  Protein Sci 27 112-128 (2018).
2026-09-12 00:31:48,304 INFO:main.py:242:print_splash_screen:Please cite:  Dolinsky TJ, et al.  PDB2PQR: expanding and upgrading automated preparation of biomolecular structures for molecular simulations. Nucleic Acids Res 35 W522-W525 (2007).
2026-09-12 00:31:48,304 INFO:main.py:759:main_driver:Checking and transforming input arguments.
2026-09-12 00:31:48,305 INFO:main.py:763:main_driver:Loading topology files.
2026-09-12 00:31:48,347 INFO:main.py:765:main_driver:Loading molecule: structures/3WA5_clean.pdb
2026-09-12 00:31:48,365 INFO:main.py:770:main_driver:Setting up molecule.
2026-09-12 00:31:48,376 INFO:main.py:408:setup_molecule:Created biomolecule object with 396 residues and 3025 atoms.
2026-09-12 00:31:48,376 INFO:main.py:774:main_driver:Setting termini states for biomolecule chains.
2026-09-12 00:31:48,381 WARNING:biomolecule.py:615:update_bonds:Gap in backbone detected between ILE A 12 and GLN A 20!
2026-09-12 00:31:48,381 WARNING:biomolecule.py:615:update_bonds:Gap in backbone detected between THR A 77 and GLN A 79!
2026-09-12 00:31:48,383 WARNING:biomolecule.py:615:update_bonds:Gap in backbone detected between VAL A 228 and SER A 230!
2026-09-12 00:31:48,384 WARNING:biomolecule.py:615:update_bonds:Gap in backbone detected between PRO A 390 and PHE A 392!
2026-09-12 00:31:48,384 WARNING:biomolecule.py:615:update_bonds:Gap in backbone detected between GLY A 404 and ARG A 406!
2026-09-12 00:31:48,384 INFO:main.py:604:non_trivial:Loading forcefield.
2026-09-12 00:31:48,392 INFO:main.py:608:non_trivial:Loading hydrogen topology definitions.
2026-09-12 00:31:48,396 WARNING:biomolecule.py:157:num_missing_heavy:Missing atom OXT in residue PRO A 408
2026-09-12 00:31:48,397 WARNING:biomolecule.py:157:num_missing_heavy:Missing atom OXT in residue PRO A 408
2026-09-12 00:31:48,397 INFO:main.py:618:non_trivial:Attempting to repair 1 missing atoms in biomolecule.
2026-09-12 00:31:48,398 WARNING:biomolecule.py:157:num_missing_heavy:Missing atom OXT in residue PRO A 408
2026-09-12 00:31:48,399 INFO:biomolecule.py:1077:repair_heavy:Added atom OXT to residue PRO A 408 at coordinates 12.892, 67.697, 22.821
2026-09-12 00:31:48,399 INFO:main.py:623:non_trivial:Updating disulfide bridges.
2026-09-12 00:31:48,399 INFO:main.py:626:non_trivial:Debumping biomolecule.
2026-09-12 00:31:48,450 INFO:main.py:649:non_trivial:Adding hydrogens to biomolecule.
2026-09-12 00:31:48,641 INFO:main.py:652:non_trivial:Debumping biomolecule (again).
2026-09-12 00:31:48,868 INFO:main.py:654:non_trivial:Optimizing hydrogen bonds
2026-09-12 00:31:49,224 INFO:main.py:666:non_trivial:Applying force field to biomolecule states.
2026-09-12 00:31:49,227 INFO:main.py:713:non_trivial:Regenerating headers.
2026-09-12 00:31:49,228 INFO:main.py:738:non_trivial:Regenerating PDB lines.
2026-09-12 00:31:49,248 WARNING:main.py:311:print_pqr:Ignoring 390 header lines in output.
