2026-09-12 00:23:30,300 INFO:main.py:240:print_splash_screen:PDB2PQR v3.6.1: biomolecular structure conversion software.
2026-09-12 00:23:30,300 INFO:main.py:242:print_splash_screen:Please cite:  Jurrus E, et al.  Improvements to the APBS biomolecular solvation software suite.  Protein Sci 27 112-128 (2018).
2026-09-12 00:23:30,301 INFO:main.py:242:print_splash_screen:Please cite:  Dolinsky TJ, et al.  PDB2PQR: expanding and upgrading automated preparation of biomolecular structures for molecular simulations. Nucleic Acids Res 35 W522-W525 (2007).
2026-09-12 00:23:30,301 INFO:main.py:759:main_driver:Checking and transforming input arguments.
2026-09-12 00:23:30,302 INFO:main.py:763:main_driver:Loading topology files.
2026-09-12 00:23:30,345 INFO:main.py:765:main_driver:Loading molecule: structures/4DOJ_clean.pdb
2026-09-12 00:23:30,367 INFO:main.py:770:main_driver:Setting up molecule.
2026-09-12 00:23:30,380 INFO:main.py:408:setup_molecule:Created biomolecule object with 526 residues and 4017 atoms.
2026-09-12 00:23:30,380 INFO:main.py:774:main_driver:Setting termini states for biomolecule chains.
2026-09-12 00:23:30,389 INFO:main.py:604:non_trivial:Loading forcefield.
2026-09-12 00:23:30,397 INFO:main.py:608:non_trivial:Loading hydrogen topology definitions.
2026-09-12 00:23:30,401 WARNING:biomolecule.py:157:num_missing_heavy:Missing atom OXT in residue ARG A 583
2026-09-12 00:23:30,403 WARNING:biomolecule.py:157:num_missing_heavy:Missing atom OXT in residue ARG A 583
2026-09-12 00:23:30,403 INFO:main.py:618:non_trivial:Attempting to repair 1 missing atoms in biomolecule.
2026-09-12 00:23:30,405 WARNING:biomolecule.py:157:num_missing_heavy:Missing atom OXT in residue ARG A 583
2026-09-12 00:23:30,407 INFO:biomolecule.py:1077:repair_heavy:Added atom OXT to residue ARG A 583 at coordinates 13.036, 24.247, 76.777
2026-09-12 00:23:30,407 INFO:main.py:623:non_trivial:Updating disulfide bridges.
2026-09-12 00:23:30,407 INFO:main.py:626:non_trivial:Debumping biomolecule.
2026-09-12 00:23:30,466 INFO:main.py:649:non_trivial:Adding hydrogens to biomolecule.
2026-09-12 00:23:30,718 INFO:main.py:652:non_trivial:Debumping biomolecule (again).
2026-09-12 00:23:31,021 INFO:main.py:654:non_trivial:Optimizing hydrogen bonds
2026-09-12 00:23:31,526 INFO:main.py:666:non_trivial:Applying force field to biomolecule states.
2026-09-12 00:23:31,531 INFO:main.py:713:non_trivial:Regenerating headers.
2026-09-12 00:23:31,532 INFO:main.py:738:non_trivial:Regenerating PDB lines.
2026-09-12 00:23:31,559 WARNING:main.py:311:print_pqr:Ignoring 391 header lines in output.
2026-09-12 00:29:46,514 INFO:main.py:240:print_splash_screen:PDB2PQR v3.6.1: biomolecular structure conversion software.
2026-09-12 00:29:46,514 INFO:main.py:242:print_splash_screen:Please cite:  Jurrus E, et al.  Improvements to the APBS biomolecular solvation software suite.  Protein Sci 27 112-128 (2018).
2026-09-12 00:29:46,514 INFO:main.py:242:print_splash_screen:Please cite:  Dolinsky TJ, et al.  PDB2PQR: expanding and upgrading automated preparation of biomolecular structures for molecular simulations. Nucleic Acids Res 35 W522-W525 (2007).
2026-09-12 00:29:46,514 INFO:main.py:759:main_driver:Checking and transforming input arguments.
2026-09-12 00:29:46,516 INFO:main.py:763:main_driver:Loading topology files.
2026-09-12 00:29:46,560 INFO:main.py:765:main_driver:Loading molecule: structures/4DOJ_clean.pdb
2026-09-12 00:29:46,583 INFO:main.py:770:main_driver:Setting up molecule.
2026-09-12 00:29:46,595 INFO:main.py:408:setup_molecule:Created biomolecule object with 526 residues and 4017 atoms.
2026-09-12 00:29:46,595 INFO:main.py:774:main_driver:Setting termini states for biomolecule chains.
2026-09-12 00:29:46,604 INFO:main.py:604:non_trivial:Loading forcefield.
2026-09-12 00:29:46,612 INFO:main.py:608:non_trivial:Loading hydrogen topology definitions.
2026-09-12 00:29:46,617 WARNING:biomolecule.py:157:num_missing_heavy:Missing atom OXT in residue ARG A 583
2026-09-12 00:29:46,619 WARNING:biomolecule.py:157:num_missing_heavy:Missing atom OXT in residue ARG A 583
2026-09-12 00:29:46,619 INFO:main.py:618:non_trivial:Attempting to repair 1 missing atoms in biomolecule.
2026-09-12 00:29:46,621 WARNING:biomolecule.py:157:num_missing_heavy:Missing atom OXT in residue ARG A 583
2026-09-12 00:29:46,622 INFO:biomolecule.py:1077:repair_heavy:Added atom OXT to residue ARG A 583 at coordinates 13.036, 24.247, 76.777
2026-09-12 00:29:46,623 INFO:main.py:623:non_trivial:Updating disulfide bridges.
2026-09-12 00:29:46,623 INFO:main.py:626:non_trivial:Debumping biomolecule.
2026-09-12 00:29:46,686 INFO:main.py:649:non_trivial:Adding hydrogens to biomolecule.
2026-09-12 00:29:46,939 INFO:main.py:652:non_trivial:Debumping biomolecule (again).
2026-09-12 00:29:47,248 INFO:main.py:654:non_trivial:Optimizing hydrogen bonds
2026-09-12 00:29:47,761 INFO:main.py:666:non_trivial:Applying force field to biomolecule states.
2026-09-12 00:29:47,766 INFO:main.py:713:non_trivial:Regenerating headers.
2026-09-12 00:29:47,767 INFO:main.py:738:non_trivial:Regenerating PDB lines.
2026-09-12 00:29:47,793 WARNING:main.py:311:print_pqr:Ignoring 391 header lines in output.
