2026-09-11 23:19:19,858 INFO:main.py:240:print_splash_screen:PDB2PQR v3.6.1: biomolecular structure conversion software.
2026-09-11 23:19:19,859 INFO:main.py:242:print_splash_screen:Please cite:  Jurrus E, et al.  Improvements to the APBS biomolecular solvation software suite.  Protein Sci 27 112-128 (2018).
2026-09-11 23:19:19,859 INFO:main.py:242:print_splash_screen:Please cite:  Dolinsky TJ, et al.  PDB2PQR: expanding and upgrading automated preparation of biomolecular structures for molecular simulations. Nucleic Acids Res 35 W522-W525 (2007).
2026-09-11 23:19:19,859 INFO:main.py:759:main_driver:Checking and transforming input arguments.
2026-09-11 23:19:19,860 INFO:main.py:763:main_driver:Loading topology files.
2026-09-11 23:19:19,908 INFO:main.py:765:main_driver:Loading molecule: structures/4IWT.pdb
2026-09-11 23:19:19,922 INFO:main.py:770:main_driver:Setting up molecule.
2026-09-11 23:19:19,927 WARNING:biomolecule.py:992:create_residue:Unable to find amino or nucleic acid definition for CHT.  Parsing as new residue.
2026-09-11 23:19:19,927 WARNING:biomolecule.py:992:create_residue:Unable to find amino or nucleic acid definition for CHT.  Parsing as new residue.
2026-09-11 23:19:19,928 WARNING:biomolecule.py:992:create_residue:Unable to find amino or nucleic acid definition for CHT.  Parsing as new residue.
2026-09-11 23:19:19,928 WARNING:biomolecule.py:992:create_residue:Unable to find amino or nucleic acid definition for CHT.  Parsing as new residue.
2026-09-11 23:19:19,928 WARNING:biomolecule.py:992:create_residue:Unable to find amino or nucleic acid definition for CHT.  Parsing as new residue.
2026-09-11 23:19:19,928 INFO:main.py:408:setup_molecule:Created biomolecule object with 171 residues and 1259 atoms.
2026-09-11 23:19:19,929 INFO:main.py:774:main_driver:Setting termini states for biomolecule chains.
2026-09-11 23:19:19,932 INFO:main.py:604:non_trivial:Loading forcefield.
2026-09-11 23:19:19,940 INFO:main.py:608:non_trivial:Loading hydrogen topology definitions.
2026-09-11 23:19:19,944 INFO:main.py:459:is_repairable:This biomolecule is clean.  No repair needed.
2026-09-11 23:19:19,944 INFO:main.py:623:non_trivial:Updating disulfide bridges.
2026-09-11 23:19:19,944 INFO:main.py:626:non_trivial:Debumping biomolecule.
2026-09-11 23:19:19,964 INFO:main.py:649:non_trivial:Adding hydrogens to biomolecule.
2026-09-11 23:19:20,037 INFO:main.py:652:non_trivial:Debumping biomolecule (again).
2026-09-11 23:19:20,123 INFO:main.py:654:non_trivial:Optimizing hydrogen bonds
2026-09-11 23:19:20,320 WARNING:debump.py:354:get_closest_atom:Skipped atom during water optimization: LP1 in HOH A 510 skipped when optimizing H2 in HOH A 508
2026-09-11 23:19:20,321 WARNING:debump.py:354:get_closest_atom:Skipped atom during water optimization: LP1 in HOH A 510 skipped when optimizing H2 in HOH A 508
2026-09-11 23:19:20,325 WARNING:debump.py:354:get_closest_atom:Skipped atom during water optimization: H1 in HOH A 508 skipped when optimizing H1 in HOH A 510
2026-09-11 23:19:20,326 WARNING:debump.py:354:get_closest_atom:Skipped atom during water optimization: H1 in HOH A 508 skipped when optimizing H1 in HOH A 510
2026-09-11 23:19:20,326 WARNING:debump.py:354:get_closest_atom:Skipped atom during water optimization: H1 in HOH A 508 skipped when optimizing H1 in HOH A 510
2026-09-11 23:19:20,327 WARNING:debump.py:354:get_closest_atom:Skipped atom during water optimization: H1 in HOH A 508 skipped when optimizing H1 in HOH A 510
2026-09-11 23:19:20,328 WARNING:debump.py:354:get_closest_atom:Skipped atom during water optimization: H1 in HOH A 508 skipped when optimizing H1 in HOH A 510
2026-09-11 23:19:20,328 WARNING:debump.py:354:get_closest_atom:Skipped atom during water optimization: H1 in HOH A 508 skipped when optimizing H1 in HOH A 510
2026-09-11 23:19:20,329 WARNING:debump.py:354:get_closest_atom:Skipped atom during water optimization: H1 in HOH A 508 skipped when optimizing H1 in HOH A 510
2026-09-11 23:19:20,392 WARNING:io.py:40:filter:Suppressing further "Skipped atom during water optimization" messages
2026-09-11 23:19:20,490 INFO:main.py:666:non_trivial:Applying force field to biomolecule states.
2026-09-11 23:19:20,492 INFO:main.py:713:non_trivial:Regenerating headers.
2026-09-11 23:19:20,493 INFO:main.py:738:non_trivial:Regenerating PDB lines.
2026-09-11 23:19:20,500 WARNING:main.py:311:print_pqr:Ignoring 1914 header lines in output.
2026-09-11 23:19:20,500 WARNING:main.py:315:print_pqr:Ignoring 35 missing lines in output.
2026-09-11 23:34:18,484 INFO:main.py:240:print_splash_screen:PDB2PQR v3.6.1: biomolecular structure conversion software.
2026-09-11 23:34:18,484 INFO:main.py:242:print_splash_screen:Please cite:  Jurrus E, et al.  Improvements to the APBS biomolecular solvation software suite.  Protein Sci 27 112-128 (2018).
2026-09-11 23:34:18,484 INFO:main.py:242:print_splash_screen:Please cite:  Dolinsky TJ, et al.  PDB2PQR: expanding and upgrading automated preparation of biomolecular structures for molecular simulations. Nucleic Acids Res 35 W522-W525 (2007).
2026-09-11 23:34:18,484 INFO:main.py:759:main_driver:Checking and transforming input arguments.
2026-09-11 23:34:18,486 INFO:main.py:763:main_driver:Loading topology files.
2026-09-11 23:34:18,526 INFO:main.py:765:main_driver:Loading molecule: structures/4IWT.pdb
2026-09-11 23:34:18,531 INFO:main.py:770:main_driver:Setting up molecule.
2026-09-11 23:34:18,536 WARNING:biomolecule.py:992:create_residue:Unable to find amino or nucleic acid definition for CHT.  Parsing as new residue.
2026-09-11 23:34:18,536 WARNING:biomolecule.py:992:create_residue:Unable to find amino or nucleic acid definition for CHT.  Parsing as new residue.
2026-09-11 23:34:18,537 WARNING:biomolecule.py:992:create_residue:Unable to find amino or nucleic acid definition for CHT.  Parsing as new residue.
2026-09-11 23:34:18,537 WARNING:biomolecule.py:992:create_residue:Unable to find amino or nucleic acid definition for CHT.  Parsing as new residue.
2026-09-11 23:34:18,537 WARNING:biomolecule.py:992:create_residue:Unable to find amino or nucleic acid definition for CHT.  Parsing as new residue.
2026-09-11 23:34:18,537 INFO:main.py:408:setup_molecule:Created biomolecule object with 171 residues and 1259 atoms.
2026-09-11 23:34:18,538 INFO:main.py:774:main_driver:Setting termini states for biomolecule chains.
2026-09-11 23:34:18,540 INFO:main.py:604:non_trivial:Loading forcefield.
2026-09-11 23:34:18,548 INFO:main.py:608:non_trivial:Loading hydrogen topology definitions.
2026-09-11 23:34:18,551 INFO:main.py:459:is_repairable:This biomolecule is clean.  No repair needed.
2026-09-11 23:34:18,551 INFO:main.py:623:non_trivial:Updating disulfide bridges.
2026-09-11 23:34:18,551 INFO:main.py:626:non_trivial:Debumping biomolecule.
2026-09-11 23:34:18,572 INFO:main.py:649:non_trivial:Adding hydrogens to biomolecule.
2026-09-11 23:34:18,644 INFO:main.py:652:non_trivial:Debumping biomolecule (again).
2026-09-11 23:34:18,735 INFO:main.py:654:non_trivial:Optimizing hydrogen bonds
2026-09-11 23:34:18,916 WARNING:debump.py:354:get_closest_atom:Skipped atom during water optimization: LP1 in HOH A 510 skipped when optimizing H2 in HOH A 508
2026-09-11 23:34:18,917 WARNING:debump.py:354:get_closest_atom:Skipped atom during water optimization: LP1 in HOH A 510 skipped when optimizing H2 in HOH A 508
2026-09-11 23:34:18,921 WARNING:debump.py:354:get_closest_atom:Skipped atom during water optimization: H1 in HOH A 508 skipped when optimizing H1 in HOH A 510
2026-09-11 23:34:18,921 WARNING:debump.py:354:get_closest_atom:Skipped atom during water optimization: H1 in HOH A 508 skipped when optimizing H1 in HOH A 510
2026-09-11 23:34:18,922 WARNING:debump.py:354:get_closest_atom:Skipped atom during water optimization: H1 in HOH A 508 skipped when optimizing H1 in HOH A 510
2026-09-11 23:34:18,922 WARNING:debump.py:354:get_closest_atom:Skipped atom during water optimization: H1 in HOH A 508 skipped when optimizing H1 in HOH A 510
2026-09-11 23:34:18,923 WARNING:debump.py:354:get_closest_atom:Skipped atom during water optimization: H1 in HOH A 508 skipped when optimizing H1 in HOH A 510
2026-09-11 23:34:18,924 WARNING:debump.py:354:get_closest_atom:Skipped atom during water optimization: H1 in HOH A 508 skipped when optimizing H1 in HOH A 510
2026-09-11 23:34:18,925 WARNING:debump.py:354:get_closest_atom:Skipped atom during water optimization: H1 in HOH A 508 skipped when optimizing H1 in HOH A 510
2026-09-11 23:34:18,987 WARNING:io.py:40:filter:Suppressing further "Skipped atom during water optimization" messages
2026-09-11 23:34:19,085 INFO:main.py:666:non_trivial:Applying force field to biomolecule states.
2026-09-11 23:34:19,087 INFO:main.py:713:non_trivial:Regenerating headers.
2026-09-11 23:34:19,087 INFO:main.py:738:non_trivial:Regenerating PDB lines.
2026-09-11 23:34:19,095 WARNING:main.py:311:print_pqr:Ignoring 1914 header lines in output.
2026-09-11 23:34:19,095 WARNING:main.py:315:print_pqr:Ignoring 35 missing lines in output.
2026-09-11 23:44:53,387 INFO:main.py:240:print_splash_screen:PDB2PQR v3.6.1: biomolecular structure conversion software.
2026-09-11 23:44:53,388 INFO:main.py:242:print_splash_screen:Please cite:  Jurrus E, et al.  Improvements to the APBS biomolecular solvation software suite.  Protein Sci 27 112-128 (2018).
2026-09-11 23:44:53,388 INFO:main.py:242:print_splash_screen:Please cite:  Dolinsky TJ, et al.  PDB2PQR: expanding and upgrading automated preparation of biomolecular structures for molecular simulations. Nucleic Acids Res 35 W522-W525 (2007).
2026-09-11 23:44:53,388 INFO:main.py:759:main_driver:Checking and transforming input arguments.
2026-09-11 23:44:53,389 INFO:main.py:763:main_driver:Loading topology files.
2026-09-11 23:44:53,432 INFO:main.py:765:main_driver:Loading molecule: structures/4IWT_clean.pdb
2026-09-11 23:44:53,446 INFO:main.py:770:main_driver:Setting up molecule.
2026-09-11 23:44:53,451 WARNING:biomolecule.py:992:create_residue:Unable to find amino or nucleic acid definition for CHT.  Parsing as new residue.
2026-09-11 23:44:53,451 WARNING:biomolecule.py:992:create_residue:Unable to find amino or nucleic acid definition for CHT.  Parsing as new residue.
2026-09-11 23:44:53,452 WARNING:biomolecule.py:992:create_residue:Unable to find amino or nucleic acid definition for CHT.  Parsing as new residue.
2026-09-11 23:44:53,452 WARNING:biomolecule.py:992:create_residue:Unable to find amino or nucleic acid definition for CHT.  Parsing as new residue.
2026-09-11 23:44:53,452 WARNING:biomolecule.py:992:create_residue:Unable to find amino or nucleic acid definition for CHT.  Parsing as new residue.
2026-09-11 23:44:53,452 INFO:main.py:408:setup_molecule:Created biomolecule object with 171 residues and 1259 atoms.
2026-09-11 23:44:53,453 INFO:main.py:774:main_driver:Setting termini states for biomolecule chains.
2026-09-11 23:44:53,455 INFO:main.py:604:non_trivial:Loading forcefield.
2026-09-11 23:44:53,464 INFO:main.py:608:non_trivial:Loading hydrogen topology definitions.
2026-09-11 23:44:53,467 INFO:main.py:459:is_repairable:This biomolecule is clean.  No repair needed.
2026-09-11 23:44:53,467 INFO:main.py:623:non_trivial:Updating disulfide bridges.
2026-09-11 23:44:53,467 INFO:main.py:626:non_trivial:Debumping biomolecule.
2026-09-11 23:44:53,488 INFO:main.py:649:non_trivial:Adding hydrogens to biomolecule.
2026-09-11 23:44:53,560 INFO:main.py:652:non_trivial:Debumping biomolecule (again).
2026-09-11 23:44:53,646 INFO:main.py:654:non_trivial:Optimizing hydrogen bonds
2026-09-11 23:44:53,830 WARNING:debump.py:354:get_closest_atom:Skipped atom during water optimization: LP1 in HOH A 510 skipped when optimizing H2 in HOH A 508
2026-09-11 23:44:53,832 WARNING:debump.py:354:get_closest_atom:Skipped atom during water optimization: LP1 in HOH A 510 skipped when optimizing H2 in HOH A 508
2026-09-11 23:44:53,836 WARNING:debump.py:354:get_closest_atom:Skipped atom during water optimization: H1 in HOH A 508 skipped when optimizing H1 in HOH A 510
2026-09-11 23:44:53,837 WARNING:debump.py:354:get_closest_atom:Skipped atom during water optimization: H1 in HOH A 508 skipped when optimizing H1 in HOH A 510
2026-09-11 23:44:53,837 WARNING:debump.py:354:get_closest_atom:Skipped atom during water optimization: H1 in HOH A 508 skipped when optimizing H1 in HOH A 510
2026-09-11 23:44:53,838 WARNING:debump.py:354:get_closest_atom:Skipped atom during water optimization: H1 in HOH A 508 skipped when optimizing H1 in HOH A 510
2026-09-11 23:44:53,839 WARNING:debump.py:354:get_closest_atom:Skipped atom during water optimization: H1 in HOH A 508 skipped when optimizing H1 in HOH A 510
2026-09-11 23:44:53,840 WARNING:debump.py:354:get_closest_atom:Skipped atom during water optimization: H1 in HOH A 508 skipped when optimizing H1 in HOH A 510
2026-09-11 23:44:53,840 WARNING:debump.py:354:get_closest_atom:Skipped atom during water optimization: H1 in HOH A 508 skipped when optimizing H1 in HOH A 510
2026-09-11 23:44:53,904 WARNING:io.py:40:filter:Suppressing further "Skipped atom during water optimization" messages
2026-09-11 23:44:54,002 INFO:main.py:666:non_trivial:Applying force field to biomolecule states.
2026-09-11 23:44:54,004 INFO:main.py:713:non_trivial:Regenerating headers.
2026-09-11 23:44:54,005 INFO:main.py:738:non_trivial:Regenerating PDB lines.
2026-09-11 23:44:54,014 WARNING:main.py:311:print_pqr:Ignoring 1914 header lines in output.
2026-09-11 23:44:54,015 WARNING:main.py:315:print_pqr:Ignoring 35 missing lines in output.
2026-09-11 23:52:37,533 INFO:main.py:240:print_splash_screen:PDB2PQR v3.6.1: biomolecular structure conversion software.
2026-09-11 23:52:37,533 INFO:main.py:242:print_splash_screen:Please cite:  Jurrus E, et al.  Improvements to the APBS biomolecular solvation software suite.  Protein Sci 27 112-128 (2018).
2026-09-11 23:52:37,533 INFO:main.py:242:print_splash_screen:Please cite:  Dolinsky TJ, et al.  PDB2PQR: expanding and upgrading automated preparation of biomolecular structures for molecular simulations. Nucleic Acids Res 35 W522-W525 (2007).
2026-09-11 23:52:37,533 INFO:main.py:759:main_driver:Checking and transforming input arguments.
2026-09-11 23:52:37,535 INFO:main.py:763:main_driver:Loading topology files.
2026-09-11 23:52:37,578 INFO:main.py:765:main_driver:Loading molecule: structures/4IWT_clean.pdb
2026-09-11 23:52:37,592 INFO:main.py:770:main_driver:Setting up molecule.
2026-09-11 23:52:37,596 WARNING:biomolecule.py:992:create_residue:Unable to find amino or nucleic acid definition for CHT.  Parsing as new residue.
2026-09-11 23:52:37,597 WARNING:biomolecule.py:992:create_residue:Unable to find amino or nucleic acid definition for CHT.  Parsing as new residue.
2026-09-11 23:52:37,597 WARNING:biomolecule.py:992:create_residue:Unable to find amino or nucleic acid definition for CHT.  Parsing as new residue.
2026-09-11 23:52:37,597 WARNING:biomolecule.py:992:create_residue:Unable to find amino or nucleic acid definition for CHT.  Parsing as new residue.
2026-09-11 23:52:37,597 WARNING:biomolecule.py:992:create_residue:Unable to find amino or nucleic acid definition for CHT.  Parsing as new residue.
2026-09-11 23:52:37,598 INFO:main.py:408:setup_molecule:Created biomolecule object with 171 residues and 1259 atoms.
2026-09-11 23:52:37,598 INFO:main.py:774:main_driver:Setting termini states for biomolecule chains.
2026-09-11 23:52:37,601 INFO:main.py:604:non_trivial:Loading forcefield.
2026-09-11 23:52:37,614 INFO:main.py:608:non_trivial:Loading hydrogen topology definitions.
2026-09-11 23:52:37,618 INFO:main.py:459:is_repairable:This biomolecule is clean.  No repair needed.
2026-09-11 23:52:37,619 INFO:main.py:623:non_trivial:Updating disulfide bridges.
2026-09-11 23:52:37,619 INFO:main.py:626:non_trivial:Debumping biomolecule.
2026-09-11 23:52:37,647 INFO:main.py:649:non_trivial:Adding hydrogens to biomolecule.
2026-09-11 23:52:37,718 INFO:main.py:652:non_trivial:Debumping biomolecule (again).
2026-09-11 23:52:37,805 INFO:main.py:654:non_trivial:Optimizing hydrogen bonds
2026-09-11 23:52:37,989 WARNING:debump.py:354:get_closest_atom:Skipped atom during water optimization: LP1 in HOH A 510 skipped when optimizing H2 in HOH A 508
2026-09-11 23:52:37,990 WARNING:debump.py:354:get_closest_atom:Skipped atom during water optimization: LP1 in HOH A 510 skipped when optimizing H2 in HOH A 508
2026-09-11 23:52:37,994 WARNING:debump.py:354:get_closest_atom:Skipped atom during water optimization: H1 in HOH A 508 skipped when optimizing H1 in HOH A 510
2026-09-11 23:52:37,995 WARNING:debump.py:354:get_closest_atom:Skipped atom during water optimization: H1 in HOH A 508 skipped when optimizing H1 in HOH A 510
2026-09-11 23:52:37,996 WARNING:debump.py:354:get_closest_atom:Skipped atom during water optimization: H1 in HOH A 508 skipped when optimizing H1 in HOH A 510
2026-09-11 23:52:37,996 WARNING:debump.py:354:get_closest_atom:Skipped atom during water optimization: H1 in HOH A 508 skipped when optimizing H1 in HOH A 510
2026-09-11 23:52:37,997 WARNING:debump.py:354:get_closest_atom:Skipped atom during water optimization: H1 in HOH A 508 skipped when optimizing H1 in HOH A 510
2026-09-11 23:52:37,997 WARNING:debump.py:354:get_closest_atom:Skipped atom during water optimization: H1 in HOH A 508 skipped when optimizing H1 in HOH A 510
2026-09-11 23:52:37,998 WARNING:debump.py:354:get_closest_atom:Skipped atom during water optimization: H1 in HOH A 508 skipped when optimizing H1 in HOH A 510
2026-09-11 23:52:38,062 WARNING:io.py:40:filter:Suppressing further "Skipped atom during water optimization" messages
2026-09-11 23:52:38,157 INFO:main.py:666:non_trivial:Applying force field to biomolecule states.
2026-09-11 23:52:38,158 INFO:main.py:713:non_trivial:Regenerating headers.
2026-09-11 23:52:38,159 INFO:main.py:738:non_trivial:Regenerating PDB lines.
2026-09-11 23:52:38,168 WARNING:main.py:311:print_pqr:Ignoring 1914 header lines in output.
2026-09-11 23:52:38,168 WARNING:main.py:315:print_pqr:Ignoring 35 missing lines in output.
2026-09-12 00:00:18,487 INFO:main.py:240:print_splash_screen:PDB2PQR v3.6.1: biomolecular structure conversion software.
2026-09-12 00:00:18,487 INFO:main.py:242:print_splash_screen:Please cite:  Jurrus E, et al.  Improvements to the APBS biomolecular solvation software suite.  Protein Sci 27 112-128 (2018).
2026-09-12 00:00:18,487 INFO:main.py:242:print_splash_screen:Please cite:  Dolinsky TJ, et al.  PDB2PQR: expanding and upgrading automated preparation of biomolecular structures for molecular simulations. Nucleic Acids Res 35 W522-W525 (2007).
2026-09-12 00:00:18,487 INFO:main.py:759:main_driver:Checking and transforming input arguments.
2026-09-12 00:00:18,488 INFO:main.py:763:main_driver:Loading topology files.
2026-09-12 00:00:18,530 INFO:main.py:765:main_driver:Loading molecule: structures/4IWT_clean.pdb
2026-09-12 00:00:18,545 INFO:main.py:770:main_driver:Setting up molecule.
2026-09-12 00:00:18,549 INFO:main.py:408:setup_molecule:Created biomolecule object with 146 residues and 1204 atoms.
2026-09-12 00:00:18,550 INFO:main.py:774:main_driver:Setting termini states for biomolecule chains.
2026-09-12 00:00:18,552 INFO:main.py:604:non_trivial:Loading forcefield.
2026-09-12 00:00:18,560 INFO:main.py:608:non_trivial:Loading hydrogen topology definitions.
2026-09-12 00:00:18,563 INFO:main.py:459:is_repairable:This biomolecule is clean.  No repair needed.
2026-09-12 00:00:18,564 INFO:main.py:623:non_trivial:Updating disulfide bridges.
2026-09-12 00:00:18,564 INFO:main.py:626:non_trivial:Debumping biomolecule.
2026-09-12 00:00:18,585 INFO:main.py:649:non_trivial:Adding hydrogens to biomolecule.
2026-09-12 00:00:18,663 INFO:main.py:652:non_trivial:Debumping biomolecule (again).
2026-09-12 00:00:18,749 INFO:main.py:654:non_trivial:Optimizing hydrogen bonds
2026-09-12 00:00:18,984 INFO:main.py:666:non_trivial:Applying force field to biomolecule states.
2026-09-12 00:00:18,986 INFO:main.py:713:non_trivial:Regenerating headers.
2026-09-12 00:00:18,987 INFO:main.py:738:non_trivial:Regenerating PDB lines.
2026-09-12 00:00:18,995 WARNING:main.py:311:print_pqr:Ignoring 391 header lines in output.
2026-09-12 00:06:11,331 INFO:main.py:240:print_splash_screen:PDB2PQR v3.6.1: biomolecular structure conversion software.
2026-09-12 00:06:11,331 INFO:main.py:242:print_splash_screen:Please cite:  Jurrus E, et al.  Improvements to the APBS biomolecular solvation software suite.  Protein Sci 27 112-128 (2018).
2026-09-12 00:06:11,331 INFO:main.py:242:print_splash_screen:Please cite:  Dolinsky TJ, et al.  PDB2PQR: expanding and upgrading automated preparation of biomolecular structures for molecular simulations. Nucleic Acids Res 35 W522-W525 (2007).
2026-09-12 00:06:11,331 INFO:main.py:759:main_driver:Checking and transforming input arguments.
2026-09-12 00:06:11,332 INFO:main.py:763:main_driver:Loading topology files.
2026-09-12 00:06:11,375 INFO:main.py:765:main_driver:Loading molecule: structures/4IWT_clean.pdb
2026-09-12 00:06:11,390 INFO:main.py:770:main_driver:Setting up molecule.
2026-09-12 00:06:11,396 INFO:main.py:408:setup_molecule:Created biomolecule object with 146 residues and 1204 atoms.
2026-09-12 00:06:11,396 INFO:main.py:774:main_driver:Setting termini states for biomolecule chains.
2026-09-12 00:06:11,400 INFO:main.py:604:non_trivial:Loading forcefield.
2026-09-12 00:06:11,408 INFO:main.py:608:non_trivial:Loading hydrogen topology definitions.
2026-09-12 00:06:11,411 INFO:main.py:459:is_repairable:This biomolecule is clean.  No repair needed.
2026-09-12 00:06:11,411 INFO:main.py:623:non_trivial:Updating disulfide bridges.
2026-09-12 00:06:11,412 INFO:main.py:626:non_trivial:Debumping biomolecule.
2026-09-12 00:06:11,433 INFO:main.py:649:non_trivial:Adding hydrogens to biomolecule.
2026-09-12 00:06:11,504 INFO:main.py:652:non_trivial:Debumping biomolecule (again).
2026-09-12 00:06:11,595 INFO:main.py:654:non_trivial:Optimizing hydrogen bonds
2026-09-12 00:06:11,826 INFO:main.py:666:non_trivial:Applying force field to biomolecule states.
2026-09-12 00:06:11,828 INFO:main.py:713:non_trivial:Regenerating headers.
2026-09-12 00:06:11,829 INFO:main.py:738:non_trivial:Regenerating PDB lines.
2026-09-12 00:06:11,837 WARNING:main.py:311:print_pqr:Ignoring 391 header lines in output.
2026-09-12 00:14:30,344 INFO:main.py:240:print_splash_screen:PDB2PQR v3.6.1: biomolecular structure conversion software.
2026-09-12 00:14:30,344 INFO:main.py:242:print_splash_screen:Please cite:  Jurrus E, et al.  Improvements to the APBS biomolecular solvation software suite.  Protein Sci 27 112-128 (2018).
2026-09-12 00:14:30,344 INFO:main.py:242:print_splash_screen:Please cite:  Dolinsky TJ, et al.  PDB2PQR: expanding and upgrading automated preparation of biomolecular structures for molecular simulations. Nucleic Acids Res 35 W522-W525 (2007).
2026-09-12 00:14:30,344 INFO:main.py:759:main_driver:Checking and transforming input arguments.
2026-09-12 00:14:30,345 INFO:main.py:763:main_driver:Loading topology files.
2026-09-12 00:14:30,388 INFO:main.py:765:main_driver:Loading molecule: structures/4IWT_clean.pdb
2026-09-12 00:14:30,404 INFO:main.py:770:main_driver:Setting up molecule.
2026-09-12 00:14:30,410 INFO:main.py:408:setup_molecule:Created biomolecule object with 146 residues and 1204 atoms.
2026-09-12 00:14:30,410 INFO:main.py:774:main_driver:Setting termini states for biomolecule chains.
2026-09-12 00:14:30,414 INFO:main.py:604:non_trivial:Loading forcefield.
2026-09-12 00:14:30,420 INFO:main.py:608:non_trivial:Loading hydrogen topology definitions.
2026-09-12 00:14:30,423 INFO:main.py:459:is_repairable:This biomolecule is clean.  No repair needed.
2026-09-12 00:14:30,424 INFO:main.py:623:non_trivial:Updating disulfide bridges.
2026-09-12 00:14:30,424 INFO:main.py:626:non_trivial:Debumping biomolecule.
2026-09-12 00:14:30,445 INFO:main.py:649:non_trivial:Adding hydrogens to biomolecule.
2026-09-12 00:14:30,522 INFO:main.py:652:non_trivial:Debumping biomolecule (again).
2026-09-12 00:14:30,610 INFO:main.py:654:non_trivial:Optimizing hydrogen bonds
2026-09-12 00:14:30,850 INFO:main.py:666:non_trivial:Applying force field to biomolecule states.
2026-09-12 00:14:30,852 INFO:main.py:713:non_trivial:Regenerating headers.
2026-09-12 00:14:30,853 INFO:main.py:738:non_trivial:Regenerating PDB lines.
2026-09-12 00:14:30,861 WARNING:main.py:311:print_pqr:Ignoring 391 header lines in output.
2026-09-12 00:20:51,773 INFO:main.py:240:print_splash_screen:PDB2PQR v3.6.1: biomolecular structure conversion software.
2026-09-12 00:20:51,773 INFO:main.py:242:print_splash_screen:Please cite:  Jurrus E, et al.  Improvements to the APBS biomolecular solvation software suite.  Protein Sci 27 112-128 (2018).
2026-09-12 00:20:51,773 INFO:main.py:242:print_splash_screen:Please cite:  Dolinsky TJ, et al.  PDB2PQR: expanding and upgrading automated preparation of biomolecular structures for molecular simulations. Nucleic Acids Res 35 W522-W525 (2007).
2026-09-12 00:20:51,773 INFO:main.py:759:main_driver:Checking and transforming input arguments.
2026-09-12 00:20:51,775 INFO:main.py:763:main_driver:Loading topology files.
2026-09-12 00:20:51,816 INFO:main.py:765:main_driver:Loading molecule: structures/4IWT_clean.pdb
2026-09-12 00:20:51,830 INFO:main.py:770:main_driver:Setting up molecule.
2026-09-12 00:20:51,836 INFO:main.py:408:setup_molecule:Created biomolecule object with 146 residues and 1204 atoms.
2026-09-12 00:20:51,836 INFO:main.py:774:main_driver:Setting termini states for biomolecule chains.
2026-09-12 00:20:51,840 INFO:main.py:604:non_trivial:Loading forcefield.
2026-09-12 00:20:51,848 INFO:main.py:608:non_trivial:Loading hydrogen topology definitions.
2026-09-12 00:20:51,853 INFO:main.py:459:is_repairable:This biomolecule is clean.  No repair needed.
2026-09-12 00:20:51,853 INFO:main.py:623:non_trivial:Updating disulfide bridges.
2026-09-12 00:20:51,853 INFO:main.py:626:non_trivial:Debumping biomolecule.
2026-09-12 00:20:51,888 INFO:main.py:649:non_trivial:Adding hydrogens to biomolecule.
2026-09-12 00:20:51,960 INFO:main.py:652:non_trivial:Debumping biomolecule (again).
2026-09-12 00:20:52,045 INFO:main.py:654:non_trivial:Optimizing hydrogen bonds
2026-09-12 00:20:52,281 INFO:main.py:666:non_trivial:Applying force field to biomolecule states.
2026-09-12 00:20:52,283 INFO:main.py:713:non_trivial:Regenerating headers.
2026-09-12 00:20:52,284 INFO:main.py:738:non_trivial:Regenerating PDB lines.
2026-09-12 00:20:52,292 WARNING:main.py:311:print_pqr:Ignoring 391 header lines in output.
2026-09-12 00:27:07,028 INFO:main.py:240:print_splash_screen:PDB2PQR v3.6.1: biomolecular structure conversion software.
2026-09-12 00:27:07,028 INFO:main.py:242:print_splash_screen:Please cite:  Jurrus E, et al.  Improvements to the APBS biomolecular solvation software suite.  Protein Sci 27 112-128 (2018).
2026-09-12 00:27:07,028 INFO:main.py:242:print_splash_screen:Please cite:  Dolinsky TJ, et al.  PDB2PQR: expanding and upgrading automated preparation of biomolecular structures for molecular simulations. Nucleic Acids Res 35 W522-W525 (2007).
2026-09-12 00:27:07,028 INFO:main.py:759:main_driver:Checking and transforming input arguments.
2026-09-12 00:27:07,030 INFO:main.py:763:main_driver:Loading topology files.
2026-09-12 00:27:07,075 INFO:main.py:765:main_driver:Loading molecule: structures/4IWT_clean.pdb
2026-09-12 00:27:07,089 INFO:main.py:770:main_driver:Setting up molecule.
2026-09-12 00:27:07,094 INFO:main.py:408:setup_molecule:Created biomolecule object with 146 residues and 1204 atoms.
2026-09-12 00:27:07,094 INFO:main.py:774:main_driver:Setting termini states for biomolecule chains.
2026-09-12 00:27:07,098 INFO:main.py:604:non_trivial:Loading forcefield.
2026-09-12 00:27:07,105 INFO:main.py:608:non_trivial:Loading hydrogen topology definitions.
2026-09-12 00:27:07,109 INFO:main.py:459:is_repairable:This biomolecule is clean.  No repair needed.
2026-09-12 00:27:07,109 INFO:main.py:623:non_trivial:Updating disulfide bridges.
2026-09-12 00:27:07,109 INFO:main.py:626:non_trivial:Debumping biomolecule.
2026-09-12 00:27:07,128 INFO:main.py:649:non_trivial:Adding hydrogens to biomolecule.
2026-09-12 00:27:07,202 INFO:main.py:652:non_trivial:Debumping biomolecule (again).
2026-09-12 00:27:07,290 INFO:main.py:654:non_trivial:Optimizing hydrogen bonds
2026-09-12 00:27:07,519 INFO:main.py:666:non_trivial:Applying force field to biomolecule states.
2026-09-12 00:27:07,522 INFO:main.py:713:non_trivial:Regenerating headers.
2026-09-12 00:27:07,522 INFO:main.py:738:non_trivial:Regenerating PDB lines.
2026-09-12 00:27:07,530 WARNING:main.py:311:print_pqr:Ignoring 391 header lines in output.
