2026-09-12 00:33:04,624 INFO:main.py:240:print_splash_screen:PDB2PQR v3.6.1: biomolecular structure conversion software.
2026-09-12 00:33:04,624 INFO:main.py:242:print_splash_screen:Please cite:  Jurrus E, et al.  Improvements to the APBS biomolecular solvation software suite.  Protein Sci 27 112-128 (2018).
2026-09-12 00:33:04,624 INFO:main.py:242:print_splash_screen:Please cite:  Dolinsky TJ, et al.  PDB2PQR: expanding and upgrading automated preparation of biomolecular structures for molecular simulations. Nucleic Acids Res 35 W522-W525 (2007).
2026-09-12 00:33:04,625 INFO:main.py:759:main_driver:Checking and transforming input arguments.
2026-09-12 00:33:04,626 INFO:main.py:763:main_driver:Loading topology files.
2026-09-12 00:33:04,672 INFO:main.py:765:main_driver:Loading molecule: structures/4R3K_clean.pdb
2026-09-12 00:33:04,693 INFO:main.py:770:main_driver:Setting up molecule.
2026-09-12 00:33:04,697 INFO:main.py:408:setup_molecule:Created biomolecule object with 157 residues and 1291 atoms.
2026-09-12 00:33:04,698 INFO:main.py:774:main_driver:Setting termini states for biomolecule chains.
2026-09-12 00:33:04,701 INFO:main.py:604:non_trivial:Loading forcefield.
2026-09-12 00:33:04,709 INFO:main.py:608:non_trivial:Loading hydrogen topology definitions.
2026-09-12 00:33:04,712 WARNING:biomolecule.py:157:num_missing_heavy:Missing atom OXT in residue LEU A 167
2026-09-12 00:33:04,713 WARNING:biomolecule.py:157:num_missing_heavy:Missing atom OXT in residue LEU A 167
2026-09-12 00:33:04,713 INFO:main.py:618:non_trivial:Attempting to repair 1 missing atoms in biomolecule.
2026-09-12 00:33:04,713 WARNING:biomolecule.py:157:num_missing_heavy:Missing atom OXT in residue LEU A 167
2026-09-12 00:33:04,714 INFO:biomolecule.py:1077:repair_heavy:Added atom OXT to residue LEU A 167 at coordinates -10.681, -2.906, 5.952
2026-09-12 00:33:04,714 INFO:main.py:623:non_trivial:Updating disulfide bridges.
2026-09-12 00:33:04,714 INFO:main.py:626:non_trivial:Debumping biomolecule.
2026-09-12 00:33:04,737 INFO:main.py:649:non_trivial:Adding hydrogens to biomolecule.
2026-09-12 00:33:04,823 INFO:main.py:652:non_trivial:Debumping biomolecule (again).
2026-09-12 00:33:04,925 INFO:main.py:654:non_trivial:Optimizing hydrogen bonds
2026-09-12 00:33:05,051 INFO:main.py:666:non_trivial:Applying force field to biomolecule states.
2026-09-12 00:33:05,053 INFO:main.py:713:non_trivial:Regenerating headers.
2026-09-12 00:33:05,054 INFO:main.py:738:non_trivial:Regenerating PDB lines.
2026-09-12 00:33:05,064 WARNING:main.py:311:print_pqr:Ignoring 390 header lines in output.
