2026-09-12 00:31:40,859 INFO:main.py:240:print_splash_screen:PDB2PQR v3.6.1: biomolecular structure conversion software.
2026-09-12 00:31:40,859 INFO:main.py:242:print_splash_screen:Please cite:  Jurrus E, et al.  Improvements to the APBS biomolecular solvation software suite.  Protein Sci 27 112-128 (2018).
2026-09-12 00:31:40,859 INFO:main.py:242:print_splash_screen:Please cite:  Dolinsky TJ, et al.  PDB2PQR: expanding and upgrading automated preparation of biomolecular structures for molecular simulations. Nucleic Acids Res 35 W522-W525 (2007).
2026-09-12 00:31:40,859 INFO:main.py:759:main_driver:Checking and transforming input arguments.
2026-09-12 00:31:40,860 INFO:main.py:763:main_driver:Loading topology files.
2026-09-12 00:31:40,907 INFO:main.py:765:main_driver:Loading molecule: structures/4WM6_clean.pdb
2026-09-12 00:31:40,919 INFO:main.py:770:main_driver:Setting up molecule.
2026-09-12 00:31:40,924 INFO:main.py:408:setup_molecule:Created biomolecule object with 129 residues and 1001 atoms.
2026-09-12 00:31:40,924 WARNING:main.py:418:setup_molecule:Multiple occupancies found: N in GLU A 35.
2026-09-12 00:31:40,925 WARNING:main.py:418:setup_molecule:Multiple occupancies found: CA in GLU A 35.
2026-09-12 00:31:40,925 WARNING:main.py:418:setup_molecule:Multiple occupancies found: C in GLU A 35.
2026-09-12 00:31:40,925 WARNING:main.py:418:setup_molecule:Multiple occupancies found: O in GLU A 35.
2026-09-12 00:31:40,925 WARNING:main.py:418:setup_molecule:Multiple occupancies found: CB in GLU A 35.
2026-09-12 00:31:40,925 WARNING:main.py:418:setup_molecule:Multiple occupancies found: CG in GLU A 35.
2026-09-12 00:31:40,925 WARNING:main.py:418:setup_molecule:Multiple occupancies found: CD in GLU A 35.
2026-09-12 00:31:40,926 WARNING:main.py:418:setup_molecule:Multiple occupancies found: OE1 in GLU A 35.
2026-09-12 00:31:40,926 WARNING:main.py:418:setup_molecule:Multiple occupancies found: OE2 in GLU A 35.
2026-09-12 00:31:40,926 WARNING:main.py:424:setup_molecule:Multiple occupancies found in GLU A 35. At least one of the instances is being ignored.
2026-09-12 00:31:40,926 INFO:main.py:774:main_driver:Setting termini states for biomolecule chains.
2026-09-12 00:31:40,928 INFO:main.py:604:non_trivial:Loading forcefield.
2026-09-12 00:31:40,937 INFO:main.py:608:non_trivial:Loading hydrogen topology definitions.
2026-09-12 00:31:40,940 INFO:main.py:459:is_repairable:This biomolecule is clean.  No repair needed.
2026-09-12 00:31:40,940 INFO:main.py:623:non_trivial:Updating disulfide bridges.
2026-09-12 00:31:40,941 INFO:main.py:626:non_trivial:Debumping biomolecule.
2026-09-12 00:31:40,961 INFO:main.py:649:non_trivial:Adding hydrogens to biomolecule.
2026-09-12 00:31:41,025 INFO:main.py:652:non_trivial:Debumping biomolecule (again).
2026-09-12 00:31:41,102 INFO:main.py:654:non_trivial:Optimizing hydrogen bonds
2026-09-12 00:31:41,234 INFO:main.py:666:non_trivial:Applying force field to biomolecule states.
2026-09-12 00:31:41,236 INFO:main.py:713:non_trivial:Regenerating headers.
2026-09-12 00:31:41,237 INFO:main.py:738:non_trivial:Regenerating PDB lines.
2026-09-12 00:31:41,246 WARNING:main.py:311:print_pqr:Ignoring 390 header lines in output.
