2026-09-12 00:33:28,145 INFO:main.py:240:print_splash_screen:PDB2PQR v3.6.1: biomolecular structure conversion software.
2026-09-12 00:33:28,146 INFO:main.py:242:print_splash_screen:Please cite:  Jurrus E, et al.  Improvements to the APBS biomolecular solvation software suite.  Protein Sci 27 112-128 (2018).
2026-09-12 00:33:28,146 INFO:main.py:242:print_splash_screen:Please cite:  Dolinsky TJ, et al.  PDB2PQR: expanding and upgrading automated preparation of biomolecular structures for molecular simulations. Nucleic Acids Res 35 W522-W525 (2007).
2026-09-12 00:33:28,146 INFO:main.py:759:main_driver:Checking and transforming input arguments.
2026-09-12 00:33:28,147 INFO:main.py:763:main_driver:Loading topology files.
2026-09-12 00:33:28,201 INFO:main.py:765:main_driver:Loading molecule: structures/4XCM_clean.pdb
2026-09-12 00:33:28,214 INFO:main.py:770:main_driver:Setting up molecule.
2026-09-12 00:33:28,221 INFO:main.py:408:setup_molecule:Created biomolecule object with 215 residues and 1673 atoms.
2026-09-12 00:33:28,221 INFO:main.py:774:main_driver:Setting termini states for biomolecule chains.
2026-09-12 00:33:28,224 WARNING:biomolecule.py:615:update_bonds:Gap in backbone detected between LEU B 41 and ARG B 43!
2026-09-12 00:33:28,225 WARNING:biomolecule.py:615:update_bonds:Gap in backbone detected between LEU B 89 and ARG B 91!
2026-09-12 00:33:28,225 WARNING:biomolecule.py:615:update_bonds:Gap in backbone detected between GLU B 110 and PRO B 122!
2026-09-12 00:33:28,226 INFO:main.py:604:non_trivial:Loading forcefield.
2026-09-12 00:33:28,233 INFO:main.py:608:non_trivial:Loading hydrogen topology definitions.
2026-09-12 00:33:28,238 WARNING:biomolecule.py:157:num_missing_heavy:Missing atom OXT in residue VAL B 244
2026-09-12 00:33:28,239 WARNING:biomolecule.py:157:num_missing_heavy:Missing atom OXT in residue VAL B 244
2026-09-12 00:33:28,239 INFO:main.py:618:non_trivial:Attempting to repair 1 missing atoms in biomolecule.
2026-09-12 00:33:28,240 WARNING:biomolecule.py:157:num_missing_heavy:Missing atom OXT in residue VAL B 244
2026-09-12 00:33:28,240 INFO:biomolecule.py:1077:repair_heavy:Added atom OXT to residue VAL B 244 at coordinates -29.999, -19.765, 6.966
2026-09-12 00:33:28,240 INFO:main.py:623:non_trivial:Updating disulfide bridges.
2026-09-12 00:33:28,240 INFO:main.py:626:non_trivial:Debumping biomolecule.
2026-09-12 00:33:28,270 INFO:main.py:649:non_trivial:Adding hydrogens to biomolecule.
2026-09-12 00:33:28,378 INFO:main.py:652:non_trivial:Debumping biomolecule (again).
2026-09-12 00:33:28,505 INFO:main.py:654:non_trivial:Optimizing hydrogen bonds
2026-09-12 00:33:28,755 INFO:main.py:666:non_trivial:Applying force field to biomolecule states.
2026-09-12 00:33:28,758 INFO:main.py:713:non_trivial:Regenerating headers.
2026-09-12 00:33:28,759 INFO:main.py:738:non_trivial:Regenerating PDB lines.
2026-09-12 00:33:28,770 WARNING:main.py:311:print_pqr:Ignoring 390 header lines in output.
