2026-09-11 23:21:21,534 INFO:main.py:240:print_splash_screen:PDB2PQR v3.6.1: biomolecular structure conversion software.
2026-09-11 23:21:21,534 INFO:main.py:242:print_splash_screen:Please cite:  Jurrus E, et al.  Improvements to the APBS biomolecular solvation software suite.  Protein Sci 27 112-128 (2018).
2026-09-11 23:21:21,534 INFO:main.py:242:print_splash_screen:Please cite:  Dolinsky TJ, et al.  PDB2PQR: expanding and upgrading automated preparation of biomolecular structures for molecular simulations. Nucleic Acids Res 35 W522-W525 (2007).
2026-09-11 23:21:21,535 INFO:main.py:759:main_driver:Checking and transforming input arguments.
2026-09-11 23:21:21,536 INFO:main.py:763:main_driver:Loading topology files.
2026-09-11 23:21:21,581 INFO:main.py:765:main_driver:Loading molecule: structures/5LEO.pdb
2026-09-11 23:21:21,592 INFO:main.py:770:main_driver:Setting up molecule.
2026-09-11 23:21:21,596 WARNING:biomolecule.py:992:create_residue:Unable to find amino or nucleic acid definition for SO4.  Parsing as new residue.
2026-09-11 23:21:21,597 WARNING:biomolecule.py:992:create_residue:Unable to find amino or nucleic acid definition for SO4.  Parsing as new residue.
2026-09-11 23:21:21,597 WARNING:biomolecule.py:992:create_residue:Unable to find amino or nucleic acid definition for MPD.  Parsing as new residue.
2026-09-11 23:21:21,597 INFO:main.py:408:setup_molecule:Created biomolecule object with 221 residues and 880 atoms.
2026-09-11 23:21:21,598 WARNING:main.py:418:setup_molecule:Multiple occupancies found: CA in VAL A 452.
2026-09-11 23:21:21,598 WARNING:main.py:418:setup_molecule:Multiple occupancies found: CB in VAL A 452.
2026-09-11 23:21:21,598 WARNING:main.py:418:setup_molecule:Multiple occupancies found: CG1 in VAL A 452.
2026-09-11 23:21:21,598 WARNING:main.py:418:setup_molecule:Multiple occupancies found: CG2 in VAL A 452.
2026-09-11 23:21:21,598 WARNING:main.py:424:setup_molecule:Multiple occupancies found in VAL A 452. At least one of the instances is being ignored.
2026-09-11 23:21:21,598 INFO:main.py:774:main_driver:Setting termini states for biomolecule chains.
2026-09-11 23:21:21,600 INFO:main.py:604:non_trivial:Loading forcefield.
2026-09-11 23:21:21,608 INFO:main.py:608:non_trivial:Loading hydrogen topology definitions.
2026-09-11 23:21:21,611 INFO:main.py:459:is_repairable:This biomolecule is clean.  No repair needed.
2026-09-11 23:21:21,611 INFO:main.py:623:non_trivial:Updating disulfide bridges.
2026-09-11 23:21:21,611 INFO:main.py:626:non_trivial:Debumping biomolecule.
2026-09-11 23:21:21,623 INFO:main.py:649:non_trivial:Adding hydrogens to biomolecule.
2026-09-11 23:21:21,669 INFO:main.py:652:non_trivial:Debumping biomolecule (again).
2026-09-11 23:21:21,730 INFO:main.py:654:non_trivial:Optimizing hydrogen bonds
2026-09-11 23:21:22,049 WARNING:debump.py:354:get_closest_atom:Skipped atom during water optimization: H1 in HOH A 638 skipped when optimizing H2 in HOH A 686
2026-09-11 23:21:22,051 WARNING:debump.py:354:get_closest_atom:Skipped atom during water optimization: H1 in HOH A 694 skipped when optimizing H2 in HOH A 611
2026-09-11 23:21:22,051 WARNING:debump.py:354:get_closest_atom:Skipped atom during water optimization: H1 in HOH A 694 skipped when optimizing H2 in HOH A 611
2026-09-11 23:21:22,052 WARNING:debump.py:354:get_closest_atom:Skipped atom during water optimization: H1 in HOH A 694 skipped when optimizing H2 in HOH A 611
2026-09-11 23:21:22,053 WARNING:debump.py:354:get_closest_atom:Skipped atom during water optimization: H1 in HOH A 694 skipped when optimizing H2 in HOH A 611
2026-09-11 23:21:22,054 WARNING:debump.py:354:get_closest_atom:Skipped atom during water optimization: H1 in HOH A 694 skipped when optimizing H2 in HOH A 611
2026-09-11 23:21:22,055 WARNING:debump.py:354:get_closest_atom:Skipped atom during water optimization: H1 in HOH A 694 skipped when optimizing H2 in HOH A 611
2026-09-11 23:21:22,057 WARNING:debump.py:354:get_closest_atom:Skipped atom during water optimization: H1 in HOH A 694 skipped when optimizing H2 in HOH A 611
2026-09-11 23:21:22,058 WARNING:debump.py:354:get_closest_atom:Skipped atom during water optimization: H1 in HOH A 694 skipped when optimizing H2 in HOH A 611
2026-09-11 23:21:22,058 WARNING:io.py:40:filter:Suppressing further "Skipped atom during water optimization" messages
2026-09-11 23:21:22,867 INFO:main.py:666:non_trivial:Applying force field to biomolecule states.
2026-09-11 23:21:22,869 INFO:main.py:713:non_trivial:Regenerating headers.
2026-09-11 23:21:22,869 INFO:main.py:738:non_trivial:Regenerating PDB lines.
2026-09-11 23:21:22,876 WARNING:main.py:311:print_pqr:Ignoring 1332 header lines in output.
2026-09-11 23:21:22,877 WARNING:main.py:315:print_pqr:Ignoring 18 missing lines in output.
2026-09-11 23:36:19,702 INFO:main.py:240:print_splash_screen:PDB2PQR v3.6.1: biomolecular structure conversion software.
2026-09-11 23:36:19,702 INFO:main.py:242:print_splash_screen:Please cite:  Jurrus E, et al.  Improvements to the APBS biomolecular solvation software suite.  Protein Sci 27 112-128 (2018).
2026-09-11 23:36:19,702 INFO:main.py:242:print_splash_screen:Please cite:  Dolinsky TJ, et al.  PDB2PQR: expanding and upgrading automated preparation of biomolecular structures for molecular simulations. Nucleic Acids Res 35 W522-W525 (2007).
2026-09-11 23:36:19,703 INFO:main.py:759:main_driver:Checking and transforming input arguments.
2026-09-11 23:36:19,704 INFO:main.py:763:main_driver:Loading topology files.
2026-09-11 23:36:19,747 INFO:main.py:765:main_driver:Loading molecule: structures/5LEO.pdb
2026-09-11 23:36:19,750 INFO:main.py:770:main_driver:Setting up molecule.
2026-09-11 23:36:19,753 WARNING:biomolecule.py:992:create_residue:Unable to find amino or nucleic acid definition for SO4.  Parsing as new residue.
2026-09-11 23:36:19,753 WARNING:biomolecule.py:992:create_residue:Unable to find amino or nucleic acid definition for SO4.  Parsing as new residue.
2026-09-11 23:36:19,753 WARNING:biomolecule.py:992:create_residue:Unable to find amino or nucleic acid definition for MPD.  Parsing as new residue.
2026-09-11 23:36:19,754 INFO:main.py:408:setup_molecule:Created biomolecule object with 221 residues and 880 atoms.
2026-09-11 23:36:19,754 WARNING:main.py:418:setup_molecule:Multiple occupancies found: CA in VAL A 452.
2026-09-11 23:36:19,754 WARNING:main.py:418:setup_molecule:Multiple occupancies found: CB in VAL A 452.
2026-09-11 23:36:19,754 WARNING:main.py:418:setup_molecule:Multiple occupancies found: CG1 in VAL A 452.
2026-09-11 23:36:19,754 WARNING:main.py:418:setup_molecule:Multiple occupancies found: CG2 in VAL A 452.
2026-09-11 23:36:19,754 WARNING:main.py:424:setup_molecule:Multiple occupancies found in VAL A 452. At least one of the instances is being ignored.
2026-09-11 23:36:19,754 INFO:main.py:774:main_driver:Setting termini states for biomolecule chains.
2026-09-11 23:36:19,756 INFO:main.py:604:non_trivial:Loading forcefield.
2026-09-11 23:36:19,762 INFO:main.py:608:non_trivial:Loading hydrogen topology definitions.
2026-09-11 23:36:19,765 INFO:main.py:459:is_repairable:This biomolecule is clean.  No repair needed.
2026-09-11 23:36:19,765 INFO:main.py:623:non_trivial:Updating disulfide bridges.
2026-09-11 23:36:19,765 INFO:main.py:626:non_trivial:Debumping biomolecule.
2026-09-11 23:36:19,779 INFO:main.py:649:non_trivial:Adding hydrogens to biomolecule.
2026-09-11 23:36:19,824 INFO:main.py:652:non_trivial:Debumping biomolecule (again).
2026-09-11 23:36:19,882 INFO:main.py:654:non_trivial:Optimizing hydrogen bonds
2026-09-11 23:36:20,190 WARNING:debump.py:354:get_closest_atom:Skipped atom during water optimization: H1 in HOH A 638 skipped when optimizing H2 in HOH A 686
2026-09-11 23:36:20,192 WARNING:debump.py:354:get_closest_atom:Skipped atom during water optimization: H1 in HOH A 694 skipped when optimizing H2 in HOH A 611
2026-09-11 23:36:20,193 WARNING:debump.py:354:get_closest_atom:Skipped atom during water optimization: H1 in HOH A 694 skipped when optimizing H2 in HOH A 611
2026-09-11 23:36:20,193 WARNING:debump.py:354:get_closest_atom:Skipped atom during water optimization: H1 in HOH A 694 skipped when optimizing H2 in HOH A 611
2026-09-11 23:36:20,194 WARNING:debump.py:354:get_closest_atom:Skipped atom during water optimization: H1 in HOH A 694 skipped when optimizing H2 in HOH A 611
2026-09-11 23:36:20,194 WARNING:debump.py:354:get_closest_atom:Skipped atom during water optimization: H1 in HOH A 694 skipped when optimizing H2 in HOH A 611
2026-09-11 23:36:20,194 WARNING:debump.py:354:get_closest_atom:Skipped atom during water optimization: H1 in HOH A 694 skipped when optimizing H2 in HOH A 611
2026-09-11 23:36:20,195 WARNING:debump.py:354:get_closest_atom:Skipped atom during water optimization: H1 in HOH A 694 skipped when optimizing H2 in HOH A 611
2026-09-11 23:36:20,196 WARNING:debump.py:354:get_closest_atom:Skipped atom during water optimization: H1 in HOH A 694 skipped when optimizing H2 in HOH A 611
2026-09-11 23:36:20,196 WARNING:io.py:40:filter:Suppressing further "Skipped atom during water optimization" messages
2026-09-11 23:36:21,001 INFO:main.py:666:non_trivial:Applying force field to biomolecule states.
2026-09-11 23:36:21,003 INFO:main.py:713:non_trivial:Regenerating headers.
2026-09-11 23:36:21,003 INFO:main.py:738:non_trivial:Regenerating PDB lines.
2026-09-11 23:36:21,010 WARNING:main.py:311:print_pqr:Ignoring 1332 header lines in output.
2026-09-11 23:36:21,010 WARNING:main.py:315:print_pqr:Ignoring 18 missing lines in output.
2026-09-11 23:46:54,155 INFO:main.py:240:print_splash_screen:PDB2PQR v3.6.1: biomolecular structure conversion software.
2026-09-11 23:46:54,155 INFO:main.py:242:print_splash_screen:Please cite:  Jurrus E, et al.  Improvements to the APBS biomolecular solvation software suite.  Protein Sci 27 112-128 (2018).
2026-09-11 23:46:54,156 INFO:main.py:242:print_splash_screen:Please cite:  Dolinsky TJ, et al.  PDB2PQR: expanding and upgrading automated preparation of biomolecular structures for molecular simulations. Nucleic Acids Res 35 W522-W525 (2007).
2026-09-11 23:46:54,156 INFO:main.py:759:main_driver:Checking and transforming input arguments.
2026-09-11 23:46:54,157 INFO:main.py:763:main_driver:Loading topology files.
2026-09-11 23:46:54,202 INFO:main.py:765:main_driver:Loading molecule: structures/5LEO_clean.pdb
2026-09-11 23:46:54,216 INFO:main.py:770:main_driver:Setting up molecule.
2026-09-11 23:46:54,220 WARNING:biomolecule.py:992:create_residue:Unable to find amino or nucleic acid definition for SO4.  Parsing as new residue.
2026-09-11 23:46:54,220 WARNING:biomolecule.py:992:create_residue:Unable to find amino or nucleic acid definition for SO4.  Parsing as new residue.
2026-09-11 23:46:54,220 WARNING:biomolecule.py:992:create_residue:Unable to find amino or nucleic acid definition for MPD.  Parsing as new residue.
2026-09-11 23:46:54,221 INFO:main.py:408:setup_molecule:Created biomolecule object with 221 residues and 880 atoms.
2026-09-11 23:46:54,221 WARNING:main.py:418:setup_molecule:Multiple occupancies found: CA in VAL A 452.
2026-09-11 23:46:54,222 WARNING:main.py:418:setup_molecule:Multiple occupancies found: CB in VAL A 452.
2026-09-11 23:46:54,222 WARNING:main.py:418:setup_molecule:Multiple occupancies found: CG1 in VAL A 452.
2026-09-11 23:46:54,222 WARNING:main.py:418:setup_molecule:Multiple occupancies found: CG2 in VAL A 452.
2026-09-11 23:46:54,222 WARNING:main.py:424:setup_molecule:Multiple occupancies found in VAL A 452. At least one of the instances is being ignored.
2026-09-11 23:46:54,222 INFO:main.py:774:main_driver:Setting termini states for biomolecule chains.
2026-09-11 23:46:54,224 INFO:main.py:604:non_trivial:Loading forcefield.
2026-09-11 23:46:54,232 INFO:main.py:608:non_trivial:Loading hydrogen topology definitions.
2026-09-11 23:46:54,235 INFO:main.py:459:is_repairable:This biomolecule is clean.  No repair needed.
2026-09-11 23:46:54,235 INFO:main.py:623:non_trivial:Updating disulfide bridges.
2026-09-11 23:46:54,235 INFO:main.py:626:non_trivial:Debumping biomolecule.
2026-09-11 23:46:54,248 INFO:main.py:649:non_trivial:Adding hydrogens to biomolecule.
2026-09-11 23:46:54,295 INFO:main.py:652:non_trivial:Debumping biomolecule (again).
2026-09-11 23:46:54,356 INFO:main.py:654:non_trivial:Optimizing hydrogen bonds
2026-09-11 23:46:54,669 WARNING:debump.py:354:get_closest_atom:Skipped atom during water optimization: H1 in HOH A 638 skipped when optimizing H2 in HOH A 686
2026-09-11 23:46:54,671 WARNING:debump.py:354:get_closest_atom:Skipped atom during water optimization: H1 in HOH A 694 skipped when optimizing H2 in HOH A 611
2026-09-11 23:46:54,672 WARNING:debump.py:354:get_closest_atom:Skipped atom during water optimization: H1 in HOH A 694 skipped when optimizing H2 in HOH A 611
2026-09-11 23:46:54,673 WARNING:debump.py:354:get_closest_atom:Skipped atom during water optimization: H1 in HOH A 694 skipped when optimizing H2 in HOH A 611
2026-09-11 23:46:54,673 WARNING:debump.py:354:get_closest_atom:Skipped atom during water optimization: H1 in HOH A 694 skipped when optimizing H2 in HOH A 611
2026-09-11 23:46:54,674 WARNING:debump.py:354:get_closest_atom:Skipped atom during water optimization: H1 in HOH A 694 skipped when optimizing H2 in HOH A 611
2026-09-11 23:46:54,674 WARNING:debump.py:354:get_closest_atom:Skipped atom during water optimization: H1 in HOH A 694 skipped when optimizing H2 in HOH A 611
2026-09-11 23:46:54,675 WARNING:debump.py:354:get_closest_atom:Skipped atom during water optimization: H1 in HOH A 694 skipped when optimizing H2 in HOH A 611
2026-09-11 23:46:54,676 WARNING:debump.py:354:get_closest_atom:Skipped atom during water optimization: H1 in HOH A 694 skipped when optimizing H2 in HOH A 611
2026-09-11 23:46:54,677 WARNING:io.py:40:filter:Suppressing further "Skipped atom during water optimization" messages
2026-09-11 23:46:55,496 INFO:main.py:666:non_trivial:Applying force field to biomolecule states.
2026-09-11 23:46:55,497 INFO:main.py:713:non_trivial:Regenerating headers.
2026-09-11 23:46:55,498 INFO:main.py:738:non_trivial:Regenerating PDB lines.
2026-09-11 23:46:55,505 WARNING:main.py:311:print_pqr:Ignoring 1332 header lines in output.
2026-09-11 23:46:55,505 WARNING:main.py:315:print_pqr:Ignoring 18 missing lines in output.
2026-09-11 23:54:38,418 INFO:main.py:240:print_splash_screen:PDB2PQR v3.6.1: biomolecular structure conversion software.
2026-09-11 23:54:38,418 INFO:main.py:242:print_splash_screen:Please cite:  Jurrus E, et al.  Improvements to the APBS biomolecular solvation software suite.  Protein Sci 27 112-128 (2018).
2026-09-11 23:54:38,418 INFO:main.py:242:print_splash_screen:Please cite:  Dolinsky TJ, et al.  PDB2PQR: expanding and upgrading automated preparation of biomolecular structures for molecular simulations. Nucleic Acids Res 35 W522-W525 (2007).
2026-09-11 23:54:38,418 INFO:main.py:759:main_driver:Checking and transforming input arguments.
2026-09-11 23:54:38,420 INFO:main.py:763:main_driver:Loading topology files.
2026-09-11 23:54:38,463 INFO:main.py:765:main_driver:Loading molecule: structures/5LEO_clean.pdb
2026-09-11 23:54:38,477 INFO:main.py:770:main_driver:Setting up molecule.
2026-09-11 23:54:38,480 WARNING:biomolecule.py:992:create_residue:Unable to find amino or nucleic acid definition for SO4.  Parsing as new residue.
2026-09-11 23:54:38,480 WARNING:biomolecule.py:992:create_residue:Unable to find amino or nucleic acid definition for SO4.  Parsing as new residue.
2026-09-11 23:54:38,481 WARNING:biomolecule.py:992:create_residue:Unable to find amino or nucleic acid definition for MPD.  Parsing as new residue.
2026-09-11 23:54:38,481 INFO:main.py:408:setup_molecule:Created biomolecule object with 221 residues and 880 atoms.
2026-09-11 23:54:38,481 WARNING:main.py:418:setup_molecule:Multiple occupancies found: CA in VAL A 452.
2026-09-11 23:54:38,481 WARNING:main.py:418:setup_molecule:Multiple occupancies found: CB in VAL A 452.
2026-09-11 23:54:38,481 WARNING:main.py:418:setup_molecule:Multiple occupancies found: CG1 in VAL A 452.
2026-09-11 23:54:38,482 WARNING:main.py:418:setup_molecule:Multiple occupancies found: CG2 in VAL A 452.
2026-09-11 23:54:38,482 WARNING:main.py:424:setup_molecule:Multiple occupancies found in VAL A 452. At least one of the instances is being ignored.
2026-09-11 23:54:38,482 INFO:main.py:774:main_driver:Setting termini states for biomolecule chains.
2026-09-11 23:54:38,484 INFO:main.py:604:non_trivial:Loading forcefield.
2026-09-11 23:54:38,492 INFO:main.py:608:non_trivial:Loading hydrogen topology definitions.
2026-09-11 23:54:38,495 INFO:main.py:459:is_repairable:This biomolecule is clean.  No repair needed.
2026-09-11 23:54:38,496 INFO:main.py:623:non_trivial:Updating disulfide bridges.
2026-09-11 23:54:38,496 INFO:main.py:626:non_trivial:Debumping biomolecule.
2026-09-11 23:54:38,508 INFO:main.py:649:non_trivial:Adding hydrogens to biomolecule.
2026-09-11 23:54:38,555 INFO:main.py:652:non_trivial:Debumping biomolecule (again).
2026-09-11 23:54:38,615 INFO:main.py:654:non_trivial:Optimizing hydrogen bonds
2026-09-11 23:54:38,930 WARNING:debump.py:354:get_closest_atom:Skipped atom during water optimization: H1 in HOH A 638 skipped when optimizing H2 in HOH A 686
2026-09-11 23:54:38,931 WARNING:debump.py:354:get_closest_atom:Skipped atom during water optimization: H1 in HOH A 694 skipped when optimizing H2 in HOH A 611
2026-09-11 23:54:38,932 WARNING:debump.py:354:get_closest_atom:Skipped atom during water optimization: H1 in HOH A 694 skipped when optimizing H2 in HOH A 611
2026-09-11 23:54:38,932 WARNING:debump.py:354:get_closest_atom:Skipped atom during water optimization: H1 in HOH A 694 skipped when optimizing H2 in HOH A 611
2026-09-11 23:54:38,933 WARNING:debump.py:354:get_closest_atom:Skipped atom during water optimization: H1 in HOH A 694 skipped when optimizing H2 in HOH A 611
2026-09-11 23:54:38,933 WARNING:debump.py:354:get_closest_atom:Skipped atom during water optimization: H1 in HOH A 694 skipped when optimizing H2 in HOH A 611
2026-09-11 23:54:38,934 WARNING:debump.py:354:get_closest_atom:Skipped atom during water optimization: H1 in HOH A 694 skipped when optimizing H2 in HOH A 611
2026-09-11 23:54:38,935 WARNING:debump.py:354:get_closest_atom:Skipped atom during water optimization: H1 in HOH A 694 skipped when optimizing H2 in HOH A 611
2026-09-11 23:54:38,935 WARNING:debump.py:354:get_closest_atom:Skipped atom during water optimization: H1 in HOH A 694 skipped when optimizing H2 in HOH A 611
2026-09-11 23:54:38,936 WARNING:io.py:40:filter:Suppressing further "Skipped atom during water optimization" messages
2026-09-11 23:54:39,750 INFO:main.py:666:non_trivial:Applying force field to biomolecule states.
2026-09-11 23:54:39,751 INFO:main.py:713:non_trivial:Regenerating headers.
2026-09-11 23:54:39,752 INFO:main.py:738:non_trivial:Regenerating PDB lines.
2026-09-11 23:54:39,758 WARNING:main.py:311:print_pqr:Ignoring 1332 header lines in output.
2026-09-11 23:54:39,759 WARNING:main.py:315:print_pqr:Ignoring 18 missing lines in output.
2026-09-12 00:02:03,602 INFO:main.py:240:print_splash_screen:PDB2PQR v3.6.1: biomolecular structure conversion software.
2026-09-12 00:02:03,602 INFO:main.py:242:print_splash_screen:Please cite:  Jurrus E, et al.  Improvements to the APBS biomolecular solvation software suite.  Protein Sci 27 112-128 (2018).
2026-09-12 00:02:03,602 INFO:main.py:242:print_splash_screen:Please cite:  Dolinsky TJ, et al.  PDB2PQR: expanding and upgrading automated preparation of biomolecular structures for molecular simulations. Nucleic Acids Res 35 W522-W525 (2007).
2026-09-12 00:02:03,602 INFO:main.py:759:main_driver:Checking and transforming input arguments.
2026-09-12 00:02:03,603 INFO:main.py:763:main_driver:Loading topology files.
2026-09-12 00:02:03,646 INFO:main.py:765:main_driver:Loading molecule: structures/5LEO_clean.pdb
2026-09-12 00:02:03,658 INFO:main.py:770:main_driver:Setting up molecule.
2026-09-12 00:02:03,661 INFO:main.py:408:setup_molecule:Created biomolecule object with 93 residues and 737 atoms.
2026-09-12 00:02:03,662 WARNING:main.py:418:setup_molecule:Multiple occupancies found: CA in VAL A 452.
2026-09-12 00:02:03,662 WARNING:main.py:418:setup_molecule:Multiple occupancies found: CB in VAL A 452.
2026-09-12 00:02:03,662 WARNING:main.py:418:setup_molecule:Multiple occupancies found: CG1 in VAL A 452.
2026-09-12 00:02:03,662 WARNING:main.py:418:setup_molecule:Multiple occupancies found: CG2 in VAL A 452.
2026-09-12 00:02:03,662 WARNING:main.py:424:setup_molecule:Multiple occupancies found in VAL A 452. At least one of the instances is being ignored.
2026-09-12 00:02:03,662 INFO:main.py:774:main_driver:Setting termini states for biomolecule chains.
2026-09-12 00:02:03,664 INFO:main.py:604:non_trivial:Loading forcefield.
2026-09-12 00:02:03,672 INFO:main.py:608:non_trivial:Loading hydrogen topology definitions.
2026-09-12 00:02:03,674 INFO:main.py:459:is_repairable:This biomolecule is clean.  No repair needed.
2026-09-12 00:02:03,674 INFO:main.py:623:non_trivial:Updating disulfide bridges.
2026-09-12 00:02:03,674 INFO:main.py:626:non_trivial:Debumping biomolecule.
2026-09-12 00:02:03,688 INFO:main.py:649:non_trivial:Adding hydrogens to biomolecule.
2026-09-12 00:02:03,736 INFO:main.py:652:non_trivial:Debumping biomolecule (again).
2026-09-12 00:02:03,794 INFO:main.py:654:non_trivial:Optimizing hydrogen bonds
2026-09-12 00:02:03,962 INFO:main.py:666:non_trivial:Applying force field to biomolecule states.
2026-09-12 00:02:03,964 INFO:main.py:713:non_trivial:Regenerating headers.
2026-09-12 00:02:03,965 INFO:main.py:738:non_trivial:Regenerating PDB lines.
2026-09-12 00:02:03,970 WARNING:main.py:311:print_pqr:Ignoring 390 header lines in output.
2026-09-12 00:07:56,325 INFO:main.py:240:print_splash_screen:PDB2PQR v3.6.1: biomolecular structure conversion software.
2026-09-12 00:07:56,326 INFO:main.py:242:print_splash_screen:Please cite:  Jurrus E, et al.  Improvements to the APBS biomolecular solvation software suite.  Protein Sci 27 112-128 (2018).
2026-09-12 00:07:56,326 INFO:main.py:242:print_splash_screen:Please cite:  Dolinsky TJ, et al.  PDB2PQR: expanding and upgrading automated preparation of biomolecular structures for molecular simulations. Nucleic Acids Res 35 W522-W525 (2007).
2026-09-12 00:07:56,326 INFO:main.py:759:main_driver:Checking and transforming input arguments.
2026-09-12 00:07:56,327 INFO:main.py:763:main_driver:Loading topology files.
2026-09-12 00:07:56,367 INFO:main.py:765:main_driver:Loading molecule: structures/5LEO_clean.pdb
2026-09-12 00:07:56,380 INFO:main.py:770:main_driver:Setting up molecule.
2026-09-12 00:07:56,384 INFO:main.py:408:setup_molecule:Created biomolecule object with 93 residues and 737 atoms.
2026-09-12 00:07:56,384 WARNING:main.py:418:setup_molecule:Multiple occupancies found: CA in VAL A 452.
2026-09-12 00:07:56,384 WARNING:main.py:418:setup_molecule:Multiple occupancies found: CB in VAL A 452.
2026-09-12 00:07:56,384 WARNING:main.py:418:setup_molecule:Multiple occupancies found: CG1 in VAL A 452.
2026-09-12 00:07:56,384 WARNING:main.py:418:setup_molecule:Multiple occupancies found: CG2 in VAL A 452.
2026-09-12 00:07:56,384 WARNING:main.py:424:setup_molecule:Multiple occupancies found in VAL A 452. At least one of the instances is being ignored.
2026-09-12 00:07:56,384 INFO:main.py:774:main_driver:Setting termini states for biomolecule chains.
2026-09-12 00:07:56,386 INFO:main.py:604:non_trivial:Loading forcefield.
2026-09-12 00:07:56,393 INFO:main.py:608:non_trivial:Loading hydrogen topology definitions.
2026-09-12 00:07:56,395 INFO:main.py:459:is_repairable:This biomolecule is clean.  No repair needed.
2026-09-12 00:07:56,395 INFO:main.py:623:non_trivial:Updating disulfide bridges.
2026-09-12 00:07:56,395 INFO:main.py:626:non_trivial:Debumping biomolecule.
2026-09-12 00:07:56,409 INFO:main.py:649:non_trivial:Adding hydrogens to biomolecule.
2026-09-12 00:07:56,458 INFO:main.py:652:non_trivial:Debumping biomolecule (again).
2026-09-12 00:07:56,517 INFO:main.py:654:non_trivial:Optimizing hydrogen bonds
2026-09-12 00:07:56,683 INFO:main.py:666:non_trivial:Applying force field to biomolecule states.
2026-09-12 00:07:56,684 INFO:main.py:713:non_trivial:Regenerating headers.
2026-09-12 00:07:56,685 INFO:main.py:738:non_trivial:Regenerating PDB lines.
2026-09-12 00:07:56,690 WARNING:main.py:311:print_pqr:Ignoring 390 header lines in output.
2026-09-12 00:16:15,357 INFO:main.py:240:print_splash_screen:PDB2PQR v3.6.1: biomolecular structure conversion software.
2026-09-12 00:16:15,358 INFO:main.py:242:print_splash_screen:Please cite:  Jurrus E, et al.  Improvements to the APBS biomolecular solvation software suite.  Protein Sci 27 112-128 (2018).
2026-09-12 00:16:15,358 INFO:main.py:242:print_splash_screen:Please cite:  Dolinsky TJ, et al.  PDB2PQR: expanding and upgrading automated preparation of biomolecular structures for molecular simulations. Nucleic Acids Res 35 W522-W525 (2007).
2026-09-12 00:16:15,358 INFO:main.py:759:main_driver:Checking and transforming input arguments.
2026-09-12 00:16:15,360 INFO:main.py:763:main_driver:Loading topology files.
2026-09-12 00:16:15,403 INFO:main.py:765:main_driver:Loading molecule: structures/5LEO_clean.pdb
2026-09-12 00:16:15,416 INFO:main.py:770:main_driver:Setting up molecule.
2026-09-12 00:16:15,420 INFO:main.py:408:setup_molecule:Created biomolecule object with 93 residues and 737 atoms.
2026-09-12 00:16:15,420 WARNING:main.py:418:setup_molecule:Multiple occupancies found: CA in VAL A 452.
2026-09-12 00:16:15,420 WARNING:main.py:418:setup_molecule:Multiple occupancies found: CB in VAL A 452.
2026-09-12 00:16:15,420 WARNING:main.py:418:setup_molecule:Multiple occupancies found: CG1 in VAL A 452.
2026-09-12 00:16:15,421 WARNING:main.py:418:setup_molecule:Multiple occupancies found: CG2 in VAL A 452.
2026-09-12 00:16:15,421 WARNING:main.py:424:setup_molecule:Multiple occupancies found in VAL A 452. At least one of the instances is being ignored.
2026-09-12 00:16:15,421 INFO:main.py:774:main_driver:Setting termini states for biomolecule chains.
2026-09-12 00:16:15,423 INFO:main.py:604:non_trivial:Loading forcefield.
2026-09-12 00:16:15,431 INFO:main.py:608:non_trivial:Loading hydrogen topology definitions.
2026-09-12 00:16:15,435 INFO:main.py:459:is_repairable:This biomolecule is clean.  No repair needed.
2026-09-12 00:16:15,435 INFO:main.py:623:non_trivial:Updating disulfide bridges.
2026-09-12 00:16:15,435 INFO:main.py:626:non_trivial:Debumping biomolecule.
2026-09-12 00:16:15,447 INFO:main.py:649:non_trivial:Adding hydrogens to biomolecule.
2026-09-12 00:16:15,495 INFO:main.py:652:non_trivial:Debumping biomolecule (again).
2026-09-12 00:16:15,552 INFO:main.py:654:non_trivial:Optimizing hydrogen bonds
2026-09-12 00:16:15,719 INFO:main.py:666:non_trivial:Applying force field to biomolecule states.
2026-09-12 00:16:15,720 INFO:main.py:713:non_trivial:Regenerating headers.
2026-09-12 00:16:15,721 INFO:main.py:738:non_trivial:Regenerating PDB lines.
2026-09-12 00:16:15,726 WARNING:main.py:311:print_pqr:Ignoring 390 header lines in output.
2026-09-12 00:22:35,798 INFO:main.py:240:print_splash_screen:PDB2PQR v3.6.1: biomolecular structure conversion software.
2026-09-12 00:22:35,798 INFO:main.py:242:print_splash_screen:Please cite:  Jurrus E, et al.  Improvements to the APBS biomolecular solvation software suite.  Protein Sci 27 112-128 (2018).
2026-09-12 00:22:35,798 INFO:main.py:242:print_splash_screen:Please cite:  Dolinsky TJ, et al.  PDB2PQR: expanding and upgrading automated preparation of biomolecular structures for molecular simulations. Nucleic Acids Res 35 W522-W525 (2007).
2026-09-12 00:22:35,798 INFO:main.py:759:main_driver:Checking and transforming input arguments.
2026-09-12 00:22:35,799 INFO:main.py:763:main_driver:Loading topology files.
2026-09-12 00:22:35,845 INFO:main.py:765:main_driver:Loading molecule: structures/5LEO_clean.pdb
2026-09-12 00:22:35,858 INFO:main.py:770:main_driver:Setting up molecule.
2026-09-12 00:22:35,862 INFO:main.py:408:setup_molecule:Created biomolecule object with 93 residues and 737 atoms.
2026-09-12 00:22:35,863 WARNING:main.py:418:setup_molecule:Multiple occupancies found: CA in VAL A 452.
2026-09-12 00:22:35,863 WARNING:main.py:418:setup_molecule:Multiple occupancies found: CB in VAL A 452.
2026-09-12 00:22:35,863 WARNING:main.py:418:setup_molecule:Multiple occupancies found: CG1 in VAL A 452.
2026-09-12 00:22:35,863 WARNING:main.py:418:setup_molecule:Multiple occupancies found: CG2 in VAL A 452.
2026-09-12 00:22:35,863 WARNING:main.py:424:setup_molecule:Multiple occupancies found in VAL A 452. At least one of the instances is being ignored.
2026-09-12 00:22:35,864 INFO:main.py:774:main_driver:Setting termini states for biomolecule chains.
2026-09-12 00:22:35,868 INFO:main.py:604:non_trivial:Loading forcefield.
2026-09-12 00:22:35,879 INFO:main.py:608:non_trivial:Loading hydrogen topology definitions.
2026-09-12 00:22:35,883 INFO:main.py:459:is_repairable:This biomolecule is clean.  No repair needed.
2026-09-12 00:22:35,883 INFO:main.py:623:non_trivial:Updating disulfide bridges.
2026-09-12 00:22:35,883 INFO:main.py:626:non_trivial:Debumping biomolecule.
2026-09-12 00:22:35,899 INFO:main.py:649:non_trivial:Adding hydrogens to biomolecule.
2026-09-12 00:22:35,949 INFO:main.py:652:non_trivial:Debumping biomolecule (again).
2026-09-12 00:22:36,007 INFO:main.py:654:non_trivial:Optimizing hydrogen bonds
2026-09-12 00:22:36,172 INFO:main.py:666:non_trivial:Applying force field to biomolecule states.
2026-09-12 00:22:36,174 INFO:main.py:713:non_trivial:Regenerating headers.
2026-09-12 00:22:36,174 INFO:main.py:738:non_trivial:Regenerating PDB lines.
2026-09-12 00:22:36,180 WARNING:main.py:311:print_pqr:Ignoring 390 header lines in output.
2026-09-12 00:28:51,522 INFO:main.py:240:print_splash_screen:PDB2PQR v3.6.1: biomolecular structure conversion software.
2026-09-12 00:28:51,522 INFO:main.py:242:print_splash_screen:Please cite:  Jurrus E, et al.  Improvements to the APBS biomolecular solvation software suite.  Protein Sci 27 112-128 (2018).
2026-09-12 00:28:51,522 INFO:main.py:242:print_splash_screen:Please cite:  Dolinsky TJ, et al.  PDB2PQR: expanding and upgrading automated preparation of biomolecular structures for molecular simulations. Nucleic Acids Res 35 W522-W525 (2007).
2026-09-12 00:28:51,522 INFO:main.py:759:main_driver:Checking and transforming input arguments.
2026-09-12 00:28:51,524 INFO:main.py:763:main_driver:Loading topology files.
2026-09-12 00:28:51,567 INFO:main.py:765:main_driver:Loading molecule: structures/5LEO_clean.pdb
2026-09-12 00:28:51,579 INFO:main.py:770:main_driver:Setting up molecule.
2026-09-12 00:28:51,583 INFO:main.py:408:setup_molecule:Created biomolecule object with 93 residues and 737 atoms.
2026-09-12 00:28:51,583 WARNING:main.py:418:setup_molecule:Multiple occupancies found: CA in VAL A 452.
2026-09-12 00:28:51,583 WARNING:main.py:418:setup_molecule:Multiple occupancies found: CB in VAL A 452.
2026-09-12 00:28:51,584 WARNING:main.py:418:setup_molecule:Multiple occupancies found: CG1 in VAL A 452.
2026-09-12 00:28:51,584 WARNING:main.py:418:setup_molecule:Multiple occupancies found: CG2 in VAL A 452.
2026-09-12 00:28:51,584 WARNING:main.py:424:setup_molecule:Multiple occupancies found in VAL A 452. At least one of the instances is being ignored.
2026-09-12 00:28:51,584 INFO:main.py:774:main_driver:Setting termini states for biomolecule chains.
2026-09-12 00:28:51,586 INFO:main.py:604:non_trivial:Loading forcefield.
2026-09-12 00:28:51,592 INFO:main.py:608:non_trivial:Loading hydrogen topology definitions.
2026-09-12 00:28:51,595 INFO:main.py:459:is_repairable:This biomolecule is clean.  No repair needed.
2026-09-12 00:28:51,595 INFO:main.py:623:non_trivial:Updating disulfide bridges.
2026-09-12 00:28:51,596 INFO:main.py:626:non_trivial:Debumping biomolecule.
2026-09-12 00:28:51,609 INFO:main.py:649:non_trivial:Adding hydrogens to biomolecule.
2026-09-12 00:28:51,660 INFO:main.py:652:non_trivial:Debumping biomolecule (again).
2026-09-12 00:28:51,720 INFO:main.py:654:non_trivial:Optimizing hydrogen bonds
2026-09-12 00:28:51,888 INFO:main.py:666:non_trivial:Applying force field to biomolecule states.
2026-09-12 00:28:51,889 INFO:main.py:713:non_trivial:Regenerating headers.
2026-09-12 00:28:51,889 INFO:main.py:738:non_trivial:Regenerating PDB lines.
2026-09-12 00:28:51,895 WARNING:main.py:311:print_pqr:Ignoring 390 header lines in output.
