2026-09-11 23:20:37,614 INFO:main.py:240:print_splash_screen:PDB2PQR v3.6.1: biomolecular structure conversion software.
2026-09-11 23:20:37,614 INFO:main.py:242:print_splash_screen:Please cite:  Jurrus E, et al.  Improvements to the APBS biomolecular solvation software suite.  Protein Sci 27 112-128 (2018).
2026-09-11 23:20:37,614 INFO:main.py:242:print_splash_screen:Please cite:  Dolinsky TJ, et al.  PDB2PQR: expanding and upgrading automated preparation of biomolecular structures for molecular simulations. Nucleic Acids Res 35 W522-W525 (2007).
2026-09-11 23:20:37,614 INFO:main.py:759:main_driver:Checking and transforming input arguments.
2026-09-11 23:20:37,615 INFO:main.py:763:main_driver:Loading topology files.
2026-09-11 23:20:37,661 INFO:main.py:765:main_driver:Loading molecule: structures/5O1Q.pdb
2026-09-11 23:20:37,714 INFO:main.py:770:main_driver:Setting up molecule.
2026-09-11 23:20:37,720 INFO:main.py:408:setup_molecule:Created biomolecule object with 106 residues and 1608 atoms.
2026-09-11 23:20:37,720 INFO:main.py:774:main_driver:Setting termini states for biomolecule chains.
2026-09-11 23:20:37,723 INFO:main.py:604:non_trivial:Loading forcefield.
2026-09-11 23:20:37,730 INFO:main.py:608:non_trivial:Loading hydrogen topology definitions.
2026-09-11 23:20:37,734 INFO:main.py:459:is_repairable:This biomolecule is clean.  No repair needed.
2026-09-11 23:20:37,734 INFO:main.py:623:non_trivial:Updating disulfide bridges.
2026-09-11 23:20:37,734 INFO:main.py:626:non_trivial:Debumping biomolecule.
2026-09-11 23:20:37,752 INFO:main.py:649:non_trivial:Adding hydrogens to biomolecule.
2026-09-11 23:20:37,753 INFO:main.py:652:non_trivial:Debumping biomolecule (again).
2026-09-11 23:20:37,772 INFO:main.py:654:non_trivial:Optimizing hydrogen bonds
2026-09-11 23:20:37,916 INFO:main.py:666:non_trivial:Applying force field to biomolecule states.
2026-09-11 23:20:37,918 INFO:main.py:713:non_trivial:Regenerating headers.
2026-09-11 23:20:37,918 INFO:main.py:738:non_trivial:Regenerating PDB lines.
2026-09-11 23:20:37,924 WARNING:main.py:311:print_pqr:Ignoring 390 header lines in output.
2026-09-11 23:35:35,934 INFO:main.py:240:print_splash_screen:PDB2PQR v3.6.1: biomolecular structure conversion software.
2026-09-11 23:35:35,934 INFO:main.py:242:print_splash_screen:Please cite:  Jurrus E, et al.  Improvements to the APBS biomolecular solvation software suite.  Protein Sci 27 112-128 (2018).
2026-09-11 23:35:35,934 INFO:main.py:242:print_splash_screen:Please cite:  Dolinsky TJ, et al.  PDB2PQR: expanding and upgrading automated preparation of biomolecular structures for molecular simulations. Nucleic Acids Res 35 W522-W525 (2007).
2026-09-11 23:35:35,934 INFO:main.py:759:main_driver:Checking and transforming input arguments.
2026-09-11 23:35:35,935 INFO:main.py:763:main_driver:Loading topology files.
2026-09-11 23:35:35,977 INFO:main.py:765:main_driver:Loading molecule: structures/5O1Q.pdb
2026-09-11 23:35:36,022 INFO:main.py:770:main_driver:Setting up molecule.
2026-09-11 23:35:36,028 INFO:main.py:408:setup_molecule:Created biomolecule object with 106 residues and 1608 atoms.
2026-09-11 23:35:36,028 INFO:main.py:774:main_driver:Setting termini states for biomolecule chains.
2026-09-11 23:35:36,031 INFO:main.py:604:non_trivial:Loading forcefield.
2026-09-11 23:35:36,037 INFO:main.py:608:non_trivial:Loading hydrogen topology definitions.
2026-09-11 23:35:36,040 INFO:main.py:459:is_repairable:This biomolecule is clean.  No repair needed.
2026-09-11 23:35:36,040 INFO:main.py:623:non_trivial:Updating disulfide bridges.
2026-09-11 23:35:36,040 INFO:main.py:626:non_trivial:Debumping biomolecule.
2026-09-11 23:35:36,059 INFO:main.py:649:non_trivial:Adding hydrogens to biomolecule.
2026-09-11 23:35:36,059 INFO:main.py:652:non_trivial:Debumping biomolecule (again).
2026-09-11 23:35:36,076 INFO:main.py:654:non_trivial:Optimizing hydrogen bonds
2026-09-11 23:35:36,216 INFO:main.py:666:non_trivial:Applying force field to biomolecule states.
2026-09-11 23:35:36,218 INFO:main.py:713:non_trivial:Regenerating headers.
2026-09-11 23:35:36,218 INFO:main.py:738:non_trivial:Regenerating PDB lines.
2026-09-11 23:35:36,223 WARNING:main.py:311:print_pqr:Ignoring 390 header lines in output.
2026-09-11 23:46:10,387 INFO:main.py:240:print_splash_screen:PDB2PQR v3.6.1: biomolecular structure conversion software.
2026-09-11 23:46:10,388 INFO:main.py:242:print_splash_screen:Please cite:  Jurrus E, et al.  Improvements to the APBS biomolecular solvation software suite.  Protein Sci 27 112-128 (2018).
2026-09-11 23:46:10,388 INFO:main.py:242:print_splash_screen:Please cite:  Dolinsky TJ, et al.  PDB2PQR: expanding and upgrading automated preparation of biomolecular structures for molecular simulations. Nucleic Acids Res 35 W522-W525 (2007).
2026-09-11 23:46:10,388 INFO:main.py:759:main_driver:Checking and transforming input arguments.
2026-09-11 23:46:10,389 INFO:main.py:763:main_driver:Loading topology files.
2026-09-11 23:46:10,434 INFO:main.py:765:main_driver:Loading molecule: structures/5O1Q_clean.pdb
2026-09-11 23:46:10,485 INFO:main.py:770:main_driver:Setting up molecule.
2026-09-11 23:46:10,491 INFO:main.py:408:setup_molecule:Created biomolecule object with 106 residues and 1608 atoms.
2026-09-11 23:46:10,491 INFO:main.py:774:main_driver:Setting termini states for biomolecule chains.
2026-09-11 23:46:10,493 INFO:main.py:604:non_trivial:Loading forcefield.
2026-09-11 23:46:10,501 INFO:main.py:608:non_trivial:Loading hydrogen topology definitions.
2026-09-11 23:46:10,504 INFO:main.py:459:is_repairable:This biomolecule is clean.  No repair needed.
2026-09-11 23:46:10,505 INFO:main.py:623:non_trivial:Updating disulfide bridges.
2026-09-11 23:46:10,505 INFO:main.py:626:non_trivial:Debumping biomolecule.
2026-09-11 23:46:10,523 INFO:main.py:649:non_trivial:Adding hydrogens to biomolecule.
2026-09-11 23:46:10,523 INFO:main.py:652:non_trivial:Debumping biomolecule (again).
2026-09-11 23:46:10,543 INFO:main.py:654:non_trivial:Optimizing hydrogen bonds
2026-09-11 23:46:10,687 INFO:main.py:666:non_trivial:Applying force field to biomolecule states.
2026-09-11 23:46:10,688 INFO:main.py:713:non_trivial:Regenerating headers.
2026-09-11 23:46:10,689 INFO:main.py:738:non_trivial:Regenerating PDB lines.
2026-09-11 23:46:10,695 WARNING:main.py:311:print_pqr:Ignoring 390 header lines in output.
2026-09-11 23:53:54,675 INFO:main.py:240:print_splash_screen:PDB2PQR v3.6.1: biomolecular structure conversion software.
2026-09-11 23:53:54,676 INFO:main.py:242:print_splash_screen:Please cite:  Jurrus E, et al.  Improvements to the APBS biomolecular solvation software suite.  Protein Sci 27 112-128 (2018).
2026-09-11 23:53:54,676 INFO:main.py:242:print_splash_screen:Please cite:  Dolinsky TJ, et al.  PDB2PQR: expanding and upgrading automated preparation of biomolecular structures for molecular simulations. Nucleic Acids Res 35 W522-W525 (2007).
2026-09-11 23:53:54,676 INFO:main.py:759:main_driver:Checking and transforming input arguments.
2026-09-11 23:53:54,677 INFO:main.py:763:main_driver:Loading topology files.
2026-09-11 23:53:54,720 INFO:main.py:765:main_driver:Loading molecule: structures/5O1Q_clean.pdb
2026-09-11 23:53:54,772 INFO:main.py:770:main_driver:Setting up molecule.
2026-09-11 23:53:54,777 INFO:main.py:408:setup_molecule:Created biomolecule object with 106 residues and 1608 atoms.
2026-09-11 23:53:54,777 INFO:main.py:774:main_driver:Setting termini states for biomolecule chains.
2026-09-11 23:53:54,780 INFO:main.py:604:non_trivial:Loading forcefield.
2026-09-11 23:53:54,788 INFO:main.py:608:non_trivial:Loading hydrogen topology definitions.
2026-09-11 23:53:54,791 INFO:main.py:459:is_repairable:This biomolecule is clean.  No repair needed.
2026-09-11 23:53:54,791 INFO:main.py:623:non_trivial:Updating disulfide bridges.
2026-09-11 23:53:54,792 INFO:main.py:626:non_trivial:Debumping biomolecule.
2026-09-11 23:53:54,812 INFO:main.py:649:non_trivial:Adding hydrogens to biomolecule.
2026-09-11 23:53:54,813 INFO:main.py:652:non_trivial:Debumping biomolecule (again).
2026-09-11 23:53:54,832 INFO:main.py:654:non_trivial:Optimizing hydrogen bonds
2026-09-11 23:53:54,976 INFO:main.py:666:non_trivial:Applying force field to biomolecule states.
2026-09-11 23:53:54,978 INFO:main.py:713:non_trivial:Regenerating headers.
2026-09-11 23:53:54,978 INFO:main.py:738:non_trivial:Regenerating PDB lines.
2026-09-11 23:53:54,984 WARNING:main.py:311:print_pqr:Ignoring 390 header lines in output.
2026-09-12 00:01:27,185 INFO:main.py:240:print_splash_screen:PDB2PQR v3.6.1: biomolecular structure conversion software.
2026-09-12 00:01:27,186 INFO:main.py:242:print_splash_screen:Please cite:  Jurrus E, et al.  Improvements to the APBS biomolecular solvation software suite.  Protein Sci 27 112-128 (2018).
2026-09-12 00:01:27,186 INFO:main.py:242:print_splash_screen:Please cite:  Dolinsky TJ, et al.  PDB2PQR: expanding and upgrading automated preparation of biomolecular structures for molecular simulations. Nucleic Acids Res 35 W522-W525 (2007).
2026-09-12 00:01:27,186 INFO:main.py:759:main_driver:Checking and transforming input arguments.
2026-09-12 00:01:27,187 INFO:main.py:763:main_driver:Loading topology files.
2026-09-12 00:01:27,231 INFO:main.py:765:main_driver:Loading molecule: structures/5O1Q_clean.pdb
2026-09-12 00:01:27,298 INFO:main.py:770:main_driver:Setting up molecule.
2026-09-12 00:01:27,304 INFO:main.py:408:setup_molecule:Created biomolecule object with 106 residues and 1608 atoms.
2026-09-12 00:01:27,304 INFO:main.py:774:main_driver:Setting termini states for biomolecule chains.
2026-09-12 00:01:27,306 INFO:main.py:604:non_trivial:Loading forcefield.
2026-09-12 00:01:27,313 INFO:main.py:608:non_trivial:Loading hydrogen topology definitions.
2026-09-12 00:01:27,317 INFO:main.py:459:is_repairable:This biomolecule is clean.  No repair needed.
2026-09-12 00:01:27,318 INFO:main.py:623:non_trivial:Updating disulfide bridges.
2026-09-12 00:01:27,318 INFO:main.py:626:non_trivial:Debumping biomolecule.
2026-09-12 00:01:27,337 INFO:main.py:649:non_trivial:Adding hydrogens to biomolecule.
2026-09-12 00:01:27,338 INFO:main.py:652:non_trivial:Debumping biomolecule (again).
2026-09-12 00:01:27,356 INFO:main.py:654:non_trivial:Optimizing hydrogen bonds
2026-09-12 00:01:27,503 INFO:main.py:666:non_trivial:Applying force field to biomolecule states.
2026-09-12 00:01:27,504 INFO:main.py:713:non_trivial:Regenerating headers.
2026-09-12 00:01:27,505 INFO:main.py:738:non_trivial:Regenerating PDB lines.
2026-09-12 00:01:27,511 WARNING:main.py:311:print_pqr:Ignoring 390 header lines in output.
2026-09-12 00:07:19,863 INFO:main.py:240:print_splash_screen:PDB2PQR v3.6.1: biomolecular structure conversion software.
2026-09-12 00:07:19,864 INFO:main.py:242:print_splash_screen:Please cite:  Jurrus E, et al.  Improvements to the APBS biomolecular solvation software suite.  Protein Sci 27 112-128 (2018).
2026-09-12 00:07:19,864 INFO:main.py:242:print_splash_screen:Please cite:  Dolinsky TJ, et al.  PDB2PQR: expanding and upgrading automated preparation of biomolecular structures for molecular simulations. Nucleic Acids Res 35 W522-W525 (2007).
2026-09-12 00:07:19,864 INFO:main.py:759:main_driver:Checking and transforming input arguments.
2026-09-12 00:07:19,866 INFO:main.py:763:main_driver:Loading topology files.
2026-09-12 00:07:19,909 INFO:main.py:765:main_driver:Loading molecule: structures/5O1Q_clean.pdb
2026-09-12 00:07:19,959 INFO:main.py:770:main_driver:Setting up molecule.
2026-09-12 00:07:19,964 INFO:main.py:408:setup_molecule:Created biomolecule object with 106 residues and 1608 atoms.
2026-09-12 00:07:19,965 INFO:main.py:774:main_driver:Setting termini states for biomolecule chains.
2026-09-12 00:07:19,967 INFO:main.py:604:non_trivial:Loading forcefield.
2026-09-12 00:07:19,976 INFO:main.py:608:non_trivial:Loading hydrogen topology definitions.
2026-09-12 00:07:19,979 INFO:main.py:459:is_repairable:This biomolecule is clean.  No repair needed.
2026-09-12 00:07:19,979 INFO:main.py:623:non_trivial:Updating disulfide bridges.
2026-09-12 00:07:19,979 INFO:main.py:626:non_trivial:Debumping biomolecule.
2026-09-12 00:07:19,997 INFO:main.py:649:non_trivial:Adding hydrogens to biomolecule.
2026-09-12 00:07:19,998 INFO:main.py:652:non_trivial:Debumping biomolecule (again).
2026-09-12 00:07:20,016 INFO:main.py:654:non_trivial:Optimizing hydrogen bonds
2026-09-12 00:07:20,162 INFO:main.py:666:non_trivial:Applying force field to biomolecule states.
2026-09-12 00:07:20,164 INFO:main.py:713:non_trivial:Regenerating headers.
2026-09-12 00:07:20,165 INFO:main.py:738:non_trivial:Regenerating PDB lines.
2026-09-12 00:07:20,170 WARNING:main.py:311:print_pqr:Ignoring 390 header lines in output.
2026-09-12 00:15:38,935 INFO:main.py:240:print_splash_screen:PDB2PQR v3.6.1: biomolecular structure conversion software.
2026-09-12 00:15:38,935 INFO:main.py:242:print_splash_screen:Please cite:  Jurrus E, et al.  Improvements to the APBS biomolecular solvation software suite.  Protein Sci 27 112-128 (2018).
2026-09-12 00:15:38,935 INFO:main.py:242:print_splash_screen:Please cite:  Dolinsky TJ, et al.  PDB2PQR: expanding and upgrading automated preparation of biomolecular structures for molecular simulations. Nucleic Acids Res 35 W522-W525 (2007).
2026-09-12 00:15:38,935 INFO:main.py:759:main_driver:Checking and transforming input arguments.
2026-09-12 00:15:38,936 INFO:main.py:763:main_driver:Loading topology files.
2026-09-12 00:15:38,978 INFO:main.py:765:main_driver:Loading molecule: structures/5O1Q_clean.pdb
2026-09-12 00:15:39,027 INFO:main.py:770:main_driver:Setting up molecule.
2026-09-12 00:15:39,033 INFO:main.py:408:setup_molecule:Created biomolecule object with 106 residues and 1608 atoms.
2026-09-12 00:15:39,033 INFO:main.py:774:main_driver:Setting termini states for biomolecule chains.
2026-09-12 00:15:39,036 INFO:main.py:604:non_trivial:Loading forcefield.
2026-09-12 00:15:39,045 INFO:main.py:608:non_trivial:Loading hydrogen topology definitions.
2026-09-12 00:15:39,049 INFO:main.py:459:is_repairable:This biomolecule is clean.  No repair needed.
2026-09-12 00:15:39,049 INFO:main.py:623:non_trivial:Updating disulfide bridges.
2026-09-12 00:15:39,049 INFO:main.py:626:non_trivial:Debumping biomolecule.
2026-09-12 00:15:39,068 INFO:main.py:649:non_trivial:Adding hydrogens to biomolecule.
2026-09-12 00:15:39,068 INFO:main.py:652:non_trivial:Debumping biomolecule (again).
2026-09-12 00:15:39,087 INFO:main.py:654:non_trivial:Optimizing hydrogen bonds
2026-09-12 00:15:39,234 INFO:main.py:666:non_trivial:Applying force field to biomolecule states.
2026-09-12 00:15:39,236 INFO:main.py:713:non_trivial:Regenerating headers.
2026-09-12 00:15:39,236 INFO:main.py:738:non_trivial:Regenerating PDB lines.
2026-09-12 00:15:39,242 WARNING:main.py:311:print_pqr:Ignoring 390 header lines in output.
2026-09-12 00:21:59,848 INFO:main.py:240:print_splash_screen:PDB2PQR v3.6.1: biomolecular structure conversion software.
2026-09-12 00:21:59,849 INFO:main.py:242:print_splash_screen:Please cite:  Jurrus E, et al.  Improvements to the APBS biomolecular solvation software suite.  Protein Sci 27 112-128 (2018).
2026-09-12 00:21:59,849 INFO:main.py:242:print_splash_screen:Please cite:  Dolinsky TJ, et al.  PDB2PQR: expanding and upgrading automated preparation of biomolecular structures for molecular simulations. Nucleic Acids Res 35 W522-W525 (2007).
2026-09-12 00:21:59,849 INFO:main.py:759:main_driver:Checking and transforming input arguments.
2026-09-12 00:21:59,850 INFO:main.py:763:main_driver:Loading topology files.
2026-09-12 00:21:59,891 INFO:main.py:765:main_driver:Loading molecule: structures/5O1Q_clean.pdb
2026-09-12 00:21:59,942 INFO:main.py:770:main_driver:Setting up molecule.
2026-09-12 00:21:59,947 INFO:main.py:408:setup_molecule:Created biomolecule object with 106 residues and 1608 atoms.
2026-09-12 00:21:59,948 INFO:main.py:774:main_driver:Setting termini states for biomolecule chains.
2026-09-12 00:21:59,950 INFO:main.py:604:non_trivial:Loading forcefield.
2026-09-12 00:21:59,958 INFO:main.py:608:non_trivial:Loading hydrogen topology definitions.
2026-09-12 00:21:59,961 INFO:main.py:459:is_repairable:This biomolecule is clean.  No repair needed.
2026-09-12 00:21:59,962 INFO:main.py:623:non_trivial:Updating disulfide bridges.
2026-09-12 00:21:59,962 INFO:main.py:626:non_trivial:Debumping biomolecule.
2026-09-12 00:21:59,993 INFO:main.py:649:non_trivial:Adding hydrogens to biomolecule.
2026-09-12 00:21:59,994 INFO:main.py:652:non_trivial:Debumping biomolecule (again).
2026-09-12 00:22:00,013 INFO:main.py:654:non_trivial:Optimizing hydrogen bonds
2026-09-12 00:22:00,161 INFO:main.py:666:non_trivial:Applying force field to biomolecule states.
2026-09-12 00:22:00,163 INFO:main.py:713:non_trivial:Regenerating headers.
2026-09-12 00:22:00,163 INFO:main.py:738:non_trivial:Regenerating PDB lines.
2026-09-12 00:22:00,168 WARNING:main.py:311:print_pqr:Ignoring 390 header lines in output.
2026-09-12 00:28:15,333 INFO:main.py:240:print_splash_screen:PDB2PQR v3.6.1: biomolecular structure conversion software.
2026-09-12 00:28:15,334 INFO:main.py:242:print_splash_screen:Please cite:  Jurrus E, et al.  Improvements to the APBS biomolecular solvation software suite.  Protein Sci 27 112-128 (2018).
2026-09-12 00:28:15,334 INFO:main.py:242:print_splash_screen:Please cite:  Dolinsky TJ, et al.  PDB2PQR: expanding and upgrading automated preparation of biomolecular structures for molecular simulations. Nucleic Acids Res 35 W522-W525 (2007).
2026-09-12 00:28:15,334 INFO:main.py:759:main_driver:Checking and transforming input arguments.
2026-09-12 00:28:15,335 INFO:main.py:763:main_driver:Loading topology files.
2026-09-12 00:28:15,377 INFO:main.py:765:main_driver:Loading molecule: structures/5O1Q_clean.pdb
2026-09-12 00:28:15,428 INFO:main.py:770:main_driver:Setting up molecule.
2026-09-12 00:28:15,433 INFO:main.py:408:setup_molecule:Created biomolecule object with 106 residues and 1608 atoms.
2026-09-12 00:28:15,433 INFO:main.py:774:main_driver:Setting termini states for biomolecule chains.
2026-09-12 00:28:15,436 INFO:main.py:604:non_trivial:Loading forcefield.
2026-09-12 00:28:15,443 INFO:main.py:608:non_trivial:Loading hydrogen topology definitions.
2026-09-12 00:28:15,446 INFO:main.py:459:is_repairable:This biomolecule is clean.  No repair needed.
2026-09-12 00:28:15,446 INFO:main.py:623:non_trivial:Updating disulfide bridges.
2026-09-12 00:28:15,447 INFO:main.py:626:non_trivial:Debumping biomolecule.
2026-09-12 00:28:15,464 INFO:main.py:649:non_trivial:Adding hydrogens to biomolecule.
2026-09-12 00:28:15,465 INFO:main.py:652:non_trivial:Debumping biomolecule (again).
2026-09-12 00:28:15,482 INFO:main.py:654:non_trivial:Optimizing hydrogen bonds
2026-09-12 00:28:15,628 INFO:main.py:666:non_trivial:Applying force field to biomolecule states.
2026-09-12 00:28:15,630 INFO:main.py:713:non_trivial:Regenerating headers.
2026-09-12 00:28:15,630 INFO:main.py:738:non_trivial:Regenerating PDB lines.
2026-09-12 00:28:15,636 WARNING:main.py:311:print_pqr:Ignoring 390 header lines in output.
