2026-09-11 23:19:44,126 INFO:main.py:240:print_splash_screen:PDB2PQR v3.6.1: biomolecular structure conversion software.
2026-09-11 23:19:44,126 INFO:main.py:242:print_splash_screen:Please cite:  Jurrus E, et al.  Improvements to the APBS biomolecular solvation software suite.  Protein Sci 27 112-128 (2018).
2026-09-11 23:19:44,126 INFO:main.py:242:print_splash_screen:Please cite:  Dolinsky TJ, et al.  PDB2PQR: expanding and upgrading automated preparation of biomolecular structures for molecular simulations. Nucleic Acids Res 35 W522-W525 (2007).
2026-09-11 23:19:44,126 INFO:main.py:759:main_driver:Checking and transforming input arguments.
2026-09-11 23:19:44,128 INFO:main.py:763:main_driver:Loading topology files.
2026-09-11 23:19:44,174 INFO:main.py:765:main_driver:Loading molecule: structures/7KWI.pdb
2026-09-11 23:19:44,312 INFO:main.py:770:main_driver:Setting up molecule.
2026-09-11 23:19:44,321 INFO:main.py:408:setup_molecule:Created biomolecule object with 152 residues and 2365 atoms.
2026-09-11 23:19:44,321 INFO:main.py:774:main_driver:Setting termini states for biomolecule chains.
2026-09-11 23:19:44,325 INFO:main.py:604:non_trivial:Loading forcefield.
2026-09-11 23:19:44,333 INFO:main.py:608:non_trivial:Loading hydrogen topology definitions.
2026-09-11 23:19:44,335 INFO:main.py:459:is_repairable:This biomolecule is clean.  No repair needed.
2026-09-11 23:19:44,336 INFO:main.py:623:non_trivial:Updating disulfide bridges.
2026-09-11 23:19:44,336 INFO:main.py:626:non_trivial:Debumping biomolecule.
2026-09-11 23:19:44,365 INFO:main.py:649:non_trivial:Adding hydrogens to biomolecule.
2026-09-11 23:19:44,366 INFO:main.py:652:non_trivial:Debumping biomolecule (again).
2026-09-11 23:19:44,400 INFO:main.py:654:non_trivial:Optimizing hydrogen bonds
2026-09-11 23:19:44,714 INFO:main.py:666:non_trivial:Applying force field to biomolecule states.
2026-09-11 23:19:44,716 INFO:main.py:713:non_trivial:Regenerating headers.
2026-09-11 23:19:44,716 INFO:main.py:738:non_trivial:Regenerating PDB lines.
2026-09-11 23:19:44,724 WARNING:main.py:311:print_pqr:Ignoring 391 header lines in output.
2026-09-11 23:34:42,725 INFO:main.py:240:print_splash_screen:PDB2PQR v3.6.1: biomolecular structure conversion software.
2026-09-11 23:34:42,725 INFO:main.py:242:print_splash_screen:Please cite:  Jurrus E, et al.  Improvements to the APBS biomolecular solvation software suite.  Protein Sci 27 112-128 (2018).
2026-09-11 23:34:42,725 INFO:main.py:242:print_splash_screen:Please cite:  Dolinsky TJ, et al.  PDB2PQR: expanding and upgrading automated preparation of biomolecular structures for molecular simulations. Nucleic Acids Res 35 W522-W525 (2007).
2026-09-11 23:34:42,725 INFO:main.py:759:main_driver:Checking and transforming input arguments.
2026-09-11 23:34:42,726 INFO:main.py:763:main_driver:Loading topology files.
2026-09-11 23:34:42,768 INFO:main.py:765:main_driver:Loading molecule: structures/7KWI.pdb
2026-09-11 23:34:42,896 INFO:main.py:770:main_driver:Setting up molecule.
2026-09-11 23:34:42,907 INFO:main.py:408:setup_molecule:Created biomolecule object with 152 residues and 2365 atoms.
2026-09-11 23:34:42,907 INFO:main.py:774:main_driver:Setting termini states for biomolecule chains.
2026-09-11 23:34:42,910 INFO:main.py:604:non_trivial:Loading forcefield.
2026-09-11 23:34:42,917 INFO:main.py:608:non_trivial:Loading hydrogen topology definitions.
2026-09-11 23:34:42,921 INFO:main.py:459:is_repairable:This biomolecule is clean.  No repair needed.
2026-09-11 23:34:42,922 INFO:main.py:623:non_trivial:Updating disulfide bridges.
2026-09-11 23:34:42,922 INFO:main.py:626:non_trivial:Debumping biomolecule.
2026-09-11 23:34:42,951 INFO:main.py:649:non_trivial:Adding hydrogens to biomolecule.
2026-09-11 23:34:42,952 INFO:main.py:652:non_trivial:Debumping biomolecule (again).
2026-09-11 23:34:42,979 INFO:main.py:654:non_trivial:Optimizing hydrogen bonds
2026-09-11 23:34:43,294 INFO:main.py:666:non_trivial:Applying force field to biomolecule states.
2026-09-11 23:34:43,296 INFO:main.py:713:non_trivial:Regenerating headers.
2026-09-11 23:34:43,296 INFO:main.py:738:non_trivial:Regenerating PDB lines.
2026-09-11 23:34:43,304 WARNING:main.py:311:print_pqr:Ignoring 391 header lines in output.
2026-09-11 23:45:17,503 INFO:main.py:240:print_splash_screen:PDB2PQR v3.6.1: biomolecular structure conversion software.
2026-09-11 23:45:17,503 INFO:main.py:242:print_splash_screen:Please cite:  Jurrus E, et al.  Improvements to the APBS biomolecular solvation software suite.  Protein Sci 27 112-128 (2018).
2026-09-11 23:45:17,503 INFO:main.py:242:print_splash_screen:Please cite:  Dolinsky TJ, et al.  PDB2PQR: expanding and upgrading automated preparation of biomolecular structures for molecular simulations. Nucleic Acids Res 35 W522-W525 (2007).
2026-09-11 23:45:17,503 INFO:main.py:759:main_driver:Checking and transforming input arguments.
2026-09-11 23:45:17,504 INFO:main.py:763:main_driver:Loading topology files.
2026-09-11 23:45:17,546 INFO:main.py:765:main_driver:Loading molecule: structures/7KWI_clean.pdb
2026-09-11 23:45:17,679 INFO:main.py:770:main_driver:Setting up molecule.
2026-09-11 23:45:17,689 INFO:main.py:408:setup_molecule:Created biomolecule object with 152 residues and 2365 atoms.
2026-09-11 23:45:17,689 INFO:main.py:774:main_driver:Setting termini states for biomolecule chains.
2026-09-11 23:45:17,692 INFO:main.py:604:non_trivial:Loading forcefield.
2026-09-11 23:45:17,701 INFO:main.py:608:non_trivial:Loading hydrogen topology definitions.
2026-09-11 23:45:17,705 INFO:main.py:459:is_repairable:This biomolecule is clean.  No repair needed.
2026-09-11 23:45:17,706 INFO:main.py:623:non_trivial:Updating disulfide bridges.
2026-09-11 23:45:17,706 INFO:main.py:626:non_trivial:Debumping biomolecule.
2026-09-11 23:45:17,736 INFO:main.py:649:non_trivial:Adding hydrogens to biomolecule.
2026-09-11 23:45:17,737 INFO:main.py:652:non_trivial:Debumping biomolecule (again).
2026-09-11 23:45:17,765 INFO:main.py:654:non_trivial:Optimizing hydrogen bonds
2026-09-11 23:45:18,079 INFO:main.py:666:non_trivial:Applying force field to biomolecule states.
2026-09-11 23:45:18,081 INFO:main.py:713:non_trivial:Regenerating headers.
2026-09-11 23:45:18,081 INFO:main.py:738:non_trivial:Regenerating PDB lines.
2026-09-11 23:45:18,089 WARNING:main.py:311:print_pqr:Ignoring 391 header lines in output.
2026-09-11 23:53:01,744 INFO:main.py:240:print_splash_screen:PDB2PQR v3.6.1: biomolecular structure conversion software.
2026-09-11 23:53:01,744 INFO:main.py:242:print_splash_screen:Please cite:  Jurrus E, et al.  Improvements to the APBS biomolecular solvation software suite.  Protein Sci 27 112-128 (2018).
2026-09-11 23:53:01,744 INFO:main.py:242:print_splash_screen:Please cite:  Dolinsky TJ, et al.  PDB2PQR: expanding and upgrading automated preparation of biomolecular structures for molecular simulations. Nucleic Acids Res 35 W522-W525 (2007).
2026-09-11 23:53:01,745 INFO:main.py:759:main_driver:Checking and transforming input arguments.
2026-09-11 23:53:01,745 INFO:main.py:763:main_driver:Loading topology files.
2026-09-11 23:53:01,786 INFO:main.py:765:main_driver:Loading molecule: structures/7KWI_clean.pdb
2026-09-11 23:53:01,917 INFO:main.py:770:main_driver:Setting up molecule.
2026-09-11 23:53:01,927 INFO:main.py:408:setup_molecule:Created biomolecule object with 152 residues and 2365 atoms.
2026-09-11 23:53:01,927 INFO:main.py:774:main_driver:Setting termini states for biomolecule chains.
2026-09-11 23:53:01,930 INFO:main.py:604:non_trivial:Loading forcefield.
2026-09-11 23:53:01,938 INFO:main.py:608:non_trivial:Loading hydrogen topology definitions.
2026-09-11 23:53:01,941 INFO:main.py:459:is_repairable:This biomolecule is clean.  No repair needed.
2026-09-11 23:53:01,941 INFO:main.py:623:non_trivial:Updating disulfide bridges.
2026-09-11 23:53:01,941 INFO:main.py:626:non_trivial:Debumping biomolecule.
2026-09-11 23:53:01,971 INFO:main.py:649:non_trivial:Adding hydrogens to biomolecule.
2026-09-11 23:53:01,971 INFO:main.py:652:non_trivial:Debumping biomolecule (again).
2026-09-11 23:53:02,001 INFO:main.py:654:non_trivial:Optimizing hydrogen bonds
2026-09-11 23:53:02,317 INFO:main.py:666:non_trivial:Applying force field to biomolecule states.
2026-09-11 23:53:02,319 INFO:main.py:713:non_trivial:Regenerating headers.
2026-09-11 23:53:02,319 INFO:main.py:738:non_trivial:Regenerating PDB lines.
2026-09-11 23:53:02,327 WARNING:main.py:311:print_pqr:Ignoring 391 header lines in output.
2026-09-12 00:00:40,864 INFO:main.py:240:print_splash_screen:PDB2PQR v3.6.1: biomolecular structure conversion software.
2026-09-12 00:00:40,864 INFO:main.py:242:print_splash_screen:Please cite:  Jurrus E, et al.  Improvements to the APBS biomolecular solvation software suite.  Protein Sci 27 112-128 (2018).
2026-09-12 00:00:40,864 INFO:main.py:242:print_splash_screen:Please cite:  Dolinsky TJ, et al.  PDB2PQR: expanding and upgrading automated preparation of biomolecular structures for molecular simulations. Nucleic Acids Res 35 W522-W525 (2007).
2026-09-12 00:00:40,864 INFO:main.py:759:main_driver:Checking and transforming input arguments.
2026-09-12 00:00:40,866 INFO:main.py:763:main_driver:Loading topology files.
2026-09-12 00:00:40,909 INFO:main.py:765:main_driver:Loading molecule: structures/7KWI_clean.pdb
2026-09-12 00:00:41,043 INFO:main.py:770:main_driver:Setting up molecule.
2026-09-12 00:00:41,052 INFO:main.py:408:setup_molecule:Created biomolecule object with 152 residues and 2365 atoms.
2026-09-12 00:00:41,052 INFO:main.py:774:main_driver:Setting termini states for biomolecule chains.
2026-09-12 00:00:41,055 INFO:main.py:604:non_trivial:Loading forcefield.
2026-09-12 00:00:41,062 INFO:main.py:608:non_trivial:Loading hydrogen topology definitions.
2026-09-12 00:00:41,066 INFO:main.py:459:is_repairable:This biomolecule is clean.  No repair needed.
2026-09-12 00:00:41,066 INFO:main.py:623:non_trivial:Updating disulfide bridges.
2026-09-12 00:00:41,066 INFO:main.py:626:non_trivial:Debumping biomolecule.
2026-09-12 00:00:41,096 INFO:main.py:649:non_trivial:Adding hydrogens to biomolecule.
2026-09-12 00:00:41,097 INFO:main.py:652:non_trivial:Debumping biomolecule (again).
2026-09-12 00:00:41,127 INFO:main.py:654:non_trivial:Optimizing hydrogen bonds
2026-09-12 00:00:41,443 INFO:main.py:666:non_trivial:Applying force field to biomolecule states.
2026-09-12 00:00:41,445 INFO:main.py:713:non_trivial:Regenerating headers.
2026-09-12 00:00:41,446 INFO:main.py:738:non_trivial:Regenerating PDB lines.
2026-09-12 00:00:41,453 WARNING:main.py:311:print_pqr:Ignoring 391 header lines in output.
2026-09-12 00:06:33,713 INFO:main.py:240:print_splash_screen:PDB2PQR v3.6.1: biomolecular structure conversion software.
2026-09-12 00:06:33,713 INFO:main.py:242:print_splash_screen:Please cite:  Jurrus E, et al.  Improvements to the APBS biomolecular solvation software suite.  Protein Sci 27 112-128 (2018).
2026-09-12 00:06:33,714 INFO:main.py:242:print_splash_screen:Please cite:  Dolinsky TJ, et al.  PDB2PQR: expanding and upgrading automated preparation of biomolecular structures for molecular simulations. Nucleic Acids Res 35 W522-W525 (2007).
2026-09-12 00:06:33,714 INFO:main.py:759:main_driver:Checking and transforming input arguments.
2026-09-12 00:06:33,715 INFO:main.py:763:main_driver:Loading topology files.
2026-09-12 00:06:33,760 INFO:main.py:765:main_driver:Loading molecule: structures/7KWI_clean.pdb
2026-09-12 00:06:33,892 INFO:main.py:770:main_driver:Setting up molecule.
2026-09-12 00:06:33,901 INFO:main.py:408:setup_molecule:Created biomolecule object with 152 residues and 2365 atoms.
2026-09-12 00:06:33,901 INFO:main.py:774:main_driver:Setting termini states for biomolecule chains.
2026-09-12 00:06:33,904 INFO:main.py:604:non_trivial:Loading forcefield.
2026-09-12 00:06:33,912 INFO:main.py:608:non_trivial:Loading hydrogen topology definitions.
2026-09-12 00:06:33,916 INFO:main.py:459:is_repairable:This biomolecule is clean.  No repair needed.
2026-09-12 00:06:33,916 INFO:main.py:623:non_trivial:Updating disulfide bridges.
2026-09-12 00:06:33,916 INFO:main.py:626:non_trivial:Debumping biomolecule.
2026-09-12 00:06:33,947 INFO:main.py:649:non_trivial:Adding hydrogens to biomolecule.
2026-09-12 00:06:33,948 INFO:main.py:652:non_trivial:Debumping biomolecule (again).
2026-09-12 00:06:33,977 INFO:main.py:654:non_trivial:Optimizing hydrogen bonds
2026-09-12 00:06:34,284 INFO:main.py:666:non_trivial:Applying force field to biomolecule states.
2026-09-12 00:06:34,286 INFO:main.py:713:non_trivial:Regenerating headers.
2026-09-12 00:06:34,287 INFO:main.py:738:non_trivial:Regenerating PDB lines.
2026-09-12 00:06:34,295 WARNING:main.py:311:print_pqr:Ignoring 391 header lines in output.
2026-09-12 00:14:52,713 INFO:main.py:240:print_splash_screen:PDB2PQR v3.6.1: biomolecular structure conversion software.
2026-09-12 00:14:52,713 INFO:main.py:242:print_splash_screen:Please cite:  Jurrus E, et al.  Improvements to the APBS biomolecular solvation software suite.  Protein Sci 27 112-128 (2018).
2026-09-12 00:14:52,713 INFO:main.py:242:print_splash_screen:Please cite:  Dolinsky TJ, et al.  PDB2PQR: expanding and upgrading automated preparation of biomolecular structures for molecular simulations. Nucleic Acids Res 35 W522-W525 (2007).
2026-09-12 00:14:52,713 INFO:main.py:759:main_driver:Checking and transforming input arguments.
2026-09-12 00:14:52,715 INFO:main.py:763:main_driver:Loading topology files.
2026-09-12 00:14:52,760 INFO:main.py:765:main_driver:Loading molecule: structures/7KWI_clean.pdb
2026-09-12 00:14:52,891 INFO:main.py:770:main_driver:Setting up molecule.
2026-09-12 00:14:52,901 INFO:main.py:408:setup_molecule:Created biomolecule object with 152 residues and 2365 atoms.
2026-09-12 00:14:52,902 INFO:main.py:774:main_driver:Setting termini states for biomolecule chains.
2026-09-12 00:14:52,905 INFO:main.py:604:non_trivial:Loading forcefield.
2026-09-12 00:14:52,913 INFO:main.py:608:non_trivial:Loading hydrogen topology definitions.
2026-09-12 00:14:52,917 INFO:main.py:459:is_repairable:This biomolecule is clean.  No repair needed.
2026-09-12 00:14:52,917 INFO:main.py:623:non_trivial:Updating disulfide bridges.
2026-09-12 00:14:52,917 INFO:main.py:626:non_trivial:Debumping biomolecule.
2026-09-12 00:14:52,946 INFO:main.py:649:non_trivial:Adding hydrogens to biomolecule.
2026-09-12 00:14:52,947 INFO:main.py:652:non_trivial:Debumping biomolecule (again).
2026-09-12 00:14:52,976 INFO:main.py:654:non_trivial:Optimizing hydrogen bonds
2026-09-12 00:14:53,291 INFO:main.py:666:non_trivial:Applying force field to biomolecule states.
2026-09-12 00:14:53,294 INFO:main.py:713:non_trivial:Regenerating headers.
2026-09-12 00:14:53,294 INFO:main.py:738:non_trivial:Regenerating PDB lines.
2026-09-12 00:14:53,302 WARNING:main.py:311:print_pqr:Ignoring 391 header lines in output.
2026-09-12 00:21:14,033 INFO:main.py:240:print_splash_screen:PDB2PQR v3.6.1: biomolecular structure conversion software.
2026-09-12 00:21:14,033 INFO:main.py:242:print_splash_screen:Please cite:  Jurrus E, et al.  Improvements to the APBS biomolecular solvation software suite.  Protein Sci 27 112-128 (2018).
2026-09-12 00:21:14,033 INFO:main.py:242:print_splash_screen:Please cite:  Dolinsky TJ, et al.  PDB2PQR: expanding and upgrading automated preparation of biomolecular structures for molecular simulations. Nucleic Acids Res 35 W522-W525 (2007).
2026-09-12 00:21:14,033 INFO:main.py:759:main_driver:Checking and transforming input arguments.
2026-09-12 00:21:14,035 INFO:main.py:763:main_driver:Loading topology files.
2026-09-12 00:21:14,077 INFO:main.py:765:main_driver:Loading molecule: structures/7KWI_clean.pdb
2026-09-12 00:21:14,205 INFO:main.py:770:main_driver:Setting up molecule.
2026-09-12 00:21:14,215 INFO:main.py:408:setup_molecule:Created biomolecule object with 152 residues and 2365 atoms.
2026-09-12 00:21:14,216 INFO:main.py:774:main_driver:Setting termini states for biomolecule chains.
2026-09-12 00:21:14,218 INFO:main.py:604:non_trivial:Loading forcefield.
2026-09-12 00:21:14,227 INFO:main.py:608:non_trivial:Loading hydrogen topology definitions.
2026-09-12 00:21:14,231 INFO:main.py:459:is_repairable:This biomolecule is clean.  No repair needed.
2026-09-12 00:21:14,231 INFO:main.py:623:non_trivial:Updating disulfide bridges.
2026-09-12 00:21:14,232 INFO:main.py:626:non_trivial:Debumping biomolecule.
2026-09-12 00:21:14,261 INFO:main.py:649:non_trivial:Adding hydrogens to biomolecule.
2026-09-12 00:21:14,261 INFO:main.py:652:non_trivial:Debumping biomolecule (again).
2026-09-12 00:21:14,291 INFO:main.py:654:non_trivial:Optimizing hydrogen bonds
2026-09-12 00:21:14,599 INFO:main.py:666:non_trivial:Applying force field to biomolecule states.
2026-09-12 00:21:14,601 INFO:main.py:713:non_trivial:Regenerating headers.
2026-09-12 00:21:14,601 INFO:main.py:738:non_trivial:Regenerating PDB lines.
2026-09-12 00:21:14,609 WARNING:main.py:311:print_pqr:Ignoring 391 header lines in output.
2026-09-12 00:27:29,287 INFO:main.py:240:print_splash_screen:PDB2PQR v3.6.1: biomolecular structure conversion software.
2026-09-12 00:27:29,287 INFO:main.py:242:print_splash_screen:Please cite:  Jurrus E, et al.  Improvements to the APBS biomolecular solvation software suite.  Protein Sci 27 112-128 (2018).
2026-09-12 00:27:29,287 INFO:main.py:242:print_splash_screen:Please cite:  Dolinsky TJ, et al.  PDB2PQR: expanding and upgrading automated preparation of biomolecular structures for molecular simulations. Nucleic Acids Res 35 W522-W525 (2007).
2026-09-12 00:27:29,287 INFO:main.py:759:main_driver:Checking and transforming input arguments.
2026-09-12 00:27:29,289 INFO:main.py:763:main_driver:Loading topology files.
2026-09-12 00:27:29,334 INFO:main.py:765:main_driver:Loading molecule: structures/7KWI_clean.pdb
2026-09-12 00:27:29,466 INFO:main.py:770:main_driver:Setting up molecule.
2026-09-12 00:27:29,476 INFO:main.py:408:setup_molecule:Created biomolecule object with 152 residues and 2365 atoms.
2026-09-12 00:27:29,476 INFO:main.py:774:main_driver:Setting termini states for biomolecule chains.
2026-09-12 00:27:29,480 INFO:main.py:604:non_trivial:Loading forcefield.
2026-09-12 00:27:29,487 INFO:main.py:608:non_trivial:Loading hydrogen topology definitions.
2026-09-12 00:27:29,490 INFO:main.py:459:is_repairable:This biomolecule is clean.  No repair needed.
2026-09-12 00:27:29,490 INFO:main.py:623:non_trivial:Updating disulfide bridges.
2026-09-12 00:27:29,491 INFO:main.py:626:non_trivial:Debumping biomolecule.
2026-09-12 00:27:29,522 INFO:main.py:649:non_trivial:Adding hydrogens to biomolecule.
2026-09-12 00:27:29,523 INFO:main.py:652:non_trivial:Debumping biomolecule (again).
2026-09-12 00:27:29,552 INFO:main.py:654:non_trivial:Optimizing hydrogen bonds
2026-09-12 00:27:29,863 INFO:main.py:666:non_trivial:Applying force field to biomolecule states.
2026-09-12 00:27:29,865 INFO:main.py:713:non_trivial:Regenerating headers.
2026-09-12 00:27:29,866 INFO:main.py:738:non_trivial:Regenerating PDB lines.
2026-09-12 00:27:29,874 WARNING:main.py:311:print_pqr:Ignoring 391 header lines in output.
