2026-09-12 00:31:57,121 INFO:main.py:240:print_splash_screen:PDB2PQR v3.6.1: biomolecular structure conversion software.
2026-09-12 00:31:57,121 INFO:main.py:242:print_splash_screen:Please cite:  Jurrus E, et al.  Improvements to the APBS biomolecular solvation software suite.  Protein Sci 27 112-128 (2018).
2026-09-12 00:31:57,121 INFO:main.py:242:print_splash_screen:Please cite:  Dolinsky TJ, et al.  PDB2PQR: expanding and upgrading automated preparation of biomolecular structures for molecular simulations. Nucleic Acids Res 35 W522-W525 (2007).
2026-09-12 00:31:57,121 INFO:main.py:759:main_driver:Checking and transforming input arguments.
2026-09-12 00:31:57,123 INFO:main.py:763:main_driver:Loading topology files.
2026-09-12 00:31:57,166 INFO:main.py:765:main_driver:Loading molecule: structures/8B2E_clean.pdb
2026-09-12 00:31:57,183 INFO:main.py:770:main_driver:Setting up molecule.
2026-09-12 00:31:57,187 INFO:main.py:408:setup_molecule:Created biomolecule object with 141 residues and 1044 atoms.
2026-09-12 00:31:57,187 WARNING:main.py:418:setup_molecule:Multiple occupancies found: N in SER A 43.
2026-09-12 00:31:57,187 WARNING:main.py:418:setup_molecule:Multiple occupancies found: CA in SER A 43.
2026-09-12 00:31:57,187 WARNING:main.py:418:setup_molecule:Multiple occupancies found: C in SER A 43.
2026-09-12 00:31:57,187 WARNING:main.py:418:setup_molecule:Multiple occupancies found: O in SER A 43.
2026-09-12 00:31:57,188 WARNING:main.py:418:setup_molecule:Multiple occupancies found: CB in SER A 43.
2026-09-12 00:31:57,188 WARNING:main.py:418:setup_molecule:Multiple occupancies found: OG in SER A 43.
2026-09-12 00:31:57,188 WARNING:main.py:424:setup_molecule:Multiple occupancies found in SER A 43. At least one of the instances is being ignored.
2026-09-12 00:31:57,188 WARNING:main.py:418:setup_molecule:Multiple occupancies found: CA in SER A 65.
2026-09-12 00:31:57,188 WARNING:main.py:418:setup_molecule:Multiple occupancies found: CB in SER A 65.
2026-09-12 00:31:57,188 WARNING:main.py:418:setup_molecule:Multiple occupancies found: OG in SER A 65.
2026-09-12 00:31:57,188 WARNING:main.py:424:setup_molecule:Multiple occupancies found in SER A 65. At least one of the instances is being ignored.
2026-09-12 00:31:57,188 WARNING:main.py:418:setup_molecule:Multiple occupancies found: N in TYR A 123.
2026-09-12 00:31:57,189 WARNING:main.py:418:setup_molecule:Multiple occupancies found: CA in TYR A 123.
2026-09-12 00:31:57,189 WARNING:main.py:418:setup_molecule:Multiple occupancies found: C in TYR A 123.
2026-09-12 00:31:57,189 WARNING:main.py:418:setup_molecule:Multiple occupancies found: O in TYR A 123.
2026-09-12 00:31:57,189 WARNING:main.py:418:setup_molecule:Multiple occupancies found: CB in TYR A 123.
2026-09-12 00:31:57,189 WARNING:main.py:418:setup_molecule:Multiple occupancies found: CG in TYR A 123.
2026-09-12 00:31:57,189 WARNING:main.py:418:setup_molecule:Multiple occupancies found: CD1 in TYR A 123.
2026-09-12 00:31:57,189 WARNING:main.py:418:setup_molecule:Multiple occupancies found: CD2 in TYR A 123.
2026-09-12 00:31:57,189 WARNING:main.py:418:setup_molecule:Multiple occupancies found: CE1 in TYR A 123.
2026-09-12 00:31:57,190 WARNING:main.py:418:setup_molecule:Multiple occupancies found: CE2 in TYR A 123.
2026-09-12 00:31:57,190 WARNING:main.py:418:setup_molecule:Multiple occupancies found: CZ in TYR A 123.
2026-09-12 00:31:57,190 WARNING:main.py:418:setup_molecule:Multiple occupancies found: OH in TYR A 123.
2026-09-12 00:31:57,190 WARNING:main.py:424:setup_molecule:Multiple occupancies found in TYR A 123. At least one of the instances is being ignored.
2026-09-12 00:31:57,190 WARNING:main.py:418:setup_molecule:Multiple occupancies found: CA in LYS A 129.
2026-09-12 00:31:57,190 WARNING:main.py:418:setup_molecule:Multiple occupancies found: CB in LYS A 129.
2026-09-12 00:31:57,190 WARNING:main.py:418:setup_molecule:Multiple occupancies found: CG in LYS A 129.
2026-09-12 00:31:57,190 WARNING:main.py:418:setup_molecule:Multiple occupancies found: CD in LYS A 129.
2026-09-12 00:31:57,190 WARNING:main.py:424:setup_molecule:Multiple occupancies found in LYS A 129. At least one of the instances is being ignored.
2026-09-12 00:31:57,191 INFO:main.py:774:main_driver:Setting termini states for biomolecule chains.
2026-09-12 00:31:57,193 INFO:main.py:604:non_trivial:Loading forcefield.
2026-09-12 00:31:57,200 INFO:main.py:608:non_trivial:Loading hydrogen topology definitions.
2026-09-12 00:31:57,203 WARNING:biomolecule.py:157:num_missing_heavy:Missing atom CE in residue LYS A 129
2026-09-12 00:31:57,203 WARNING:biomolecule.py:157:num_missing_heavy:Missing atom NZ in residue LYS A 129
2026-09-12 00:31:57,204 WARNING:biomolecule.py:157:num_missing_heavy:Missing atom CE in residue LYS A 129
2026-09-12 00:31:57,204 WARNING:biomolecule.py:157:num_missing_heavy:Missing atom NZ in residue LYS A 129
2026-09-12 00:31:57,204 INFO:main.py:618:non_trivial:Attempting to repair 2 missing atoms in biomolecule.
2026-09-12 00:31:57,205 WARNING:biomolecule.py:157:num_missing_heavy:Missing atom CE in residue LYS A 129
2026-09-12 00:31:57,205 WARNING:biomolecule.py:157:num_missing_heavy:Missing atom NZ in residue LYS A 129
2026-09-12 00:31:57,206 INFO:biomolecule.py:1077:repair_heavy:Added atom CE to residue LYS A 129 at coordinates 19.121, 41.792, 19.647
2026-09-12 00:31:57,206 INFO:biomolecule.py:1077:repair_heavy:Added atom NZ to residue LYS A 129 at coordinates 18.627, 43.146, 20.000
2026-09-12 00:31:57,207 INFO:main.py:623:non_trivial:Updating disulfide bridges.
2026-09-12 00:31:57,208 INFO:main.py:626:non_trivial:Debumping biomolecule.
2026-09-12 00:31:57,225 INFO:main.py:649:non_trivial:Adding hydrogens to biomolecule.
2026-09-12 00:31:57,293 INFO:main.py:652:non_trivial:Debumping biomolecule (again).
2026-09-12 00:31:57,373 INFO:main.py:654:non_trivial:Optimizing hydrogen bonds
2026-09-12 00:31:57,515 INFO:main.py:666:non_trivial:Applying force field to biomolecule states.
2026-09-12 00:31:57,517 INFO:main.py:713:non_trivial:Regenerating headers.
2026-09-12 00:31:57,518 INFO:main.py:738:non_trivial:Regenerating PDB lines.
2026-09-12 00:31:57,525 WARNING:main.py:311:print_pqr:Ignoring 390 header lines in output.
