2026-09-11 23:18:53,525 INFO:main.py:240:print_splash_screen:PDB2PQR v3.6.1: biomolecular structure conversion software.
2026-09-11 23:18:53,525 INFO:main.py:242:print_splash_screen:Please cite:  Jurrus E, et al.  Improvements to the APBS biomolecular solvation software suite.  Protein Sci 27 112-128 (2018).
2026-09-11 23:18:53,525 INFO:main.py:242:print_splash_screen:Please cite:  Dolinsky TJ, et al.  PDB2PQR: expanding and upgrading automated preparation of biomolecular structures for molecular simulations. Nucleic Acids Res 35 W522-W525 (2007).
2026-09-11 23:18:53,526 INFO:main.py:759:main_driver:Checking and transforming input arguments.
2026-09-11 23:18:53,526 INFO:main.py:763:main_driver:Loading topology files.
2026-09-11 23:18:53,570 INFO:main.py:765:main_driver:Loading molecule: structures/8I2D.pdb
2026-09-11 23:18:53,593 INFO:main.py:770:main_driver:Setting up molecule.
2026-09-11 23:18:53,595 WARNING:biomolecule.py:992:create_residue:Unable to find amino or nucleic acid definition for MSE.  Parsing as new residue.
2026-09-11 23:18:53,597 WARNING:biomolecule.py:992:create_residue:Unable to find amino or nucleic acid definition for MSE.  Parsing as new residue.
2026-09-11 23:18:53,599 INFO:main.py:408:setup_molecule:Created biomolecule object with 292 residues and 1075 atoms.
2026-09-11 23:18:53,599 INFO:main.py:774:main_driver:Setting termini states for biomolecule chains.
2026-09-11 23:18:53,602 INFO:main.py:604:non_trivial:Loading forcefield.
2026-09-11 23:18:53,610 INFO:main.py:608:non_trivial:Loading hydrogen topology definitions.
2026-09-11 23:18:53,612 INFO:main.py:459:is_repairable:This biomolecule is clean.  No repair needed.
2026-09-11 23:18:53,613 INFO:main.py:623:non_trivial:Updating disulfide bridges.
2026-09-11 23:18:53,613 INFO:main.py:626:non_trivial:Debumping biomolecule.
2026-09-11 23:18:53,627 INFO:main.py:649:non_trivial:Adding hydrogens to biomolecule.
2026-09-11 23:18:53,681 INFO:main.py:652:non_trivial:Debumping biomolecule (again).
2026-09-11 23:18:53,746 INFO:main.py:654:non_trivial:Optimizing hydrogen bonds
2026-09-11 23:18:53,887 WARNING:debump.py:354:get_closest_atom:Skipped atom during water optimization: H1 in HOH A 405 skipped when optimizing H2 in HOH A 519
2026-09-11 23:18:53,888 WARNING:debump.py:354:get_closest_atom:Skipped atom during water optimization: H2 in HOH A 405 skipped when optimizing H2 in HOH A 496
2026-09-11 23:18:53,889 WARNING:debump.py:354:get_closest_atom:Skipped atom during water optimization: LP2 in HOH A 504 skipped when optimizing H2 in HOH A 496
2026-09-11 23:18:53,889 WARNING:debump.py:354:get_closest_atom:Skipped atom during water optimization: H1 in HOH A 496 skipped when optimizing H1 in HOH A 504
2026-09-11 23:18:53,890 WARNING:debump.py:354:get_closest_atom:Skipped atom during water optimization: H1 in HOH A 536 skipped when optimizing H1 in HOH A 504
2026-09-11 23:18:53,891 WARNING:debump.py:354:get_closest_atom:Skipped atom during water optimization: H1 in HOH A 504 skipped when optimizing H2 in HOH A 536
2026-09-11 23:18:53,891 WARNING:debump.py:354:get_closest_atom:Skipped atom during water optimization: H1 in HOH A 504 skipped when optimizing H2 in HOH A 536
2026-09-11 23:18:53,892 WARNING:debump.py:354:get_closest_atom:Skipped atom during water optimization: H1 in HOH A 504 skipped when optimizing H2 in HOH A 536
2026-09-11 23:18:53,893 WARNING:debump.py:354:get_closest_atom:Skipped atom during water optimization: H1 in HOH A 504 skipped when optimizing H2 in HOH A 536
2026-09-11 23:18:53,895 WARNING:io.py:40:filter:Suppressing further "Skipped atom during water optimization" messages
2026-09-11 23:18:55,353 INFO:main.py:666:non_trivial:Applying force field to biomolecule states.
2026-09-11 23:18:55,354 INFO:main.py:713:non_trivial:Regenerating headers.
2026-09-11 23:18:55,355 INFO:main.py:738:non_trivial:Regenerating PDB lines.
2026-09-11 23:18:55,363 WARNING:main.py:311:print_pqr:Ignoring 1264 header lines in output.
2026-09-11 23:18:55,363 WARNING:main.py:315:print_pqr:Ignoring 16 missing lines in output.
2026-09-11 23:33:52,150 INFO:main.py:240:print_splash_screen:PDB2PQR v3.6.1: biomolecular structure conversion software.
2026-09-11 23:33:52,150 INFO:main.py:242:print_splash_screen:Please cite:  Jurrus E, et al.  Improvements to the APBS biomolecular solvation software suite.  Protein Sci 27 112-128 (2018).
2026-09-11 23:33:52,150 INFO:main.py:242:print_splash_screen:Please cite:  Dolinsky TJ, et al.  PDB2PQR: expanding and upgrading automated preparation of biomolecular structures for molecular simulations. Nucleic Acids Res 35 W522-W525 (2007).
2026-09-11 23:33:52,150 INFO:main.py:759:main_driver:Checking and transforming input arguments.
2026-09-11 23:33:52,151 INFO:main.py:763:main_driver:Loading topology files.
2026-09-11 23:33:52,195 INFO:main.py:765:main_driver:Loading molecule: structures/8I2D.pdb
2026-09-11 23:33:52,202 INFO:main.py:770:main_driver:Setting up molecule.
2026-09-11 23:33:52,205 WARNING:biomolecule.py:992:create_residue:Unable to find amino or nucleic acid definition for MSE.  Parsing as new residue.
2026-09-11 23:33:52,205 WARNING:biomolecule.py:992:create_residue:Unable to find amino or nucleic acid definition for MSE.  Parsing as new residue.
2026-09-11 23:33:52,208 INFO:main.py:408:setup_molecule:Created biomolecule object with 292 residues and 1075 atoms.
2026-09-11 23:33:52,208 INFO:main.py:774:main_driver:Setting termini states for biomolecule chains.
2026-09-11 23:33:52,210 INFO:main.py:604:non_trivial:Loading forcefield.
2026-09-11 23:33:52,222 INFO:main.py:608:non_trivial:Loading hydrogen topology definitions.
2026-09-11 23:33:52,225 INFO:main.py:459:is_repairable:This biomolecule is clean.  No repair needed.
2026-09-11 23:33:52,225 INFO:main.py:623:non_trivial:Updating disulfide bridges.
2026-09-11 23:33:52,225 INFO:main.py:626:non_trivial:Debumping biomolecule.
2026-09-11 23:33:52,244 INFO:main.py:649:non_trivial:Adding hydrogens to biomolecule.
2026-09-11 23:33:52,301 INFO:main.py:652:non_trivial:Debumping biomolecule (again).
2026-09-11 23:33:52,367 INFO:main.py:654:non_trivial:Optimizing hydrogen bonds
2026-09-11 23:33:52,508 WARNING:debump.py:354:get_closest_atom:Skipped atom during water optimization: H1 in HOH A 405 skipped when optimizing H2 in HOH A 519
2026-09-11 23:33:52,510 WARNING:debump.py:354:get_closest_atom:Skipped atom during water optimization: H2 in HOH A 405 skipped when optimizing H2 in HOH A 496
2026-09-11 23:33:52,510 WARNING:debump.py:354:get_closest_atom:Skipped atom during water optimization: LP2 in HOH A 504 skipped when optimizing H2 in HOH A 496
2026-09-11 23:33:52,511 WARNING:debump.py:354:get_closest_atom:Skipped atom during water optimization: H1 in HOH A 496 skipped when optimizing H1 in HOH A 504
2026-09-11 23:33:52,511 WARNING:debump.py:354:get_closest_atom:Skipped atom during water optimization: H1 in HOH A 536 skipped when optimizing H1 in HOH A 504
2026-09-11 23:33:52,512 WARNING:debump.py:354:get_closest_atom:Skipped atom during water optimization: H1 in HOH A 504 skipped when optimizing H2 in HOH A 536
2026-09-11 23:33:52,512 WARNING:debump.py:354:get_closest_atom:Skipped atom during water optimization: H1 in HOH A 504 skipped when optimizing H2 in HOH A 536
2026-09-11 23:33:52,513 WARNING:debump.py:354:get_closest_atom:Skipped atom during water optimization: H1 in HOH A 504 skipped when optimizing H2 in HOH A 536
2026-09-11 23:33:52,513 WARNING:debump.py:354:get_closest_atom:Skipped atom during water optimization: H1 in HOH A 504 skipped when optimizing H2 in HOH A 536
2026-09-11 23:33:52,514 WARNING:io.py:40:filter:Suppressing further "Skipped atom during water optimization" messages
2026-09-11 23:33:53,984 INFO:main.py:666:non_trivial:Applying force field to biomolecule states.
2026-09-11 23:33:53,986 INFO:main.py:713:non_trivial:Regenerating headers.
2026-09-11 23:33:53,986 INFO:main.py:738:non_trivial:Regenerating PDB lines.
2026-09-11 23:33:53,994 WARNING:main.py:311:print_pqr:Ignoring 1264 header lines in output.
2026-09-11 23:33:53,994 WARNING:main.py:315:print_pqr:Ignoring 16 missing lines in output.
2026-09-11 23:44:27,203 INFO:main.py:240:print_splash_screen:PDB2PQR v3.6.1: biomolecular structure conversion software.
2026-09-11 23:44:27,203 INFO:main.py:242:print_splash_screen:Please cite:  Jurrus E, et al.  Improvements to the APBS biomolecular solvation software suite.  Protein Sci 27 112-128 (2018).
2026-09-11 23:44:27,204 INFO:main.py:242:print_splash_screen:Please cite:  Dolinsky TJ, et al.  PDB2PQR: expanding and upgrading automated preparation of biomolecular structures for molecular simulations. Nucleic Acids Res 35 W522-W525 (2007).
2026-09-11 23:44:27,204 INFO:main.py:759:main_driver:Checking and transforming input arguments.
2026-09-11 23:44:27,205 INFO:main.py:763:main_driver:Loading topology files.
2026-09-11 23:44:27,248 INFO:main.py:765:main_driver:Loading molecule: structures/8I2D_clean.pdb
2026-09-11 23:44:27,265 INFO:main.py:770:main_driver:Setting up molecule.
2026-09-11 23:44:27,268 WARNING:biomolecule.py:992:create_residue:Unable to find amino or nucleic acid definition for MSE.  Parsing as new residue.
2026-09-11 23:44:27,269 WARNING:biomolecule.py:992:create_residue:Unable to find amino or nucleic acid definition for MSE.  Parsing as new residue.
2026-09-11 23:44:27,271 INFO:main.py:408:setup_molecule:Created biomolecule object with 292 residues and 1075 atoms.
2026-09-11 23:44:27,271 INFO:main.py:774:main_driver:Setting termini states for biomolecule chains.
2026-09-11 23:44:27,274 INFO:main.py:604:non_trivial:Loading forcefield.
2026-09-11 23:44:27,282 INFO:main.py:608:non_trivial:Loading hydrogen topology definitions.
2026-09-11 23:44:27,284 INFO:main.py:459:is_repairable:This biomolecule is clean.  No repair needed.
2026-09-11 23:44:27,284 INFO:main.py:623:non_trivial:Updating disulfide bridges.
2026-09-11 23:44:27,285 INFO:main.py:626:non_trivial:Debumping biomolecule.
2026-09-11 23:44:27,299 INFO:main.py:649:non_trivial:Adding hydrogens to biomolecule.
2026-09-11 23:44:27,361 INFO:main.py:652:non_trivial:Debumping biomolecule (again).
2026-09-11 23:44:27,429 INFO:main.py:654:non_trivial:Optimizing hydrogen bonds
2026-09-11 23:44:27,593 WARNING:debump.py:354:get_closest_atom:Skipped atom during water optimization: H1 in HOH A 405 skipped when optimizing H2 in HOH A 519
2026-09-11 23:44:27,594 WARNING:debump.py:354:get_closest_atom:Skipped atom during water optimization: H2 in HOH A 405 skipped when optimizing H2 in HOH A 496
2026-09-11 23:44:27,596 WARNING:debump.py:354:get_closest_atom:Skipped atom during water optimization: LP2 in HOH A 504 skipped when optimizing H2 in HOH A 496
2026-09-11 23:44:27,597 WARNING:debump.py:354:get_closest_atom:Skipped atom during water optimization: H1 in HOH A 496 skipped when optimizing H1 in HOH A 504
2026-09-11 23:44:27,597 WARNING:debump.py:354:get_closest_atom:Skipped atom during water optimization: H1 in HOH A 536 skipped when optimizing H1 in HOH A 504
2026-09-11 23:44:27,599 WARNING:debump.py:354:get_closest_atom:Skipped atom during water optimization: H1 in HOH A 504 skipped when optimizing H2 in HOH A 536
2026-09-11 23:44:27,599 WARNING:debump.py:354:get_closest_atom:Skipped atom during water optimization: H1 in HOH A 504 skipped when optimizing H2 in HOH A 536
2026-09-11 23:44:27,600 WARNING:debump.py:354:get_closest_atom:Skipped atom during water optimization: H1 in HOH A 504 skipped when optimizing H2 in HOH A 536
2026-09-11 23:44:27,601 WARNING:debump.py:354:get_closest_atom:Skipped atom during water optimization: H1 in HOH A 504 skipped when optimizing H2 in HOH A 536
2026-09-11 23:44:27,602 WARNING:io.py:40:filter:Suppressing further "Skipped atom during water optimization" messages
2026-09-11 23:44:29,077 INFO:main.py:666:non_trivial:Applying force field to biomolecule states.
2026-09-11 23:44:29,079 INFO:main.py:713:non_trivial:Regenerating headers.
2026-09-11 23:44:29,080 INFO:main.py:738:non_trivial:Regenerating PDB lines.
2026-09-11 23:44:29,088 WARNING:main.py:311:print_pqr:Ignoring 1264 header lines in output.
2026-09-11 23:44:29,088 WARNING:main.py:315:print_pqr:Ignoring 16 missing lines in output.
2026-09-11 23:52:11,314 INFO:main.py:240:print_splash_screen:PDB2PQR v3.6.1: biomolecular structure conversion software.
2026-09-11 23:52:11,314 INFO:main.py:242:print_splash_screen:Please cite:  Jurrus E, et al.  Improvements to the APBS biomolecular solvation software suite.  Protein Sci 27 112-128 (2018).
2026-09-11 23:52:11,314 INFO:main.py:242:print_splash_screen:Please cite:  Dolinsky TJ, et al.  PDB2PQR: expanding and upgrading automated preparation of biomolecular structures for molecular simulations. Nucleic Acids Res 35 W522-W525 (2007).
2026-09-11 23:52:11,314 INFO:main.py:759:main_driver:Checking and transforming input arguments.
2026-09-11 23:52:11,316 INFO:main.py:763:main_driver:Loading topology files.
2026-09-11 23:52:11,360 INFO:main.py:765:main_driver:Loading molecule: structures/8I2D_clean.pdb
2026-09-11 23:52:11,377 INFO:main.py:770:main_driver:Setting up molecule.
2026-09-11 23:52:11,378 WARNING:biomolecule.py:992:create_residue:Unable to find amino or nucleic acid definition for MSE.  Parsing as new residue.
2026-09-11 23:52:11,380 WARNING:biomolecule.py:992:create_residue:Unable to find amino or nucleic acid definition for MSE.  Parsing as new residue.
2026-09-11 23:52:11,382 INFO:main.py:408:setup_molecule:Created biomolecule object with 292 residues and 1075 atoms.
2026-09-11 23:52:11,382 INFO:main.py:774:main_driver:Setting termini states for biomolecule chains.
2026-09-11 23:52:11,384 INFO:main.py:604:non_trivial:Loading forcefield.
2026-09-11 23:52:11,392 INFO:main.py:608:non_trivial:Loading hydrogen topology definitions.
2026-09-11 23:52:11,396 INFO:main.py:459:is_repairable:This biomolecule is clean.  No repair needed.
2026-09-11 23:52:11,396 INFO:main.py:623:non_trivial:Updating disulfide bridges.
2026-09-11 23:52:11,396 INFO:main.py:626:non_trivial:Debumping biomolecule.
2026-09-11 23:52:11,411 INFO:main.py:649:non_trivial:Adding hydrogens to biomolecule.
2026-09-11 23:52:11,470 INFO:main.py:652:non_trivial:Debumping biomolecule (again).
2026-09-11 23:52:11,536 INFO:main.py:654:non_trivial:Optimizing hydrogen bonds
2026-09-11 23:52:11,678 WARNING:debump.py:354:get_closest_atom:Skipped atom during water optimization: H1 in HOH A 405 skipped when optimizing H2 in HOH A 519
2026-09-11 23:52:11,680 WARNING:debump.py:354:get_closest_atom:Skipped atom during water optimization: H2 in HOH A 405 skipped when optimizing H2 in HOH A 496
2026-09-11 23:52:11,682 WARNING:debump.py:354:get_closest_atom:Skipped atom during water optimization: LP2 in HOH A 504 skipped when optimizing H2 in HOH A 496
2026-09-11 23:52:11,683 WARNING:debump.py:354:get_closest_atom:Skipped atom during water optimization: H1 in HOH A 496 skipped when optimizing H1 in HOH A 504
2026-09-11 23:52:11,683 WARNING:debump.py:354:get_closest_atom:Skipped atom during water optimization: H1 in HOH A 536 skipped when optimizing H1 in HOH A 504
2026-09-11 23:52:11,684 WARNING:debump.py:354:get_closest_atom:Skipped atom during water optimization: H1 in HOH A 504 skipped when optimizing H2 in HOH A 536
2026-09-11 23:52:11,685 WARNING:debump.py:354:get_closest_atom:Skipped atom during water optimization: H1 in HOH A 504 skipped when optimizing H2 in HOH A 536
2026-09-11 23:52:11,686 WARNING:debump.py:354:get_closest_atom:Skipped atom during water optimization: H1 in HOH A 504 skipped when optimizing H2 in HOH A 536
2026-09-11 23:52:11,686 WARNING:debump.py:354:get_closest_atom:Skipped atom during water optimization: H1 in HOH A 504 skipped when optimizing H2 in HOH A 536
2026-09-11 23:52:11,688 WARNING:io.py:40:filter:Suppressing further "Skipped atom during water optimization" messages
2026-09-11 23:52:13,155 INFO:main.py:666:non_trivial:Applying force field to biomolecule states.
2026-09-11 23:52:13,157 INFO:main.py:713:non_trivial:Regenerating headers.
2026-09-11 23:52:13,158 INFO:main.py:738:non_trivial:Regenerating PDB lines.
2026-09-11 23:52:13,166 WARNING:main.py:311:print_pqr:Ignoring 1264 header lines in output.
2026-09-11 23:52:13,167 WARNING:main.py:315:print_pqr:Ignoring 16 missing lines in output.
2026-09-11 23:59:56,026 INFO:main.py:240:print_splash_screen:PDB2PQR v3.6.1: biomolecular structure conversion software.
2026-09-11 23:59:56,027 INFO:main.py:242:print_splash_screen:Please cite:  Jurrus E, et al.  Improvements to the APBS biomolecular solvation software suite.  Protein Sci 27 112-128 (2018).
2026-09-11 23:59:56,027 INFO:main.py:242:print_splash_screen:Please cite:  Dolinsky TJ, et al.  PDB2PQR: expanding and upgrading automated preparation of biomolecular structures for molecular simulations. Nucleic Acids Res 35 W522-W525 (2007).
2026-09-11 23:59:56,027 INFO:main.py:759:main_driver:Checking and transforming input arguments.
2026-09-11 23:59:56,029 INFO:main.py:763:main_driver:Loading topology files.
2026-09-11 23:59:56,072 INFO:main.py:765:main_driver:Loading molecule: structures/8I2D_clean.pdb
2026-09-11 23:59:56,085 INFO:main.py:770:main_driver:Setting up molecule.
2026-09-11 23:59:56,088 INFO:main.py:408:setup_molecule:Created biomolecule object with 115 residues and 884 atoms.
2026-09-11 23:59:56,089 INFO:main.py:774:main_driver:Setting termini states for biomolecule chains.
2026-09-11 23:59:56,091 WARNING:biomolecule.py:615:update_bonds:Gap in backbone detected between SER A 272 and LYS A 274!
2026-09-11 23:59:56,092 WARNING:biomolecule.py:615:update_bonds:Gap in backbone detected between HIS A 296 and GLY A 298!
2026-09-11 23:59:56,092 INFO:main.py:604:non_trivial:Loading forcefield.
2026-09-11 23:59:56,098 INFO:main.py:608:non_trivial:Loading hydrogen topology definitions.
2026-09-11 23:59:56,100 INFO:main.py:459:is_repairable:This biomolecule is clean.  No repair needed.
2026-09-11 23:59:56,101 INFO:main.py:623:non_trivial:Updating disulfide bridges.
2026-09-11 23:59:56,101 INFO:main.py:626:non_trivial:Debumping biomolecule.
2026-09-11 23:59:56,115 INFO:main.py:649:non_trivial:Adding hydrogens to biomolecule.
2026-09-11 23:59:56,173 INFO:main.py:652:non_trivial:Debumping biomolecule (again).
2026-09-11 23:59:56,239 INFO:main.py:654:non_trivial:Optimizing hydrogen bonds
2026-09-11 23:59:56,475 INFO:main.py:666:non_trivial:Applying force field to biomolecule states.
2026-09-11 23:59:56,477 INFO:main.py:713:non_trivial:Regenerating headers.
2026-09-11 23:59:56,478 INFO:main.py:738:non_trivial:Regenerating PDB lines.
2026-09-11 23:59:56,484 WARNING:main.py:311:print_pqr:Ignoring 390 header lines in output.
2026-09-12 00:05:48,928 INFO:main.py:240:print_splash_screen:PDB2PQR v3.6.1: biomolecular structure conversion software.
2026-09-12 00:05:48,928 INFO:main.py:242:print_splash_screen:Please cite:  Jurrus E, et al.  Improvements to the APBS biomolecular solvation software suite.  Protein Sci 27 112-128 (2018).
2026-09-12 00:05:48,928 INFO:main.py:242:print_splash_screen:Please cite:  Dolinsky TJ, et al.  PDB2PQR: expanding and upgrading automated preparation of biomolecular structures for molecular simulations. Nucleic Acids Res 35 W522-W525 (2007).
2026-09-12 00:05:48,929 INFO:main.py:759:main_driver:Checking and transforming input arguments.
2026-09-12 00:05:48,930 INFO:main.py:763:main_driver:Loading topology files.
2026-09-12 00:05:48,970 INFO:main.py:765:main_driver:Loading molecule: structures/8I2D_clean.pdb
2026-09-12 00:05:48,984 INFO:main.py:770:main_driver:Setting up molecule.
2026-09-12 00:05:48,989 INFO:main.py:408:setup_molecule:Created biomolecule object with 115 residues and 884 atoms.
2026-09-12 00:05:48,989 INFO:main.py:774:main_driver:Setting termini states for biomolecule chains.
2026-09-12 00:05:48,992 WARNING:biomolecule.py:615:update_bonds:Gap in backbone detected between SER A 272 and LYS A 274!
2026-09-12 00:05:48,992 WARNING:biomolecule.py:615:update_bonds:Gap in backbone detected between HIS A 296 and GLY A 298!
2026-09-12 00:05:48,992 INFO:main.py:604:non_trivial:Loading forcefield.
2026-09-12 00:05:48,999 INFO:main.py:608:non_trivial:Loading hydrogen topology definitions.
2026-09-12 00:05:49,002 INFO:main.py:459:is_repairable:This biomolecule is clean.  No repair needed.
2026-09-12 00:05:49,002 INFO:main.py:623:non_trivial:Updating disulfide bridges.
2026-09-12 00:05:49,002 INFO:main.py:626:non_trivial:Debumping biomolecule.
2026-09-12 00:05:49,017 INFO:main.py:649:non_trivial:Adding hydrogens to biomolecule.
2026-09-12 00:05:49,076 INFO:main.py:652:non_trivial:Debumping biomolecule (again).
2026-09-12 00:05:49,146 INFO:main.py:654:non_trivial:Optimizing hydrogen bonds
2026-09-12 00:05:49,389 INFO:main.py:666:non_trivial:Applying force field to biomolecule states.
2026-09-12 00:05:49,390 INFO:main.py:713:non_trivial:Regenerating headers.
2026-09-12 00:05:49,391 INFO:main.py:738:non_trivial:Regenerating PDB lines.
2026-09-12 00:05:49,397 WARNING:main.py:311:print_pqr:Ignoring 390 header lines in output.
2026-09-12 00:14:07,913 INFO:main.py:240:print_splash_screen:PDB2PQR v3.6.1: biomolecular structure conversion software.
2026-09-12 00:14:07,913 INFO:main.py:242:print_splash_screen:Please cite:  Jurrus E, et al.  Improvements to the APBS biomolecular solvation software suite.  Protein Sci 27 112-128 (2018).
2026-09-12 00:14:07,913 INFO:main.py:242:print_splash_screen:Please cite:  Dolinsky TJ, et al.  PDB2PQR: expanding and upgrading automated preparation of biomolecular structures for molecular simulations. Nucleic Acids Res 35 W522-W525 (2007).
2026-09-12 00:14:07,913 INFO:main.py:759:main_driver:Checking and transforming input arguments.
2026-09-12 00:14:07,915 INFO:main.py:763:main_driver:Loading topology files.
2026-09-12 00:14:07,960 INFO:main.py:765:main_driver:Loading molecule: structures/8I2D_clean.pdb
2026-09-12 00:14:07,975 INFO:main.py:770:main_driver:Setting up molecule.
2026-09-12 00:14:07,979 INFO:main.py:408:setup_molecule:Created biomolecule object with 115 residues and 884 atoms.
2026-09-12 00:14:07,979 INFO:main.py:774:main_driver:Setting termini states for biomolecule chains.
2026-09-12 00:14:07,982 WARNING:biomolecule.py:615:update_bonds:Gap in backbone detected between SER A 272 and LYS A 274!
2026-09-12 00:14:07,982 WARNING:biomolecule.py:615:update_bonds:Gap in backbone detected between HIS A 296 and GLY A 298!
2026-09-12 00:14:07,982 INFO:main.py:604:non_trivial:Loading forcefield.
2026-09-12 00:14:07,989 INFO:main.py:608:non_trivial:Loading hydrogen topology definitions.
2026-09-12 00:14:07,993 INFO:main.py:459:is_repairable:This biomolecule is clean.  No repair needed.
2026-09-12 00:14:07,993 INFO:main.py:623:non_trivial:Updating disulfide bridges.
2026-09-12 00:14:07,993 INFO:main.py:626:non_trivial:Debumping biomolecule.
2026-09-12 00:14:08,008 INFO:main.py:649:non_trivial:Adding hydrogens to biomolecule.
2026-09-12 00:14:08,067 INFO:main.py:652:non_trivial:Debumping biomolecule (again).
2026-09-12 00:14:08,130 INFO:main.py:654:non_trivial:Optimizing hydrogen bonds
2026-09-12 00:14:08,365 INFO:main.py:666:non_trivial:Applying force field to biomolecule states.
2026-09-12 00:14:08,367 INFO:main.py:713:non_trivial:Regenerating headers.
2026-09-12 00:14:08,367 INFO:main.py:738:non_trivial:Regenerating PDB lines.
2026-09-12 00:14:08,373 WARNING:main.py:311:print_pqr:Ignoring 390 header lines in output.
2026-09-12 00:20:29,597 INFO:main.py:240:print_splash_screen:PDB2PQR v3.6.1: biomolecular structure conversion software.
2026-09-12 00:20:29,598 INFO:main.py:242:print_splash_screen:Please cite:  Jurrus E, et al.  Improvements to the APBS biomolecular solvation software suite.  Protein Sci 27 112-128 (2018).
2026-09-12 00:20:29,598 INFO:main.py:242:print_splash_screen:Please cite:  Dolinsky TJ, et al.  PDB2PQR: expanding and upgrading automated preparation of biomolecular structures for molecular simulations. Nucleic Acids Res 35 W522-W525 (2007).
2026-09-12 00:20:29,598 INFO:main.py:759:main_driver:Checking and transforming input arguments.
2026-09-12 00:20:29,600 INFO:main.py:763:main_driver:Loading topology files.
2026-09-12 00:20:29,646 INFO:main.py:765:main_driver:Loading molecule: structures/8I2D_clean.pdb
2026-09-12 00:20:29,661 INFO:main.py:770:main_driver:Setting up molecule.
2026-09-12 00:20:29,665 INFO:main.py:408:setup_molecule:Created biomolecule object with 115 residues and 884 atoms.
2026-09-12 00:20:29,666 INFO:main.py:774:main_driver:Setting termini states for biomolecule chains.
2026-09-12 00:20:29,669 WARNING:biomolecule.py:615:update_bonds:Gap in backbone detected between SER A 272 and LYS A 274!
2026-09-12 00:20:29,669 WARNING:biomolecule.py:615:update_bonds:Gap in backbone detected between HIS A 296 and GLY A 298!
2026-09-12 00:20:29,669 INFO:main.py:604:non_trivial:Loading forcefield.
2026-09-12 00:20:29,677 INFO:main.py:608:non_trivial:Loading hydrogen topology definitions.
2026-09-12 00:20:29,679 INFO:main.py:459:is_repairable:This biomolecule is clean.  No repair needed.
2026-09-12 00:20:29,679 INFO:main.py:623:non_trivial:Updating disulfide bridges.
2026-09-12 00:20:29,679 INFO:main.py:626:non_trivial:Debumping biomolecule.
2026-09-12 00:20:29,693 INFO:main.py:649:non_trivial:Adding hydrogens to biomolecule.
2026-09-12 00:20:29,750 INFO:main.py:652:non_trivial:Debumping biomolecule (again).
2026-09-12 00:20:29,815 INFO:main.py:654:non_trivial:Optimizing hydrogen bonds
2026-09-12 00:20:30,050 INFO:main.py:666:non_trivial:Applying force field to biomolecule states.
2026-09-12 00:20:30,052 INFO:main.py:713:non_trivial:Regenerating headers.
2026-09-12 00:20:30,053 INFO:main.py:738:non_trivial:Regenerating PDB lines.
2026-09-12 00:20:30,059 WARNING:main.py:311:print_pqr:Ignoring 390 header lines in output.
2026-09-12 00:26:44,641 INFO:main.py:240:print_splash_screen:PDB2PQR v3.6.1: biomolecular structure conversion software.
2026-09-12 00:26:44,641 INFO:main.py:242:print_splash_screen:Please cite:  Jurrus E, et al.  Improvements to the APBS biomolecular solvation software suite.  Protein Sci 27 112-128 (2018).
2026-09-12 00:26:44,642 INFO:main.py:242:print_splash_screen:Please cite:  Dolinsky TJ, et al.  PDB2PQR: expanding and upgrading automated preparation of biomolecular structures for molecular simulations. Nucleic Acids Res 35 W522-W525 (2007).
2026-09-12 00:26:44,642 INFO:main.py:759:main_driver:Checking and transforming input arguments.
2026-09-12 00:26:44,643 INFO:main.py:763:main_driver:Loading topology files.
2026-09-12 00:26:44,688 INFO:main.py:765:main_driver:Loading molecule: structures/8I2D_clean.pdb
2026-09-12 00:26:44,702 INFO:main.py:770:main_driver:Setting up molecule.
2026-09-12 00:26:44,706 INFO:main.py:408:setup_molecule:Created biomolecule object with 115 residues and 884 atoms.
2026-09-12 00:26:44,706 INFO:main.py:774:main_driver:Setting termini states for biomolecule chains.
2026-09-12 00:26:44,709 WARNING:biomolecule.py:615:update_bonds:Gap in backbone detected between SER A 272 and LYS A 274!
2026-09-12 00:26:44,710 WARNING:biomolecule.py:615:update_bonds:Gap in backbone detected between HIS A 296 and GLY A 298!
2026-09-12 00:26:44,710 INFO:main.py:604:non_trivial:Loading forcefield.
2026-09-12 00:26:44,719 INFO:main.py:608:non_trivial:Loading hydrogen topology definitions.
2026-09-12 00:26:44,721 INFO:main.py:459:is_repairable:This biomolecule is clean.  No repair needed.
2026-09-12 00:26:44,721 INFO:main.py:623:non_trivial:Updating disulfide bridges.
2026-09-12 00:26:44,721 INFO:main.py:626:non_trivial:Debumping biomolecule.
2026-09-12 00:26:44,735 INFO:main.py:649:non_trivial:Adding hydrogens to biomolecule.
2026-09-12 00:26:44,789 INFO:main.py:652:non_trivial:Debumping biomolecule (again).
2026-09-12 00:26:44,873 INFO:main.py:654:non_trivial:Optimizing hydrogen bonds
2026-09-12 00:26:45,106 INFO:main.py:666:non_trivial:Applying force field to biomolecule states.
2026-09-12 00:26:45,108 INFO:main.py:713:non_trivial:Regenerating headers.
2026-09-12 00:26:45,108 INFO:main.py:738:non_trivial:Regenerating PDB lines.
2026-09-12 00:26:45,115 WARNING:main.py:311:print_pqr:Ignoring 390 header lines in output.
