2026-09-11 23:20:02,179 INFO:main.py:240:print_splash_screen:PDB2PQR v3.6.1: biomolecular structure conversion software.
2026-09-11 23:20:02,180 INFO:main.py:242:print_splash_screen:Please cite:  Jurrus E, et al.  Improvements to the APBS biomolecular solvation software suite.  Protein Sci 27 112-128 (2018).
2026-09-11 23:20:02,180 INFO:main.py:242:print_splash_screen:Please cite:  Dolinsky TJ, et al.  PDB2PQR: expanding and upgrading automated preparation of biomolecular structures for molecular simulations. Nucleic Acids Res 35 W522-W525 (2007).
2026-09-11 23:20:02,180 INFO:main.py:759:main_driver:Checking and transforming input arguments.
2026-09-11 23:20:02,181 INFO:main.py:763:main_driver:Loading topology files.
2026-09-11 23:20:02,227 INFO:main.py:765:main_driver:Loading molecule: structures/9DGX.pdb
2026-09-11 23:20:02,247 INFO:main.py:770:main_driver:Setting up molecule.
2026-09-11 23:20:02,257 WARNING:biomolecule.py:992:create_residue:Unable to find amino or nucleic acid definition for ZN.  Parsing as new residue.
2026-09-11 23:20:02,258 WARNING:biomolecule.py:992:create_residue:Unable to find amino or nucleic acid definition for CA.  Parsing as new residue.
2026-09-11 23:20:02,260 INFO:main.py:408:setup_molecule:Created biomolecule object with 483 residues and 3529 atoms.
2026-09-11 23:20:02,260 WARNING:main.py:418:setup_molecule:Multiple occupancies found: N in SER A 128.
2026-09-11 23:20:02,260 WARNING:main.py:418:setup_molecule:Multiple occupancies found: CA in SER A 128.
2026-09-11 23:20:02,260 WARNING:main.py:418:setup_molecule:Multiple occupancies found: C in SER A 128.
2026-09-11 23:20:02,260 WARNING:main.py:418:setup_molecule:Multiple occupancies found: O in SER A 128.
2026-09-11 23:20:02,260 WARNING:main.py:418:setup_molecule:Multiple occupancies found: CB in SER A 128.
2026-09-11 23:20:02,260 WARNING:main.py:418:setup_molecule:Multiple occupancies found: OG in SER A 128.
2026-09-11 23:20:02,260 WARNING:main.py:418:setup_molecule:Multiple occupancies found: H in SER A 128.
2026-09-11 23:20:02,260 WARNING:main.py:418:setup_molecule:Multiple occupancies found: HA in SER A 128.
2026-09-11 23:20:02,260 WARNING:main.py:418:setup_molecule:Multiple occupancies found: HB2 in SER A 128.
2026-09-11 23:20:02,261 WARNING:main.py:418:setup_molecule:Multiple occupancies found: HB3 in SER A 128.
2026-09-11 23:20:02,261 WARNING:main.py:418:setup_molecule:Multiple occupancies found: HG in SER A 128.
2026-09-11 23:20:02,261 WARNING:main.py:424:setup_molecule:Multiple occupancies found in SER A 128. At least one of the instances is being ignored.
2026-09-11 23:20:02,261 WARNING:main.py:418:setup_molecule:Multiple occupancies found: H in PHE A 129.
2026-09-11 23:20:02,261 WARNING:main.py:424:setup_molecule:Multiple occupancies found in PHE A 129. At least one of the instances is being ignored.
2026-09-11 23:20:02,261 INFO:main.py:774:main_driver:Setting termini states for biomolecule chains.
2026-09-11 23:20:02,265 INFO:main.py:604:non_trivial:Loading forcefield.
2026-09-11 23:20:02,272 INFO:main.py:608:non_trivial:Loading hydrogen topology definitions.
2026-09-11 23:20:02,275 INFO:main.py:459:is_repairable:This biomolecule is clean.  No repair needed.
2026-09-11 23:20:02,275 INFO:main.py:623:non_trivial:Updating disulfide bridges.
2026-09-11 23:20:02,276 INFO:main.py:626:non_trivial:Debumping biomolecule.
2026-09-11 23:20:02,319 INFO:main.py:649:non_trivial:Adding hydrogens to biomolecule.
2026-09-11 23:20:02,322 INFO:main.py:652:non_trivial:Debumping biomolecule (again).
2026-09-11 23:20:02,372 INFO:main.py:654:non_trivial:Optimizing hydrogen bonds
2026-09-11 23:20:02,511 WARNING:debump.py:354:get_closest_atom:Skipped atom during water optimization: LP1 in HOH A 590 skipped when optimizing H2 in HOH A 404
2026-09-11 23:20:02,512 WARNING:debump.py:354:get_closest_atom:Skipped atom during water optimization: LP1 in HOH A 590 skipped when optimizing H2 in HOH A 404
2026-09-11 23:20:02,513 WARNING:debump.py:354:get_closest_atom:Skipped atom during water optimization: LP1 in HOH A 590 skipped when optimizing H2 in HOH A 404
2026-09-11 23:20:02,513 WARNING:debump.py:354:get_closest_atom:Skipped atom during water optimization: LP1 in HOH A 590 skipped when optimizing H2 in HOH A 404
2026-09-11 23:20:02,516 WARNING:debump.py:354:get_closest_atom:Skipped atom during water optimization: H2 in HOH A 404 skipped when optimizing H1 in HOH A 590
2026-09-11 23:20:02,519 WARNING:debump.py:354:get_closest_atom:Skipped atom during water optimization: H2 in HOH A 404 skipped when optimizing H1 in HOH A 590
2026-09-11 23:20:02,520 WARNING:debump.py:354:get_closest_atom:Skipped atom during water optimization: H2 in HOH A 404 skipped when optimizing H1 in HOH A 590
2026-09-11 23:20:02,520 WARNING:debump.py:354:get_closest_atom:Skipped atom during water optimization: H2 in HOH A 404 skipped when optimizing H1 in HOH A 590
2026-09-11 23:20:02,521 WARNING:debump.py:354:get_closest_atom:Skipped atom during water optimization: H2 in HOH A 404 skipped when optimizing H1 in HOH A 590
2026-09-11 23:20:02,521 WARNING:io.py:40:filter:Suppressing further "Skipped atom during water optimization" messages
2026-09-11 23:20:04,484 INFO:main.py:666:non_trivial:Applying force field to biomolecule states.
2026-09-11 23:20:04,488 INFO:main.py:713:non_trivial:Regenerating headers.
2026-09-11 23:20:04,489 INFO:main.py:738:non_trivial:Regenerating PDB lines.
2026-09-11 23:20:04,504 WARNING:main.py:311:print_pqr:Ignoring 823 header lines in output.
2026-09-11 23:20:04,504 WARNING:main.py:315:print_pqr:Ignoring 2 missing lines in output.
2026-09-11 23:35:00,603 INFO:main.py:240:print_splash_screen:PDB2PQR v3.6.1: biomolecular structure conversion software.
2026-09-11 23:35:00,603 INFO:main.py:242:print_splash_screen:Please cite:  Jurrus E, et al.  Improvements to the APBS biomolecular solvation software suite.  Protein Sci 27 112-128 (2018).
2026-09-11 23:35:00,603 INFO:main.py:242:print_splash_screen:Please cite:  Dolinsky TJ, et al.  PDB2PQR: expanding and upgrading automated preparation of biomolecular structures for molecular simulations. Nucleic Acids Res 35 W522-W525 (2007).
2026-09-11 23:35:00,603 INFO:main.py:759:main_driver:Checking and transforming input arguments.
2026-09-11 23:35:00,604 INFO:main.py:763:main_driver:Loading topology files.
2026-09-11 23:35:00,648 INFO:main.py:765:main_driver:Loading molecule: structures/9DGX.pdb
2026-09-11 23:35:00,658 INFO:main.py:770:main_driver:Setting up molecule.
2026-09-11 23:35:00,670 WARNING:biomolecule.py:992:create_residue:Unable to find amino or nucleic acid definition for ZN.  Parsing as new residue.
2026-09-11 23:35:00,670 WARNING:biomolecule.py:992:create_residue:Unable to find amino or nucleic acid definition for CA.  Parsing as new residue.
2026-09-11 23:35:00,672 INFO:main.py:408:setup_molecule:Created biomolecule object with 483 residues and 3529 atoms.
2026-09-11 23:35:00,672 WARNING:main.py:418:setup_molecule:Multiple occupancies found: N in SER A 128.
2026-09-11 23:35:00,672 WARNING:main.py:418:setup_molecule:Multiple occupancies found: CA in SER A 128.
2026-09-11 23:35:00,673 WARNING:main.py:418:setup_molecule:Multiple occupancies found: C in SER A 128.
2026-09-11 23:35:00,673 WARNING:main.py:418:setup_molecule:Multiple occupancies found: O in SER A 128.
2026-09-11 23:35:00,673 WARNING:main.py:418:setup_molecule:Multiple occupancies found: CB in SER A 128.
2026-09-11 23:35:00,673 WARNING:main.py:418:setup_molecule:Multiple occupancies found: OG in SER A 128.
2026-09-11 23:35:00,673 WARNING:main.py:418:setup_molecule:Multiple occupancies found: H in SER A 128.
2026-09-11 23:35:00,673 WARNING:main.py:418:setup_molecule:Multiple occupancies found: HA in SER A 128.
2026-09-11 23:35:00,673 WARNING:main.py:418:setup_molecule:Multiple occupancies found: HB2 in SER A 128.
2026-09-11 23:35:00,673 WARNING:main.py:418:setup_molecule:Multiple occupancies found: HB3 in SER A 128.
2026-09-11 23:35:00,673 WARNING:main.py:418:setup_molecule:Multiple occupancies found: HG in SER A 128.
2026-09-11 23:35:00,674 WARNING:main.py:424:setup_molecule:Multiple occupancies found in SER A 128. At least one of the instances is being ignored.
2026-09-11 23:35:00,674 WARNING:main.py:418:setup_molecule:Multiple occupancies found: H in PHE A 129.
2026-09-11 23:35:00,674 WARNING:main.py:424:setup_molecule:Multiple occupancies found in PHE A 129. At least one of the instances is being ignored.
2026-09-11 23:35:00,674 INFO:main.py:774:main_driver:Setting termini states for biomolecule chains.
2026-09-11 23:35:00,679 INFO:main.py:604:non_trivial:Loading forcefield.
2026-09-11 23:35:00,686 INFO:main.py:608:non_trivial:Loading hydrogen topology definitions.
2026-09-11 23:35:00,689 INFO:main.py:459:is_repairable:This biomolecule is clean.  No repair needed.
2026-09-11 23:35:00,689 INFO:main.py:623:non_trivial:Updating disulfide bridges.
2026-09-11 23:35:00,689 INFO:main.py:626:non_trivial:Debumping biomolecule.
2026-09-11 23:35:00,730 INFO:main.py:649:non_trivial:Adding hydrogens to biomolecule.
2026-09-11 23:35:00,731 INFO:main.py:652:non_trivial:Debumping biomolecule (again).
2026-09-11 23:35:00,769 INFO:main.py:654:non_trivial:Optimizing hydrogen bonds
2026-09-11 23:35:00,907 WARNING:debump.py:354:get_closest_atom:Skipped atom during water optimization: LP1 in HOH A 590 skipped when optimizing H2 in HOH A 404
2026-09-11 23:35:00,909 WARNING:debump.py:354:get_closest_atom:Skipped atom during water optimization: LP1 in HOH A 590 skipped when optimizing H2 in HOH A 404
2026-09-11 23:35:00,909 WARNING:debump.py:354:get_closest_atom:Skipped atom during water optimization: LP1 in HOH A 590 skipped when optimizing H2 in HOH A 404
2026-09-11 23:35:00,910 WARNING:debump.py:354:get_closest_atom:Skipped atom during water optimization: LP1 in HOH A 590 skipped when optimizing H2 in HOH A 404
2026-09-11 23:35:00,912 WARNING:debump.py:354:get_closest_atom:Skipped atom during water optimization: H2 in HOH A 404 skipped when optimizing H1 in HOH A 590
2026-09-11 23:35:00,915 WARNING:debump.py:354:get_closest_atom:Skipped atom during water optimization: H2 in HOH A 404 skipped when optimizing H1 in HOH A 590
2026-09-11 23:35:00,916 WARNING:debump.py:354:get_closest_atom:Skipped atom during water optimization: H2 in HOH A 404 skipped when optimizing H1 in HOH A 590
2026-09-11 23:35:00,917 WARNING:debump.py:354:get_closest_atom:Skipped atom during water optimization: H2 in HOH A 404 skipped when optimizing H1 in HOH A 590
2026-09-11 23:35:00,918 WARNING:debump.py:354:get_closest_atom:Skipped atom during water optimization: H2 in HOH A 404 skipped when optimizing H1 in HOH A 590
2026-09-11 23:35:00,918 WARNING:io.py:40:filter:Suppressing further "Skipped atom during water optimization" messages
2026-09-11 23:35:02,890 INFO:main.py:666:non_trivial:Applying force field to biomolecule states.
2026-09-11 23:35:02,893 INFO:main.py:713:non_trivial:Regenerating headers.
2026-09-11 23:35:02,894 INFO:main.py:738:non_trivial:Regenerating PDB lines.
2026-09-11 23:35:02,908 WARNING:main.py:311:print_pqr:Ignoring 823 header lines in output.
2026-09-11 23:35:02,908 WARNING:main.py:315:print_pqr:Ignoring 2 missing lines in output.
2026-09-11 23:45:35,379 INFO:main.py:240:print_splash_screen:PDB2PQR v3.6.1: biomolecular structure conversion software.
2026-09-11 23:45:35,379 INFO:main.py:242:print_splash_screen:Please cite:  Jurrus E, et al.  Improvements to the APBS biomolecular solvation software suite.  Protein Sci 27 112-128 (2018).
2026-09-11 23:45:35,379 INFO:main.py:242:print_splash_screen:Please cite:  Dolinsky TJ, et al.  PDB2PQR: expanding and upgrading automated preparation of biomolecular structures for molecular simulations. Nucleic Acids Res 35 W522-W525 (2007).
2026-09-11 23:45:35,379 INFO:main.py:759:main_driver:Checking and transforming input arguments.
2026-09-11 23:45:35,380 INFO:main.py:763:main_driver:Loading topology files.
2026-09-11 23:45:35,423 INFO:main.py:765:main_driver:Loading molecule: structures/9DGX_clean.pdb
2026-09-11 23:45:35,443 INFO:main.py:770:main_driver:Setting up molecule.
2026-09-11 23:45:35,453 WARNING:biomolecule.py:992:create_residue:Unable to find amino or nucleic acid definition for ZN.  Parsing as new residue.
2026-09-11 23:45:35,453 WARNING:biomolecule.py:992:create_residue:Unable to find amino or nucleic acid definition for CA.  Parsing as new residue.
2026-09-11 23:45:35,455 INFO:main.py:408:setup_molecule:Created biomolecule object with 483 residues and 3529 atoms.
2026-09-11 23:45:35,455 WARNING:main.py:418:setup_molecule:Multiple occupancies found: N in SER A 128.
2026-09-11 23:45:35,456 WARNING:main.py:418:setup_molecule:Multiple occupancies found: CA in SER A 128.
2026-09-11 23:45:35,456 WARNING:main.py:418:setup_molecule:Multiple occupancies found: C in SER A 128.
2026-09-11 23:45:35,456 WARNING:main.py:418:setup_molecule:Multiple occupancies found: O in SER A 128.
2026-09-11 23:45:35,456 WARNING:main.py:418:setup_molecule:Multiple occupancies found: CB in SER A 128.
2026-09-11 23:45:35,456 WARNING:main.py:418:setup_molecule:Multiple occupancies found: OG in SER A 128.
2026-09-11 23:45:35,456 WARNING:main.py:418:setup_molecule:Multiple occupancies found: H in SER A 128.
2026-09-11 23:45:35,457 WARNING:main.py:418:setup_molecule:Multiple occupancies found: HA in SER A 128.
2026-09-11 23:45:35,457 WARNING:main.py:418:setup_molecule:Multiple occupancies found: HB2 in SER A 128.
2026-09-11 23:45:35,457 WARNING:main.py:418:setup_molecule:Multiple occupancies found: HB3 in SER A 128.
2026-09-11 23:45:35,457 WARNING:main.py:418:setup_molecule:Multiple occupancies found: HG in SER A 128.
2026-09-11 23:45:35,457 WARNING:main.py:424:setup_molecule:Multiple occupancies found in SER A 128. At least one of the instances is being ignored.
2026-09-11 23:45:35,457 WARNING:main.py:418:setup_molecule:Multiple occupancies found: H in PHE A 129.
2026-09-11 23:45:35,457 WARNING:main.py:424:setup_molecule:Multiple occupancies found in PHE A 129. At least one of the instances is being ignored.
2026-09-11 23:45:35,457 INFO:main.py:774:main_driver:Setting termini states for biomolecule chains.
2026-09-11 23:45:35,462 INFO:main.py:604:non_trivial:Loading forcefield.
2026-09-11 23:45:35,470 INFO:main.py:608:non_trivial:Loading hydrogen topology definitions.
2026-09-11 23:45:35,474 INFO:main.py:459:is_repairable:This biomolecule is clean.  No repair needed.
2026-09-11 23:45:35,474 INFO:main.py:623:non_trivial:Updating disulfide bridges.
2026-09-11 23:45:35,474 INFO:main.py:626:non_trivial:Debumping biomolecule.
2026-09-11 23:45:35,516 INFO:main.py:649:non_trivial:Adding hydrogens to biomolecule.
2026-09-11 23:45:35,517 INFO:main.py:652:non_trivial:Debumping biomolecule (again).
2026-09-11 23:45:35,562 INFO:main.py:654:non_trivial:Optimizing hydrogen bonds
2026-09-11 23:45:35,703 WARNING:debump.py:354:get_closest_atom:Skipped atom during water optimization: LP1 in HOH A 590 skipped when optimizing H2 in HOH A 404
2026-09-11 23:45:35,704 WARNING:debump.py:354:get_closest_atom:Skipped atom during water optimization: LP1 in HOH A 590 skipped when optimizing H2 in HOH A 404
2026-09-11 23:45:35,705 WARNING:debump.py:354:get_closest_atom:Skipped atom during water optimization: LP1 in HOH A 590 skipped when optimizing H2 in HOH A 404
2026-09-11 23:45:35,706 WARNING:debump.py:354:get_closest_atom:Skipped atom during water optimization: LP1 in HOH A 590 skipped when optimizing H2 in HOH A 404
2026-09-11 23:45:35,708 WARNING:debump.py:354:get_closest_atom:Skipped atom during water optimization: H2 in HOH A 404 skipped when optimizing H1 in HOH A 590
2026-09-11 23:45:35,712 WARNING:debump.py:354:get_closest_atom:Skipped atom during water optimization: H2 in HOH A 404 skipped when optimizing H1 in HOH A 590
2026-09-11 23:45:35,712 WARNING:debump.py:354:get_closest_atom:Skipped atom during water optimization: H2 in HOH A 404 skipped when optimizing H1 in HOH A 590
2026-09-11 23:45:35,713 WARNING:debump.py:354:get_closest_atom:Skipped atom during water optimization: H2 in HOH A 404 skipped when optimizing H1 in HOH A 590
2026-09-11 23:45:35,714 WARNING:debump.py:354:get_closest_atom:Skipped atom during water optimization: H2 in HOH A 404 skipped when optimizing H1 in HOH A 590
2026-09-11 23:45:35,714 WARNING:io.py:40:filter:Suppressing further "Skipped atom during water optimization" messages
2026-09-11 23:45:37,733 INFO:main.py:666:non_trivial:Applying force field to biomolecule states.
2026-09-11 23:45:37,736 INFO:main.py:713:non_trivial:Regenerating headers.
2026-09-11 23:45:37,737 INFO:main.py:738:non_trivial:Regenerating PDB lines.
2026-09-11 23:45:37,752 WARNING:main.py:311:print_pqr:Ignoring 823 header lines in output.
2026-09-11 23:45:37,752 WARNING:main.py:315:print_pqr:Ignoring 2 missing lines in output.
2026-09-11 23:53:19,571 INFO:main.py:240:print_splash_screen:PDB2PQR v3.6.1: biomolecular structure conversion software.
2026-09-11 23:53:19,571 INFO:main.py:242:print_splash_screen:Please cite:  Jurrus E, et al.  Improvements to the APBS biomolecular solvation software suite.  Protein Sci 27 112-128 (2018).
2026-09-11 23:53:19,571 INFO:main.py:242:print_splash_screen:Please cite:  Dolinsky TJ, et al.  PDB2PQR: expanding and upgrading automated preparation of biomolecular structures for molecular simulations. Nucleic Acids Res 35 W522-W525 (2007).
2026-09-11 23:53:19,571 INFO:main.py:759:main_driver:Checking and transforming input arguments.
2026-09-11 23:53:19,572 INFO:main.py:763:main_driver:Loading topology files.
2026-09-11 23:53:19,618 INFO:main.py:765:main_driver:Loading molecule: structures/9DGX_clean.pdb
2026-09-11 23:53:19,641 INFO:main.py:770:main_driver:Setting up molecule.
2026-09-11 23:53:19,651 WARNING:biomolecule.py:992:create_residue:Unable to find amino or nucleic acid definition for ZN.  Parsing as new residue.
2026-09-11 23:53:19,652 WARNING:biomolecule.py:992:create_residue:Unable to find amino or nucleic acid definition for CA.  Parsing as new residue.
2026-09-11 23:53:19,654 INFO:main.py:408:setup_molecule:Created biomolecule object with 483 residues and 3529 atoms.
2026-09-11 23:53:19,654 WARNING:main.py:418:setup_molecule:Multiple occupancies found: N in SER A 128.
2026-09-11 23:53:19,654 WARNING:main.py:418:setup_molecule:Multiple occupancies found: CA in SER A 128.
2026-09-11 23:53:19,654 WARNING:main.py:418:setup_molecule:Multiple occupancies found: C in SER A 128.
2026-09-11 23:53:19,654 WARNING:main.py:418:setup_molecule:Multiple occupancies found: O in SER A 128.
2026-09-11 23:53:19,654 WARNING:main.py:418:setup_molecule:Multiple occupancies found: CB in SER A 128.
2026-09-11 23:53:19,655 WARNING:main.py:418:setup_molecule:Multiple occupancies found: OG in SER A 128.
2026-09-11 23:53:19,655 WARNING:main.py:418:setup_molecule:Multiple occupancies found: H in SER A 128.
2026-09-11 23:53:19,655 WARNING:main.py:418:setup_molecule:Multiple occupancies found: HA in SER A 128.
2026-09-11 23:53:19,655 WARNING:main.py:418:setup_molecule:Multiple occupancies found: HB2 in SER A 128.
2026-09-11 23:53:19,655 WARNING:main.py:418:setup_molecule:Multiple occupancies found: HB3 in SER A 128.
2026-09-11 23:53:19,656 WARNING:main.py:418:setup_molecule:Multiple occupancies found: HG in SER A 128.
2026-09-11 23:53:19,656 WARNING:main.py:424:setup_molecule:Multiple occupancies found in SER A 128. At least one of the instances is being ignored.
2026-09-11 23:53:19,656 WARNING:main.py:418:setup_molecule:Multiple occupancies found: H in PHE A 129.
2026-09-11 23:53:19,656 WARNING:main.py:424:setup_molecule:Multiple occupancies found in PHE A 129. At least one of the instances is being ignored.
2026-09-11 23:53:19,656 INFO:main.py:774:main_driver:Setting termini states for biomolecule chains.
2026-09-11 23:53:19,660 INFO:main.py:604:non_trivial:Loading forcefield.
2026-09-11 23:53:19,669 INFO:main.py:608:non_trivial:Loading hydrogen topology definitions.
2026-09-11 23:53:19,673 INFO:main.py:459:is_repairable:This biomolecule is clean.  No repair needed.
2026-09-11 23:53:19,674 INFO:main.py:623:non_trivial:Updating disulfide bridges.
2026-09-11 23:53:19,674 INFO:main.py:626:non_trivial:Debumping biomolecule.
2026-09-11 23:53:19,716 INFO:main.py:649:non_trivial:Adding hydrogens to biomolecule.
2026-09-11 23:53:19,717 INFO:main.py:652:non_trivial:Debumping biomolecule (again).
2026-09-11 23:53:19,759 INFO:main.py:654:non_trivial:Optimizing hydrogen bonds
2026-09-11 23:53:19,904 WARNING:debump.py:354:get_closest_atom:Skipped atom during water optimization: LP1 in HOH A 590 skipped when optimizing H2 in HOH A 404
2026-09-11 23:53:19,905 WARNING:debump.py:354:get_closest_atom:Skipped atom during water optimization: LP1 in HOH A 590 skipped when optimizing H2 in HOH A 404
2026-09-11 23:53:19,906 WARNING:debump.py:354:get_closest_atom:Skipped atom during water optimization: LP1 in HOH A 590 skipped when optimizing H2 in HOH A 404
2026-09-11 23:53:19,906 WARNING:debump.py:354:get_closest_atom:Skipped atom during water optimization: LP1 in HOH A 590 skipped when optimizing H2 in HOH A 404
2026-09-11 23:53:19,909 WARNING:debump.py:354:get_closest_atom:Skipped atom during water optimization: H2 in HOH A 404 skipped when optimizing H1 in HOH A 590
2026-09-11 23:53:19,913 WARNING:debump.py:354:get_closest_atom:Skipped atom during water optimization: H2 in HOH A 404 skipped when optimizing H1 in HOH A 590
2026-09-11 23:53:19,914 WARNING:debump.py:354:get_closest_atom:Skipped atom during water optimization: H2 in HOH A 404 skipped when optimizing H1 in HOH A 590
2026-09-11 23:53:19,915 WARNING:debump.py:354:get_closest_atom:Skipped atom during water optimization: H2 in HOH A 404 skipped when optimizing H1 in HOH A 590
2026-09-11 23:53:19,915 WARNING:debump.py:354:get_closest_atom:Skipped atom during water optimization: H2 in HOH A 404 skipped when optimizing H1 in HOH A 590
2026-09-11 23:53:19,916 WARNING:io.py:40:filter:Suppressing further "Skipped atom during water optimization" messages
2026-09-11 23:53:21,921 INFO:main.py:666:non_trivial:Applying force field to biomolecule states.
2026-09-11 23:53:21,925 INFO:main.py:713:non_trivial:Regenerating headers.
2026-09-11 23:53:21,926 INFO:main.py:738:non_trivial:Regenerating PDB lines.
2026-09-11 23:53:21,940 WARNING:main.py:311:print_pqr:Ignoring 823 header lines in output.
2026-09-11 23:53:21,940 WARNING:main.py:315:print_pqr:Ignoring 2 missing lines in output.
2026-09-12 00:00:56,667 INFO:main.py:240:print_splash_screen:PDB2PQR v3.6.1: biomolecular structure conversion software.
2026-09-12 00:00:56,667 INFO:main.py:242:print_splash_screen:Please cite:  Jurrus E, et al.  Improvements to the APBS biomolecular solvation software suite.  Protein Sci 27 112-128 (2018).
2026-09-12 00:00:56,667 INFO:main.py:242:print_splash_screen:Please cite:  Dolinsky TJ, et al.  PDB2PQR: expanding and upgrading automated preparation of biomolecular structures for molecular simulations. Nucleic Acids Res 35 W522-W525 (2007).
2026-09-12 00:00:56,667 INFO:main.py:759:main_driver:Checking and transforming input arguments.
2026-09-12 00:00:56,669 INFO:main.py:763:main_driver:Loading topology files.
2026-09-12 00:00:56,712 INFO:main.py:765:main_driver:Loading molecule: structures/9DGX_clean.pdb
2026-09-12 00:00:56,733 INFO:main.py:770:main_driver:Setting up molecule.
2026-09-12 00:00:56,743 INFO:main.py:408:setup_molecule:Created biomolecule object with 207 residues and 3253 atoms.
2026-09-12 00:00:56,744 WARNING:main.py:418:setup_molecule:Multiple occupancies found: N in SER A 128.
2026-09-12 00:00:56,744 WARNING:main.py:418:setup_molecule:Multiple occupancies found: CA in SER A 128.
2026-09-12 00:00:56,744 WARNING:main.py:418:setup_molecule:Multiple occupancies found: C in SER A 128.
2026-09-12 00:00:56,744 WARNING:main.py:418:setup_molecule:Multiple occupancies found: O in SER A 128.
2026-09-12 00:00:56,744 WARNING:main.py:418:setup_molecule:Multiple occupancies found: CB in SER A 128.
2026-09-12 00:00:56,745 WARNING:main.py:418:setup_molecule:Multiple occupancies found: OG in SER A 128.
2026-09-12 00:00:56,745 WARNING:main.py:418:setup_molecule:Multiple occupancies found: H in SER A 128.
2026-09-12 00:00:56,745 WARNING:main.py:418:setup_molecule:Multiple occupancies found: HA in SER A 128.
2026-09-12 00:00:56,745 WARNING:main.py:418:setup_molecule:Multiple occupancies found: HB2 in SER A 128.
2026-09-12 00:00:56,745 WARNING:main.py:418:setup_molecule:Multiple occupancies found: HB3 in SER A 128.
2026-09-12 00:00:56,745 WARNING:main.py:418:setup_molecule:Multiple occupancies found: HG in SER A 128.
2026-09-12 00:00:56,745 WARNING:main.py:424:setup_molecule:Multiple occupancies found in SER A 128. At least one of the instances is being ignored.
2026-09-12 00:00:56,745 WARNING:main.py:418:setup_molecule:Multiple occupancies found: H in PHE A 129.
2026-09-12 00:00:56,745 WARNING:main.py:424:setup_molecule:Multiple occupancies found in PHE A 129. At least one of the instances is being ignored.
2026-09-12 00:00:56,745 INFO:main.py:774:main_driver:Setting termini states for biomolecule chains.
2026-09-12 00:00:56,750 INFO:main.py:604:non_trivial:Loading forcefield.
2026-09-12 00:00:56,758 INFO:main.py:608:non_trivial:Loading hydrogen topology definitions.
2026-09-12 00:00:56,761 INFO:main.py:459:is_repairable:This biomolecule is clean.  No repair needed.
2026-09-12 00:00:56,762 INFO:main.py:623:non_trivial:Updating disulfide bridges.
2026-09-12 00:00:56,762 INFO:main.py:626:non_trivial:Debumping biomolecule.
2026-09-12 00:00:56,804 INFO:main.py:649:non_trivial:Adding hydrogens to biomolecule.
2026-09-12 00:00:56,806 INFO:main.py:652:non_trivial:Debumping biomolecule (again).
2026-09-12 00:00:56,845 INFO:main.py:654:non_trivial:Optimizing hydrogen bonds
2026-09-12 00:00:57,122 INFO:main.py:666:non_trivial:Applying force field to biomolecule states.
2026-09-12 00:00:57,125 INFO:main.py:713:non_trivial:Regenerating headers.
2026-09-12 00:00:57,125 INFO:main.py:738:non_trivial:Regenerating PDB lines.
2026-09-12 00:00:57,137 WARNING:main.py:311:print_pqr:Ignoring 391 header lines in output.
2026-09-12 00:06:49,391 INFO:main.py:240:print_splash_screen:PDB2PQR v3.6.1: biomolecular structure conversion software.
2026-09-12 00:06:49,391 INFO:main.py:242:print_splash_screen:Please cite:  Jurrus E, et al.  Improvements to the APBS biomolecular solvation software suite.  Protein Sci 27 112-128 (2018).
2026-09-12 00:06:49,391 INFO:main.py:242:print_splash_screen:Please cite:  Dolinsky TJ, et al.  PDB2PQR: expanding and upgrading automated preparation of biomolecular structures for molecular simulations. Nucleic Acids Res 35 W522-W525 (2007).
2026-09-12 00:06:49,392 INFO:main.py:759:main_driver:Checking and transforming input arguments.
2026-09-12 00:06:49,393 INFO:main.py:763:main_driver:Loading topology files.
2026-09-12 00:06:49,438 INFO:main.py:765:main_driver:Loading molecule: structures/9DGX_clean.pdb
2026-09-12 00:06:49,461 INFO:main.py:770:main_driver:Setting up molecule.
2026-09-12 00:06:49,471 INFO:main.py:408:setup_molecule:Created biomolecule object with 207 residues and 3253 atoms.
2026-09-12 00:06:49,472 WARNING:main.py:418:setup_molecule:Multiple occupancies found: N in SER A 128.
2026-09-12 00:06:49,472 WARNING:main.py:418:setup_molecule:Multiple occupancies found: CA in SER A 128.
2026-09-12 00:06:49,472 WARNING:main.py:418:setup_molecule:Multiple occupancies found: C in SER A 128.
2026-09-12 00:06:49,472 WARNING:main.py:418:setup_molecule:Multiple occupancies found: O in SER A 128.
2026-09-12 00:06:49,472 WARNING:main.py:418:setup_molecule:Multiple occupancies found: CB in SER A 128.
2026-09-12 00:06:49,472 WARNING:main.py:418:setup_molecule:Multiple occupancies found: OG in SER A 128.
2026-09-12 00:06:49,473 WARNING:main.py:418:setup_molecule:Multiple occupancies found: H in SER A 128.
2026-09-12 00:06:49,473 WARNING:main.py:418:setup_molecule:Multiple occupancies found: HA in SER A 128.
2026-09-12 00:06:49,473 WARNING:main.py:418:setup_molecule:Multiple occupancies found: HB2 in SER A 128.
2026-09-12 00:06:49,473 WARNING:main.py:418:setup_molecule:Multiple occupancies found: HB3 in SER A 128.
2026-09-12 00:06:49,473 WARNING:main.py:418:setup_molecule:Multiple occupancies found: HG in SER A 128.
2026-09-12 00:06:49,473 WARNING:main.py:424:setup_molecule:Multiple occupancies found in SER A 128. At least one of the instances is being ignored.
2026-09-12 00:06:49,473 WARNING:main.py:418:setup_molecule:Multiple occupancies found: H in PHE A 129.
2026-09-12 00:06:49,473 WARNING:main.py:424:setup_molecule:Multiple occupancies found in PHE A 129. At least one of the instances is being ignored.
2026-09-12 00:06:49,473 INFO:main.py:774:main_driver:Setting termini states for biomolecule chains.
2026-09-12 00:06:49,479 INFO:main.py:604:non_trivial:Loading forcefield.
2026-09-12 00:06:49,486 INFO:main.py:608:non_trivial:Loading hydrogen topology definitions.
2026-09-12 00:06:49,490 INFO:main.py:459:is_repairable:This biomolecule is clean.  No repair needed.
2026-09-12 00:06:49,490 INFO:main.py:623:non_trivial:Updating disulfide bridges.
2026-09-12 00:06:49,490 INFO:main.py:626:non_trivial:Debumping biomolecule.
2026-09-12 00:06:49,538 INFO:main.py:649:non_trivial:Adding hydrogens to biomolecule.
2026-09-12 00:06:49,539 INFO:main.py:652:non_trivial:Debumping biomolecule (again).
2026-09-12 00:06:49,578 INFO:main.py:654:non_trivial:Optimizing hydrogen bonds
2026-09-12 00:06:49,852 INFO:main.py:666:non_trivial:Applying force field to biomolecule states.
2026-09-12 00:06:49,854 INFO:main.py:713:non_trivial:Regenerating headers.
2026-09-12 00:06:49,854 INFO:main.py:738:non_trivial:Regenerating PDB lines.
2026-09-12 00:06:49,865 WARNING:main.py:311:print_pqr:Ignoring 391 header lines in output.
2026-09-12 00:15:08,545 INFO:main.py:240:print_splash_screen:PDB2PQR v3.6.1: biomolecular structure conversion software.
2026-09-12 00:15:08,545 INFO:main.py:242:print_splash_screen:Please cite:  Jurrus E, et al.  Improvements to the APBS biomolecular solvation software suite.  Protein Sci 27 112-128 (2018).
2026-09-12 00:15:08,545 INFO:main.py:242:print_splash_screen:Please cite:  Dolinsky TJ, et al.  PDB2PQR: expanding and upgrading automated preparation of biomolecular structures for molecular simulations. Nucleic Acids Res 35 W522-W525 (2007).
2026-09-12 00:15:08,546 INFO:main.py:759:main_driver:Checking and transforming input arguments.
2026-09-12 00:15:08,548 INFO:main.py:763:main_driver:Loading topology files.
2026-09-12 00:15:08,593 INFO:main.py:765:main_driver:Loading molecule: structures/9DGX_clean.pdb
2026-09-12 00:15:08,615 INFO:main.py:770:main_driver:Setting up molecule.
2026-09-12 00:15:08,625 INFO:main.py:408:setup_molecule:Created biomolecule object with 207 residues and 3253 atoms.
2026-09-12 00:15:08,625 WARNING:main.py:418:setup_molecule:Multiple occupancies found: N in SER A 128.
2026-09-12 00:15:08,625 WARNING:main.py:418:setup_molecule:Multiple occupancies found: CA in SER A 128.
2026-09-12 00:15:08,625 WARNING:main.py:418:setup_molecule:Multiple occupancies found: C in SER A 128.
2026-09-12 00:15:08,626 WARNING:main.py:418:setup_molecule:Multiple occupancies found: O in SER A 128.
2026-09-12 00:15:08,626 WARNING:main.py:418:setup_molecule:Multiple occupancies found: CB in SER A 128.
2026-09-12 00:15:08,626 WARNING:main.py:418:setup_molecule:Multiple occupancies found: OG in SER A 128.
2026-09-12 00:15:08,626 WARNING:main.py:418:setup_molecule:Multiple occupancies found: H in SER A 128.
2026-09-12 00:15:08,626 WARNING:main.py:418:setup_molecule:Multiple occupancies found: HA in SER A 128.
2026-09-12 00:15:08,626 WARNING:main.py:418:setup_molecule:Multiple occupancies found: HB2 in SER A 128.
2026-09-12 00:15:08,626 WARNING:main.py:418:setup_molecule:Multiple occupancies found: HB3 in SER A 128.
2026-09-12 00:15:08,627 WARNING:main.py:418:setup_molecule:Multiple occupancies found: HG in SER A 128.
2026-09-12 00:15:08,627 WARNING:main.py:424:setup_molecule:Multiple occupancies found in SER A 128. At least one of the instances is being ignored.
2026-09-12 00:15:08,627 WARNING:main.py:418:setup_molecule:Multiple occupancies found: H in PHE A 129.
2026-09-12 00:15:08,627 WARNING:main.py:424:setup_molecule:Multiple occupancies found in PHE A 129. At least one of the instances is being ignored.
2026-09-12 00:15:08,627 INFO:main.py:774:main_driver:Setting termini states for biomolecule chains.
2026-09-12 00:15:08,632 INFO:main.py:604:non_trivial:Loading forcefield.
2026-09-12 00:15:08,642 INFO:main.py:608:non_trivial:Loading hydrogen topology definitions.
2026-09-12 00:15:08,644 INFO:main.py:459:is_repairable:This biomolecule is clean.  No repair needed.
2026-09-12 00:15:08,645 INFO:main.py:623:non_trivial:Updating disulfide bridges.
2026-09-12 00:15:08,645 INFO:main.py:626:non_trivial:Debumping biomolecule.
2026-09-12 00:15:08,687 INFO:main.py:649:non_trivial:Adding hydrogens to biomolecule.
2026-09-12 00:15:08,688 INFO:main.py:652:non_trivial:Debumping biomolecule (again).
2026-09-12 00:15:08,729 INFO:main.py:654:non_trivial:Optimizing hydrogen bonds
2026-09-12 00:15:08,999 INFO:main.py:666:non_trivial:Applying force field to biomolecule states.
2026-09-12 00:15:09,002 INFO:main.py:713:non_trivial:Regenerating headers.
2026-09-12 00:15:09,002 INFO:main.py:738:non_trivial:Regenerating PDB lines.
2026-09-12 00:15:09,014 WARNING:main.py:311:print_pqr:Ignoring 391 header lines in output.
2026-09-12 00:21:29,666 INFO:main.py:240:print_splash_screen:PDB2PQR v3.6.1: biomolecular structure conversion software.
2026-09-12 00:21:29,666 INFO:main.py:242:print_splash_screen:Please cite:  Jurrus E, et al.  Improvements to the APBS biomolecular solvation software suite.  Protein Sci 27 112-128 (2018).
2026-09-12 00:21:29,666 INFO:main.py:242:print_splash_screen:Please cite:  Dolinsky TJ, et al.  PDB2PQR: expanding and upgrading automated preparation of biomolecular structures for molecular simulations. Nucleic Acids Res 35 W522-W525 (2007).
2026-09-12 00:21:29,666 INFO:main.py:759:main_driver:Checking and transforming input arguments.
2026-09-12 00:21:29,667 INFO:main.py:763:main_driver:Loading topology files.
2026-09-12 00:21:29,709 INFO:main.py:765:main_driver:Loading molecule: structures/9DGX_clean.pdb
2026-09-12 00:21:29,730 INFO:main.py:770:main_driver:Setting up molecule.
2026-09-12 00:21:29,740 INFO:main.py:408:setup_molecule:Created biomolecule object with 207 residues and 3253 atoms.
2026-09-12 00:21:29,741 WARNING:main.py:418:setup_molecule:Multiple occupancies found: N in SER A 128.
2026-09-12 00:21:29,741 WARNING:main.py:418:setup_molecule:Multiple occupancies found: CA in SER A 128.
2026-09-12 00:21:29,741 WARNING:main.py:418:setup_molecule:Multiple occupancies found: C in SER A 128.
2026-09-12 00:21:29,741 WARNING:main.py:418:setup_molecule:Multiple occupancies found: O in SER A 128.
2026-09-12 00:21:29,741 WARNING:main.py:418:setup_molecule:Multiple occupancies found: CB in SER A 128.
2026-09-12 00:21:29,741 WARNING:main.py:418:setup_molecule:Multiple occupancies found: OG in SER A 128.
2026-09-12 00:21:29,741 WARNING:main.py:418:setup_molecule:Multiple occupancies found: H in SER A 128.
2026-09-12 00:21:29,742 WARNING:main.py:418:setup_molecule:Multiple occupancies found: HA in SER A 128.
2026-09-12 00:21:29,742 WARNING:main.py:418:setup_molecule:Multiple occupancies found: HB2 in SER A 128.
2026-09-12 00:21:29,742 WARNING:main.py:418:setup_molecule:Multiple occupancies found: HB3 in SER A 128.
2026-09-12 00:21:29,742 WARNING:main.py:418:setup_molecule:Multiple occupancies found: HG in SER A 128.
2026-09-12 00:21:29,742 WARNING:main.py:424:setup_molecule:Multiple occupancies found in SER A 128. At least one of the instances is being ignored.
2026-09-12 00:21:29,742 WARNING:main.py:418:setup_molecule:Multiple occupancies found: H in PHE A 129.
2026-09-12 00:21:29,742 WARNING:main.py:424:setup_molecule:Multiple occupancies found in PHE A 129. At least one of the instances is being ignored.
2026-09-12 00:21:29,742 INFO:main.py:774:main_driver:Setting termini states for biomolecule chains.
2026-09-12 00:21:29,747 INFO:main.py:604:non_trivial:Loading forcefield.
2026-09-12 00:21:29,755 INFO:main.py:608:non_trivial:Loading hydrogen topology definitions.
2026-09-12 00:21:29,758 INFO:main.py:459:is_repairable:This biomolecule is clean.  No repair needed.
2026-09-12 00:21:29,759 INFO:main.py:623:non_trivial:Updating disulfide bridges.
2026-09-12 00:21:29,759 INFO:main.py:626:non_trivial:Debumping biomolecule.
2026-09-12 00:21:29,802 INFO:main.py:649:non_trivial:Adding hydrogens to biomolecule.
2026-09-12 00:21:29,804 INFO:main.py:652:non_trivial:Debumping biomolecule (again).
2026-09-12 00:21:29,844 INFO:main.py:654:non_trivial:Optimizing hydrogen bonds
2026-09-12 00:21:30,114 INFO:main.py:666:non_trivial:Applying force field to biomolecule states.
2026-09-12 00:21:30,117 INFO:main.py:713:non_trivial:Regenerating headers.
2026-09-12 00:21:30,117 INFO:main.py:738:non_trivial:Regenerating PDB lines.
2026-09-12 00:21:30,128 WARNING:main.py:311:print_pqr:Ignoring 391 header lines in output.
2026-09-12 00:27:44,939 INFO:main.py:240:print_splash_screen:PDB2PQR v3.6.1: biomolecular structure conversion software.
2026-09-12 00:27:44,939 INFO:main.py:242:print_splash_screen:Please cite:  Jurrus E, et al.  Improvements to the APBS biomolecular solvation software suite.  Protein Sci 27 112-128 (2018).
2026-09-12 00:27:44,939 INFO:main.py:242:print_splash_screen:Please cite:  Dolinsky TJ, et al.  PDB2PQR: expanding and upgrading automated preparation of biomolecular structures for molecular simulations. Nucleic Acids Res 35 W522-W525 (2007).
2026-09-12 00:27:44,939 INFO:main.py:759:main_driver:Checking and transforming input arguments.
2026-09-12 00:27:44,941 INFO:main.py:763:main_driver:Loading topology files.
2026-09-12 00:27:44,984 INFO:main.py:765:main_driver:Loading molecule: structures/9DGX_clean.pdb
2026-09-12 00:27:45,006 INFO:main.py:770:main_driver:Setting up molecule.
2026-09-12 00:27:45,016 INFO:main.py:408:setup_molecule:Created biomolecule object with 207 residues and 3253 atoms.
2026-09-12 00:27:45,016 WARNING:main.py:418:setup_molecule:Multiple occupancies found: N in SER A 128.
2026-09-12 00:27:45,017 WARNING:main.py:418:setup_molecule:Multiple occupancies found: CA in SER A 128.
2026-09-12 00:27:45,017 WARNING:main.py:418:setup_molecule:Multiple occupancies found: C in SER A 128.
2026-09-12 00:27:45,017 WARNING:main.py:418:setup_molecule:Multiple occupancies found: O in SER A 128.
2026-09-12 00:27:45,017 WARNING:main.py:418:setup_molecule:Multiple occupancies found: CB in SER A 128.
2026-09-12 00:27:45,017 WARNING:main.py:418:setup_molecule:Multiple occupancies found: OG in SER A 128.
2026-09-12 00:27:45,017 WARNING:main.py:418:setup_molecule:Multiple occupancies found: H in SER A 128.
2026-09-12 00:27:45,017 WARNING:main.py:418:setup_molecule:Multiple occupancies found: HA in SER A 128.
2026-09-12 00:27:45,018 WARNING:main.py:418:setup_molecule:Multiple occupancies found: HB2 in SER A 128.
2026-09-12 00:27:45,018 WARNING:main.py:418:setup_molecule:Multiple occupancies found: HB3 in SER A 128.
2026-09-12 00:27:45,018 WARNING:main.py:418:setup_molecule:Multiple occupancies found: HG in SER A 128.
2026-09-12 00:27:45,018 WARNING:main.py:424:setup_molecule:Multiple occupancies found in SER A 128. At least one of the instances is being ignored.
2026-09-12 00:27:45,018 WARNING:main.py:418:setup_molecule:Multiple occupancies found: H in PHE A 129.
2026-09-12 00:27:45,018 WARNING:main.py:424:setup_molecule:Multiple occupancies found in PHE A 129. At least one of the instances is being ignored.
2026-09-12 00:27:45,021 INFO:main.py:774:main_driver:Setting termini states for biomolecule chains.
2026-09-12 00:27:45,030 INFO:main.py:604:non_trivial:Loading forcefield.
2026-09-12 00:27:45,041 INFO:main.py:608:non_trivial:Loading hydrogen topology definitions.
2026-09-12 00:27:45,045 INFO:main.py:459:is_repairable:This biomolecule is clean.  No repair needed.
2026-09-12 00:27:45,045 INFO:main.py:623:non_trivial:Updating disulfide bridges.
2026-09-12 00:27:45,046 INFO:main.py:626:non_trivial:Debumping biomolecule.
2026-09-12 00:27:45,091 INFO:main.py:649:non_trivial:Adding hydrogens to biomolecule.
2026-09-12 00:27:45,093 INFO:main.py:652:non_trivial:Debumping biomolecule (again).
2026-09-12 00:27:45,135 INFO:main.py:654:non_trivial:Optimizing hydrogen bonds
2026-09-12 00:27:45,412 INFO:main.py:666:non_trivial:Applying force field to biomolecule states.
2026-09-12 00:27:45,415 INFO:main.py:713:non_trivial:Regenerating headers.
2026-09-12 00:27:45,415 INFO:main.py:738:non_trivial:Regenerating PDB lines.
2026-09-12 00:27:45,426 WARNING:main.py:311:print_pqr:Ignoring 391 header lines in output.
