2026-09-12 00:24:13,111 INFO:main.py:240:print_splash_screen:PDB2PQR v3.6.1: biomolecular structure conversion software.
2026-09-12 00:24:13,111 INFO:main.py:242:print_splash_screen:Please cite:  Jurrus E, et al.  Improvements to the APBS biomolecular solvation software suite.  Protein Sci 27 112-128 (2018).
2026-09-12 00:24:13,111 INFO:main.py:242:print_splash_screen:Please cite:  Dolinsky TJ, et al.  PDB2PQR: expanding and upgrading automated preparation of biomolecular structures for molecular simulations. Nucleic Acids Res 35 W522-W525 (2007).
2026-09-12 00:24:13,112 INFO:main.py:759:main_driver:Checking and transforming input arguments.
2026-09-12 00:24:13,112 INFO:main.py:763:main_driver:Loading topology files.
2026-09-12 00:24:13,159 INFO:main.py:765:main_driver:Loading molecule: structures/9L5M_clean.pdb
2026-09-12 00:24:13,171 INFO:main.py:770:main_driver:Setting up molecule.
2026-09-12 00:24:13,176 INFO:main.py:408:setup_molecule:Created biomolecule object with 180 residues and 1474 atoms.
2026-09-12 00:24:13,177 INFO:main.py:774:main_driver:Setting termini states for biomolecule chains.
2026-09-12 00:24:13,180 INFO:main.py:604:non_trivial:Loading forcefield.
2026-09-12 00:24:13,191 INFO:main.py:608:non_trivial:Loading hydrogen topology definitions.
2026-09-12 00:24:13,194 INFO:main.py:459:is_repairable:This biomolecule is clean.  No repair needed.
2026-09-12 00:24:13,194 INFO:main.py:623:non_trivial:Updating disulfide bridges.
2026-09-12 00:24:13,194 INFO:main.py:626:non_trivial:Debumping biomolecule.
2026-09-12 00:24:13,219 INFO:main.py:649:non_trivial:Adding hydrogens to biomolecule.
2026-09-12 00:24:13,312 INFO:main.py:652:non_trivial:Debumping biomolecule (again).
2026-09-12 00:24:13,424 INFO:main.py:654:non_trivial:Optimizing hydrogen bonds
2026-09-12 00:24:13,599 INFO:main.py:666:non_trivial:Applying force field to biomolecule states.
2026-09-12 00:24:13,601 INFO:main.py:713:non_trivial:Regenerating headers.
2026-09-12 00:24:13,602 INFO:main.py:738:non_trivial:Regenerating PDB lines.
2026-09-12 00:24:13,611 WARNING:main.py:311:print_pqr:Ignoring 391 header lines in output.
2026-09-12 00:30:29,623 INFO:main.py:240:print_splash_screen:PDB2PQR v3.6.1: biomolecular structure conversion software.
2026-09-12 00:30:29,623 INFO:main.py:242:print_splash_screen:Please cite:  Jurrus E, et al.  Improvements to the APBS biomolecular solvation software suite.  Protein Sci 27 112-128 (2018).
2026-09-12 00:30:29,624 INFO:main.py:242:print_splash_screen:Please cite:  Dolinsky TJ, et al.  PDB2PQR: expanding and upgrading automated preparation of biomolecular structures for molecular simulations. Nucleic Acids Res 35 W522-W525 (2007).
2026-09-12 00:30:29,624 INFO:main.py:759:main_driver:Checking and transforming input arguments.
2026-09-12 00:30:29,625 INFO:main.py:763:main_driver:Loading topology files.
2026-09-12 00:30:29,666 INFO:main.py:765:main_driver:Loading molecule: structures/9L5M_clean.pdb
2026-09-12 00:30:29,681 INFO:main.py:770:main_driver:Setting up molecule.
2026-09-12 00:30:29,686 INFO:main.py:408:setup_molecule:Created biomolecule object with 180 residues and 1474 atoms.
2026-09-12 00:30:29,686 INFO:main.py:774:main_driver:Setting termini states for biomolecule chains.
2026-09-12 00:30:29,690 INFO:main.py:604:non_trivial:Loading forcefield.
2026-09-12 00:30:29,697 INFO:main.py:608:non_trivial:Loading hydrogen topology definitions.
2026-09-12 00:30:29,700 INFO:main.py:459:is_repairable:This biomolecule is clean.  No repair needed.
2026-09-12 00:30:29,700 INFO:main.py:623:non_trivial:Updating disulfide bridges.
2026-09-12 00:30:29,700 INFO:main.py:626:non_trivial:Debumping biomolecule.
2026-09-12 00:30:29,728 INFO:main.py:649:non_trivial:Adding hydrogens to biomolecule.
2026-09-12 00:30:29,824 INFO:main.py:652:non_trivial:Debumping biomolecule (again).
2026-09-12 00:30:29,932 INFO:main.py:654:non_trivial:Optimizing hydrogen bonds
2026-09-12 00:30:30,108 INFO:main.py:666:non_trivial:Applying force field to biomolecule states.
2026-09-12 00:30:30,111 INFO:main.py:713:non_trivial:Regenerating headers.
2026-09-12 00:30:30,111 INFO:main.py:738:non_trivial:Regenerating PDB lines.
2026-09-12 00:30:30,121 WARNING:main.py:311:print_pqr:Ignoring 391 header lines in output.
