2026-09-12 00:35:57,365 INFO:main.py:240:print_splash_screen:PDB2PQR v3.6.1: biomolecular structure conversion software.
2026-09-12 00:35:57,366 INFO:main.py:242:print_splash_screen:Please cite:  Jurrus E, et al.  Improvements to the APBS biomolecular solvation software suite.  Protein Sci 27 112-128 (2018).
2026-09-12 00:35:57,366 INFO:main.py:242:print_splash_screen:Please cite:  Dolinsky TJ, et al.  PDB2PQR: expanding and upgrading automated preparation of biomolecular structures for molecular simulations. Nucleic Acids Res 35 W522-W525 (2007).
2026-09-12 00:35:57,366 INFO:main.py:759:main_driver:Checking and transforming input arguments.
2026-09-12 00:35:57,367 INFO:main.py:763:main_driver:Loading topology files.
2026-09-12 00:35:57,423 INFO:main.py:765:main_driver:Loading molecule: structures/P39578_clean.pdb
2026-09-12 00:35:57,441 INFO:main.py:770:main_driver:Setting up molecule.
2026-09-12 00:35:57,451 INFO:main.py:408:setup_molecule:Created biomolecule object with 392 residues and 3167 atoms.
2026-09-12 00:35:57,452 INFO:main.py:774:main_driver:Setting termini states for biomolecule chains.
2026-09-12 00:35:57,460 INFO:main.py:604:non_trivial:Loading forcefield.
2026-09-12 00:35:57,466 INFO:main.py:608:non_trivial:Loading hydrogen topology definitions.
2026-09-12 00:35:57,471 INFO:main.py:459:is_repairable:This biomolecule is clean.  No repair needed.
2026-09-12 00:35:57,471 INFO:main.py:623:non_trivial:Updating disulfide bridges.
2026-09-12 00:35:57,471 INFO:main.py:626:non_trivial:Debumping biomolecule.
2026-09-12 00:35:57,528 INFO:main.py:649:non_trivial:Adding hydrogens to biomolecule.
2026-09-12 00:35:57,739 INFO:main.py:652:non_trivial:Debumping biomolecule (again).
2026-09-12 00:35:57,980 INFO:main.py:654:non_trivial:Optimizing hydrogen bonds
2026-09-12 00:35:58,383 INFO:main.py:666:non_trivial:Applying force field to biomolecule states.
2026-09-12 00:35:58,387 INFO:main.py:713:non_trivial:Regenerating headers.
2026-09-12 00:35:58,388 INFO:main.py:738:non_trivial:Regenerating PDB lines.
2026-09-12 00:35:58,411 WARNING:main.py:311:print_pqr:Ignoring 391 header lines in output.
